runtime,account_address,tx_round,tx_index,method,likely_native_transfer
