runtime,contract_address,creation_tx,abi_md5
emerald,oasis1qp09pty0mw4ul7qqlev3gy5f6q00qv2z3yxl9gk2,,37f73a0d935e20288628373578da84c2
emerald,oasis1qp2n5crda4ardp34y2hefrzj94hpnwz8mvclc89f,,3fab402c39c3cf4588bd8a5179c3c8bf
emerald,oasis1qp40vf7w2etyhfqaxeq9hx8zngwyfz9s3qj38gw3,,6116322dfe48a0b922335a7ec6d630d7
emerald,oasis1qp8944l2qcg7pj5v47dv9fat83j3vur6fufn69st,,894564ad90a01f4390b999521dbcb78b
emerald,oasis1qp8x3hp8d00skra5pgjp7dvqum29en8vcg8hjvuc,,aba60080aaccbcf09b88d49906befdea
emerald,oasis1qpac768gep2hrnvuy4f4euhmynjgm6wg9uph38a3,,15c47d824aebd80e345231f872a290c1
emerald,oasis1qpal7x2mn0d0jqa7wtyh7wf3klftp6aufcgzjekt,,b67b4aeee9aa7f800d56d05e0008e06e
emerald,oasis1qpdjtgwrh5q4r9vlzkkvryypy6y67muw5sa6r60e,,7a7bc7884b02f7249ecf20a4b03dfd0c
emerald,oasis1qpe2wmc3ejv72veal0eqyjwlhn0d3hgwyuxaw32u,,589ccfb03d2fdd2cf9a44c8a96a494dd
emerald,oasis1qpfgyflwtk6a6f6vyc5zkp9dmnlnfy5kcc3ty6ug,,a69d4300d7ee84a79b99ef1379b82dc8
emerald,oasis1qpgcp5jzlgk4hcenaj2x82rqk8rrve2keyuc8aaf,,6445aff5878851cded521af2474b904b
emerald,oasis1qpmg3a39qzxza53udtrp692smmkca85tyqqtmeel,,398c184f960198da28d6c53a87e354e1
emerald,oasis1qpnglf5wpf0ygwrugvhx4dv9j2zmawkp0ssvmq9x,,62e13ddaa4d82da72a0072495dd333e5
emerald,oasis1qpp2qztm74z9wjskcpja0er2wgp44sntryzzkag8,,f15bcafe906358e49c4cbb2247bca0d9
emerald,oasis1qpssvkplnlpzdvwxpgmrhf9j5lkyvaylcvujhjhg,,35b9209280a809ec8064d0d6d736fb54
emerald,oasis1qpu0nr8sg3uecyl0yusajumnxdjvf7njtymw5neq,,aba60080aaccbcf09b88d49906befdea
emerald,oasis1qpu6mmpr0j0xn64re8vdfdkphcn44jkp45zhkcfr,,fd029f87a39a1743ef37d37a08be2387
emerald,oasis1qpzdjjhnhddd2ry46hnemw0ahanf907xdcg77u6q,,f15bcafe906358e49c4cbb2247bca0d9
emerald,oasis1qq0zfahg9s3majhhdmhey4k32hs0tufzes8axptt,,3973c271618ca4e5aac7743c6d8197c4
emerald,oasis1qq4hp3mfsp2vvfqlt35tn59h4cx08wyd2vlrpxx7,,5b0bf1f49d50097cf842cbdc456e470b
emerald,oasis1qq5wgup84qrap8k9hq9d99zx35rqj0hx9spz9ld0,,36a90464ca126c115de42ce274954e6d
emerald,oasis1qq60pyh8rrrmnpv3q222wp0t7qe4q75pavp682zk,,93be14273840269309380506300c90e1
emerald,oasis1qqa9m9z6gjezll3eqekqnylph70uks88vgrsamex,,aba60080aaccbcf09b88d49906befdea
emerald,oasis1qqae565p2ywwlju3sm58kkvr4cj8pgcz7q8gwh6s,,2004248f1833a82108af623ed021ae56
emerald,oasis1qqaft65h9j07l4salzrdca4a2k5lnzxc8uu8m6tk,,f15bcafe906358e49c4cbb2247bca0d9
emerald,oasis1qqehgt8jfnczmku5hazxkkprw5nqqk4nvunx9zf4,,f15bcafe906358e49c4cbb2247bca0d9
emerald,oasis1qqephzyycck3knlnlalrc0wymqf62hpequgajkac,,0c513b21038324c04bde27321a16bc9e
emerald,oasis1qqfmvrywd8alavrcddyhx520xsa0mku70vf5e0az,,f15bcafe906358e49c4cbb2247bca0d9
emerald,oasis1qqg5uds4zjys9fs8509vh502apa5w2nz0ypy4a64,,c70288bf6be5e8c9cb62444454cc83a5
emerald,oasis1qqjkthcmc78v606vklceh23mzhrylser4c8rs0kr,,6fc0ddfa5f061ab14f52ef630be7f7f5
emerald,oasis1qqkcynmpm5tj9thyfq0fg5k2slvdap9teu02n77d,,9bf4ffba7a8bd1efeeaef57b71e183ad
emerald,oasis1qqkyg72kffgjyxtcdv0qqrg029c0jtrd9ssz9p4m,,08c7610a303ab55ebe5a2fa0dc82b004
emerald,oasis1qqnu9prrj5nddz3ccpnm5vkq92j3cncy5vdasvsm,,4873684c5e22769e0d76327ee3c2de2c
emerald,oasis1qqqr6r25urm0y8dy5nj3sdwghv2q8h05r523cc4a,,448a1263e2f6d68c49a8ba3f0e104821
emerald,oasis1qqrrud0dzcdhxfxcj4nj0ag4ydr7xdxxwqx2epy2,,184e087e271e4b969c501ba3750b24ff
emerald,oasis1qqsrgjv6u9guuccqcx63rljcdrwkarqulym5guyc,,960b5cfd07fb2dcc1acfc49039721915
emerald,oasis1qqty0jevpw3xa20fdaahjnzk69kqlkjz3cfea7cn,,f15bcafe906358e49c4cbb2247bca0d9
emerald,oasis1qqvdrgwdyxufuhffsywqycpt2mqcdfc2h5avfnkw,,f3540e2670cdb0012874003f7b3fbe50
emerald,oasis1qqwxeaw5xe7tnd6ts7nwy73v3dr3p0f6mvqfnsck,,3fa9be7caea1db01508b303e666be463
emerald,oasis1qqx9zmuerx66qvs9349a0mqymx7td3kzzyduya23,,f6da794a5d8183b4ff2435793b9a6a79
emerald,oasis1qqy7pe9gt3xq7gt9w9rzavyaaajs9fhr85j3s6a6,,b286ace5b0fc573e776db7eea933aaad
emerald,oasis1qqz8706pmf38wmptl6dkcaec8yykw0rvfv7ql6fc,,ce9407d06024d82222b4cbe23e3c6b9a
emerald,oasis1qqzcf4auqcxpca0y80dsx8t2lqczjna0eqw6yty7,,df010e4f67aa24a2ba7d5e768fba8667
emerald,oasis1qr5nj02y38f3qzh787ky4tcrpsweectkq5vhqy3r,,aba60080aaccbcf09b88d49906befdea
emerald,oasis1qr5pgfz0jpjs3xragt7u0fxxh7wy9t2ugyzz3v2j,,6fc0ddfa5f061ab14f52ef630be7f7f5
emerald,oasis1qr664s9cnmy0u0wd0ullckqv2fdye2u5ugtx3hwh,,ed5cd6cca865f3b9bc3cb912aed160a7
emerald,oasis1qr6knzrz459jc6903fxz6uyx9r5yjz5g0gz3fp2k,,c7cf4bdfe64b796407d721a4ece3b6b2
emerald,oasis1qr6m9tx0sure4f2y3zptmvfzjsr0s0877qfmytde,,2004248f1833a82108af623ed021ae56
emerald,oasis1qr7rycp7nj30qedpm4yu59zmp664x79kxgm7zqzc,,f9251335958e4b3a8f5d95558eef46f4
emerald,oasis1qr7xy2nyjfpjynsu7h6le2dyn0pk6wqtkct99d8l,,7fba75a78f7fb28eccaf2f99387fdb7c
emerald,oasis1qralv8lscq9uu3fjnr5hy8xn9fnlre2dms6hss9p,,5965adae2f3e0ba654dae67945b0094f
emerald,oasis1qraw2wc4fgwr5mrfztm6ke460d5qmeh70yzw4clj,,ca2e4b91c0ea11a94a938c2e1f3ee912
emerald,oasis1qrf85zhmzhvulsmdl9nl4fmvrr4gua3jdg9489em,,5cc92d9ab662baec6bb2bc5900019e11
emerald,oasis1qrfvtrtpwkul8tyfrwtqs7q396y8wy86v5d87xjr,,83dc8cfefd7171b2f1c61eca147d3c92
emerald,oasis1qrg90d4qlelg5zg4q4sd4y0z8j2lpjpvuspzjlyl,,ea1b4e8f707451248c5ee84f4968091d
emerald,oasis1qrhhdegjnsnkgquvxjerzljxm995d4ww3yg8vceu,,e840698eea88a0ea43181621de3619c5
emerald,oasis1qrkyus7jjluz79pwy22xj3a3dsafsrfp2v6ujq8e,,bc4be7cdc4136df0d776f148bffa91f1
emerald,oasis1qrlrja328fgjz0qq7gyx2fu8mjqvs02edvuc7a32,,589ccfb03d2fdd2cf9a44c8a96a494dd
emerald,oasis1qrlx3qldgwwvcpcmn30hwvu6fw2vjd85sqauhc6l,,894564ad90a01f4390b999521dbcb78b
emerald,oasis1qrncdetcszru0vanfgk2empsy3t3ucm3rcrsvrea,,38bc9bb14aff0f5bce484050b3401018
emerald,oasis1qrr6tjx0tkxe9cnew9gcu6gxjs0dy9spjyrszlf4,,fe3d71f543e79c76c9fd14b469ae8ce7
emerald,oasis1qrxwxmc6x79mfypgvnpjtadq432yeu04us4qkkss,,960b5cfd07fb2dcc1acfc49039721915
emerald,oasis1qz2rynvcmrkwd57v00298uc2vtzgatde3cjpy72f,,f15bcafe906358e49c4cbb2247bca0d9
emerald,oasis1qz3vfhgy3wvf5djhnjlmxf6lpxkmt86lzys8cpwl,,6d19ab45e4d109bfb3aacabf883302f7
emerald,oasis1qz5psjrn94jrsa4k4fkjwjg39uga0mce5cuaj9la,,7a7bc7884b02f7249ecf20a4b03dfd0c
emerald,oasis1qz6uvey3ge99kvj5z8yl4hs635gunehyc54adgk6,,ea1b4e8f707451248c5ee84f4968091d
emerald,oasis1qz6zpqqllhqk0wjz2uqgwfzdan9k38npqqd4l25x,,aba60080aaccbcf09b88d49906befdea
emerald,oasis1qz7dwqren7fh80l9zv7hd0w8x83x6q4nwqcjz4kq,,0496b3be2184ea83d022209667f00905
emerald,oasis1qz94vt04p3f2ghg79y68t2n6xv8qzx5ygc92lu7d,,5cc92d9ab662baec6bb2bc5900019e11
emerald,oasis1qzcf8p8asg8htf2ht58khq3hh8j88sct3qtd4whv,,f15bcafe906358e49c4cbb2247bca0d9
emerald,oasis1qzdqfu06mgwpad0sk7p68ff5j0h9vkssk59tf9jg,,b771ddef30f4ac06f29e11cae998a8ba
emerald,oasis1qzftgnpq09kj3745p4pdvdekgfjz8k24qg006rgf,,672586d52e0b7f8745ca375d6881069c
emerald,oasis1qzga6l8qt7fqj6yycza2yknur45yvzseyy7lqk5w,,1bbfce8db3733e2f0f2ce33de3298c5b
emerald,oasis1qzj2hwfs3yjm20jz5h70yk3etsst0k8s3cnl6l08,,f15bcafe906358e49c4cbb2247bca0d9
emerald,oasis1qzj7kget6mjmuwvx8n3ru0l0xtjxrd8z2sw2a0nu,,dd6f51c9ab553bc10995a46dad78d973
emerald,oasis1qzjjq5zutzc047lzm5yxvnjp348zacxmvckzwqj0,,c78ab33fc0c0047e7c894e14252f8305
emerald,oasis1qzkrq8jrrt96fzxq8j0z88683e4vhf4a5cy3qrc5,,3402c18ed97fdae16f23a6f00f1e1ae6
emerald,oasis1qzmdhwdwfl4ycwckf4dqj4705h7kf4uj0ypz6k2m,,bd90d0504f98aa7ee773a198cefaf3dc
emerald,oasis1qzn4rlatderdcdt02u90daer47wkt79mrygcwc2q,,d3ad937669e01db8cb349c541709167d
emerald,oasis1qzpxtzc3xphccjq94wxffchfc5sua5t24vc6gvt6,,6445aff5878851cded521af2474b904b
emerald,oasis1qzv3xvhvf67g5tpck5fy2mr3pndavnaptypm8vrv,,83a097b551dd28242d25a9836d3c18de
emerald,oasis1qzvvs98fj36nftgu3tdwwq3wrcx7y99t0cpngwrd,,31f08a1ebc85d12804ece728924c376e
emerald,oasis1qzwytggxna94zgqpq7wutcc79f9gdyj5mcu49wtg,,bd61c9b8da1b2ad026662c2e5adbcac1
emerald,oasis1qzxcveap204cg0g962nyrh864nuxpzgmrs2sv9r4,,37f73a0d935e20288628373578da84c2
emerald,oasis1qzxe8q6s3xmqt26dlwf905e8t9szfydgmqa062en,,6fcd54561cd3a5d5db380b21462ac0b6
