address,context_identifier,context_version,address_data
oasis1qpg3hpf3vtuueyl8f8jzgsy8clqqw6qgxgurwfy5,oasis-core/address: staking,0,\x0000000000000000000000000000000000000000000000000000000000000000
