runtime,contract_address,creation_tx,abi_md5
emerald,oasis1qp2n5crda4ardp34y2hefrzj94hpnwz8mvclc89f,,3fab402c39c3cf4588bd8a5179c3c8bf
emerald,oasis1qp2z4pf2hl6r88qyglka3hcnjnw2l56sgq72s3yl,,
emerald,oasis1qp40vf7w2etyhfqaxeq9hx8zngwyfz9s3qj38gw3,,6116322dfe48a0b922335a7ec6d630d7
emerald,oasis1qp6w9twdl90uka6hdyz9d77n4p6h9s2tw52ykgdc,,
emerald,oasis1qpal7x2mn0d0jqa7wtyh7wf3klftp6aufcgzjekt,,b67b4aeee9aa7f800d56d05e0008e06e
emerald,oasis1qpc5cf65jykyxeu9kmnyexftwmxaz07wvypkjny6,,
emerald,oasis1qpdjtgwrh5q4r9vlzkkvryypy6y67muw5sa6r60e,,5fa5276bd46194da193606a06d89982a
emerald,oasis1qpdnr0hsh6nhxw4tn8jdz2l7lnn26aqlgvn8vuqk,,
emerald,oasis1qpgcp5jzlgk4hcenaj2x82rqk8rrve2keyuc8aaf,,6445aff5878851cded521af2474b904b
emerald,oasis1qph3te3wwjdvuk7lftyuyzz69q2259v0lg4nupvk,,
emerald,oasis1qpp2qztm74z9wjskcpja0er2wgp44sntryzzkag8,,f15bcafe906358e49c4cbb2247bca0d9
emerald,oasis1qpssvkplnlpzdvwxpgmrhf9j5lkyvaylcvujhjhg,,35b9209280a809ec8064d0d6d736fb54
emerald,oasis1qpzdjjhnhddd2ry46hnemw0ahanf907xdcg77u6q,,f15bcafe906358e49c4cbb2247bca0d9
emerald,oasis1qq7skvgv97fqerg9atlauuj9fhk7dm6yqcnxtzsq,,
emerald,oasis1qq7t9gxg74r2eruvcwfyckd9a48rcy79hg9mej3g,,
emerald,oasis1qq964up7kc7kvdv5eyg8mmx9ezfd5nlxsce4gsx4,,
emerald,oasis1qqaft65h9j07l4salzrdca4a2k5lnzxc8uu8m6tk,,f15bcafe906358e49c4cbb2247bca0d9
emerald,oasis1qqehgt8jfnczmku5hazxkkprw5nqqk4nvunx9zf4,,f15bcafe906358e49c4cbb2247bca0d9
emerald,oasis1qqfmvrywd8alavrcddyhx520xsa0mku70vf5e0az,,f15bcafe906358e49c4cbb2247bca0d9
emerald,oasis1qqjv74rz8e6v9q6yn7y76zvf0yv5299ejsaxnjqu,,
emerald,oasis1qqkcynmpm5tj9thyfq0fg5k2slvdap9teu02n77d,,9bf4ffba7a8bd1efeeaef57b71e183ad
emerald,oasis1qqktf2lksvculs4xujqfrpfph6guqllydvucy6z8,,
emerald,oasis1qqu63tmeewvh8f4anzjjqt9mpvml326s6y4wk6ly,,
emerald,oasis1qqvdrgwdyxufuhffsywqycpt2mqcdfc2h5avfnkw,,f3540e2670cdb0012874003f7b3fbe50
emerald,oasis1qqxuy9ruhqgrldd28nefukn0qsqzuhl0tq4tsul7,,
emerald,oasis1qqz8706pmf38wmptl6dkcaec8yykw0rvfv7ql6fc,,ce9407d06024d82222b4cbe23e3c6b9a
emerald,oasis1qr6knzrz459jc6903fxz6uyx9r5yjz5g0gz3fp2k,,c7cf4bdfe64b796407d721a4ece3b6b2
emerald,oasis1qralv8lscq9uu3fjnr5hy8xn9fnlre2dms6hss9p,,5965adae2f3e0ba654dae67945b0094f
emerald,oasis1qraw2wc4fgwr5mrfztm6ke460d5qmeh70yzw4clj,,ca2e4b91c0ea11a94a938c2e1f3ee912
emerald,oasis1qrg90d4qlelg5zg4q4sd4y0z8j2lpjpvuspzjlyl,,ea1b4e8f707451248c5ee84f4968091d
emerald,oasis1qrlh3tknupc8mhy2t4dhjvxcksp9w4ef7v4l56lk,,
emerald,oasis1qz29t7nxkwfqgfk36uqqs9pzuzdt8zmrjud5mehx,ddbd6d4af2372b828ae78b1e13ad54ce2c88d58b388775cee61341e8867bb9b4,
emerald,oasis1qz2rynvcmrkwd57v00298uc2vtzgatde3cjpy72f,,f15bcafe906358e49c4cbb2247bca0d9
emerald,oasis1qz5psjrn94jrsa4k4fkjwjg39uga0mce5cuaj9la,,5fa5276bd46194da193606a06d89982a
emerald,oasis1qz6uvey3ge99kvj5z8yl4hs635gunehyc54adgk6,,ea1b4e8f707451248c5ee84f4968091d
emerald,oasis1qzcf8p8asg8htf2ht58khq3hh8j88sct3qtd4whv,,f15bcafe906358e49c4cbb2247bca0d9
emerald,oasis1qzdqfu06mgwpad0sk7p68ff5j0h9vkssk59tf9jg,,b771ddef30f4ac06f29e11cae998a8ba
emerald,oasis1qzfekqu9xc6srvhm2gg7l37qhwjnwdm605txmcfr,,
emerald,oasis1qzj2hwfs3yjm20jz5h70yk3etsst0k8s3cnl6l08,,f15bcafe906358e49c4cbb2247bca0d9
emerald,oasis1qzkrq8jrrt96fzxq8j0z88683e4vhf4a5cy3qrc5,,3402c18ed97fdae16f23a6f00f1e1ae6
emerald,oasis1qzl7w57gags5wlmhhxe22h5tqx7ggw8jfq0ryr93,,
emerald,oasis1qznwr0g3rtzly56a869dlvca5sc7uyj2ju3jp2f9,,
emerald,oasis1qzpxtzc3xphccjq94wxffchfc5sua5t24vc6gvt6,,6445aff5878851cded521af2474b904b
emerald,oasis1qzr3tn5zg0cu4kzd7jar0hx8zeg77xqjavrqst0k,,
emerald,oasis1qzwr3xtmuq0q0rufe54xcl7ajrlghu7fgqlkvvue,,
emerald,oasis1qzy65m52h5pz5z7vmr08n3jr23v7cjn67vvfwjys,,
