runtime,contract_address,gas_used,created_at
emerald,oasis1qp2n5crda4ardp34y2hefrzj94hpnwz8mvclc89f,,
emerald,oasis1qp2z4pf2hl6r88qyglka3hcnjnw2l56sgq72s3yl,3637923,
emerald,oasis1qp40vf7w2etyhfqaxeq9hx8zngwyfz9s3qj38gw3,,
emerald,oasis1qp6w9twdl90uka6hdyz9d77n4p6h9s2tw52ykgdc,1117885,
emerald,oasis1qpal7x2mn0d0jqa7wtyh7wf3klftp6aufcgzjekt,,
emerald,oasis1qpc5cf65jykyxeu9kmnyexftwmxaz07wvypkjny6,193770,
emerald,oasis1qpdjtgwrh5q4r9vlzkkvryypy6y67muw5sa6r60e,,
emerald,oasis1qpdnr0hsh6nhxw4tn8jdz2l7lnn26aqlgvn8vuqk,694876,
emerald,oasis1qpgcp5jzlgk4hcenaj2x82rqk8rrve2keyuc8aaf,138763,
emerald,oasis1qph3te3wwjdvuk7lftyuyzz69q2259v0lg4nupvk,61011,
emerald,oasis1qpp2qztm74z9wjskcpja0er2wgp44sntryzzkag8,,
emerald,oasis1qpssvkplnlpzdvwxpgmrhf9j5lkyvaylcvujhjhg,,
emerald,oasis1qpzdjjhnhddd2ry46hnemw0ahanf907xdcg77u6q,0,
emerald,oasis1qq7skvgv97fqerg9atlauuj9fhk7dm6yqcnxtzsq,444581,
emerald,oasis1qq7t9gxg74r2eruvcwfyckd9a48rcy79hg9mej3g,81126,
emerald,oasis1qq964up7kc7kvdv5eyg8mmx9ezfd5nlxsce4gsx4,24227,
emerald,oasis1qqaft65h9j07l4salzrdca4a2k5lnzxc8uu8m6tk,0,
emerald,oasis1qqehgt8jfnczmku5hazxkkprw5nqqk4nvunx9zf4,0,
emerald,oasis1qqfmvrywd8alavrcddyhx520xsa0mku70vf5e0az,0,
emerald,oasis1qqjv74rz8e6v9q6yn7y76zvf0yv5299ejsaxnjqu,549264,
emerald,oasis1qqkcynmpm5tj9thyfq0fg5k2slvdap9teu02n77d,,
emerald,oasis1qqktf2lksvculs4xujqfrpfph6guqllydvucy6z8,35614,
emerald,oasis1qqu63tmeewvh8f4anzjjqt9mpvml326s6y4wk6ly,157416,
emerald,oasis1qqvdrgwdyxufuhffsywqycpt2mqcdfc2h5avfnkw,,
emerald,oasis1qqxuy9ruhqgrldd28nefukn0qsqzuhl0tq4tsul7,2146258,
emerald,oasis1qqz8706pmf38wmptl6dkcaec8yykw0rvfv7ql6fc,0,
emerald,oasis1qr6knzrz459jc6903fxz6uyx9r5yjz5g0gz3fp2k,,
emerald,oasis1qralv8lscq9uu3fjnr5hy8xn9fnlre2dms6hss9p,,
emerald,oasis1qraw2wc4fgwr5mrfztm6ke460d5qmeh70yzw4clj,,
emerald,oasis1qrg90d4qlelg5zg4q4sd4y0z8j2lpjpvuspzjlyl,,
emerald,oasis1qrlh3tknupc8mhy2t4dhjvxcksp9w4ef7v4l56lk,1425754,
emerald,oasis1qz29t7nxkwfqgfk36uqqs9pzuzdt8zmrjud5mehx,2585119,2023-12-12 08:28:36+00
emerald,oasis1qz2rynvcmrkwd57v00298uc2vtzgatde3cjpy72f,,
emerald,oasis1qz5psjrn94jrsa4k4fkjwjg39uga0mce5cuaj9la,,
emerald,oasis1qz6uvey3ge99kvj5z8yl4hs635gunehyc54adgk6,,
emerald,oasis1qzcf8p8asg8htf2ht58khq3hh8j88sct3qtd4whv,,
emerald,oasis1qzdqfu06mgwpad0sk7p68ff5j0h9vkssk59tf9jg,,
emerald,oasis1qzfekqu9xc6srvhm2gg7l37qhwjnwdm605txmcfr,146228,
emerald,oasis1qzj2hwfs3yjm20jz5h70yk3etsst0k8s3cnl6l08,0,
emerald,oasis1qzkrq8jrrt96fzxq8j0z88683e4vhf4a5cy3qrc5,,
emerald,oasis1qzl7w57gags5wlmhhxe22h5tqx7ggw8jfq0ryr93,464617,
emerald,oasis1qznwr0g3rtzly56a869dlvca5sc7uyj2ju3jp2f9,792769,
emerald,oasis1qzpxtzc3xphccjq94wxffchfc5sua5t24vc6gvt6,0,
emerald,oasis1qzr3tn5zg0cu4kzd7jar0hx8zeg77xqjavrqst0k,471113,
emerald,oasis1qzwr3xtmuq0q0rufe54xcl7ajrlghu7fgqlkvvue,146586,
emerald,oasis1qzy65m52h5pz5z7vmr08n3jr23v7cjn67vvfwjys,781999,
