runtime,contract_address,gas_used,created_at
emerald,oasis1qp09pty0mw4ul7qqlev3gy5f6q00qv2z3yxl9gk2,,
emerald,oasis1qp2hssandc7dekjdr6ygmtzt783k3gn38uupdeys,0,
emerald,oasis1qp2n5crda4ardp34y2hefrzj94hpnwz8mvclc89f,,
emerald,oasis1qp2z4pf2hl6r88qyglka3hcnjnw2l56sgq72s3yl,3637923,
emerald,oasis1qp40vf7w2etyhfqaxeq9hx8zngwyfz9s3qj38gw3,,
emerald,oasis1qp6w9twdl90uka6hdyz9d77n4p6h9s2tw52ykgdc,1117885,
emerald,oasis1qp8944l2qcg7pj5v47dv9fat83j3vur6fufn69st,,
emerald,oasis1qp8x3hp8d00skra5pgjp7dvqum29en8vcg8hjvuc,,
emerald,oasis1qpac768gep2hrnvuy4f4euhmynjgm6wg9uph38a3,,
emerald,oasis1qpal7x2mn0d0jqa7wtyh7wf3klftp6aufcgzjekt,,
emerald,oasis1qpc5cf65jykyxeu9kmnyexftwmxaz07wvypkjny6,193770,
emerald,oasis1qpdjtgwrh5q4r9vlzkkvryypy6y67muw5sa6r60e,,
emerald,oasis1qpdnr0hsh6nhxw4tn8jdz2l7lnn26aqlgvn8vuqk,694876,
emerald,oasis1qpe2wmc3ejv72veal0eqyjwlhn0d3hgwyuxaw32u,,
emerald,oasis1qpfgyflwtk6a6f6vyc5zkp9dmnlnfy5kcc3ty6ug,,
emerald,oasis1qpgcp5jzlgk4hcenaj2x82rqk8rrve2keyuc8aaf,138763,
emerald,oasis1qpgvjkelzwd0yucjqyfpfzalrp3x74se7y922a7s,0,
emerald,oasis1qph3te3wwjdvuk7lftyuyzz69q2259v0lg4nupvk,61011,
emerald,oasis1qpl38f2a8m55ylha8ysdn03ya0mgrftkasmy8wyv,0,
emerald,oasis1qpmg3a39qzxza53udtrp692smmkca85tyqqtmeel,,
emerald,oasis1qpnglf5wpf0ygwrugvhx4dv9j2zmawkp0ssvmq9x,,
emerald,oasis1qpp2qztm74z9wjskcpja0er2wgp44sntryzzkag8,,
emerald,oasis1qpssvkplnlpzdvwxpgmrhf9j5lkyvaylcvujhjhg,,
emerald,oasis1qpu0nr8sg3uecyl0yusajumnxdjvf7njtymw5neq,,
emerald,oasis1qpu6mmpr0j0xn64re8vdfdkphcn44jkp45zhkcfr,,
emerald,oasis1qpuqs65me58n6mt05ezd7cnttx7k57w28v36l4ca,0,
emerald,oasis1qpzdjjhnhddd2ry46hnemw0ahanf907xdcg77u6q,0,
emerald,oasis1qq0zfahg9s3majhhdmhey4k32hs0tufzes8axptt,,
emerald,oasis1qq3q3awrrcl64rzvhxyc6ykjveny7zczkqrm28yp,0,
emerald,oasis1qq4hp3mfsp2vvfqlt35tn59h4cx08wyd2vlrpxx7,,
emerald,oasis1qq5wgup84qrap8k9hq9d99zx35rqj0hx9spz9ld0,,
emerald,oasis1qq60pyh8rrrmnpv3q222wp0t7qe4q75pavp682zk,,
emerald,oasis1qq7skvgv97fqerg9atlauuj9fhk7dm6yqcnxtzsq,444581,
emerald,oasis1qq7t9gxg74r2eruvcwfyckd9a48rcy79hg9mej3g,81126,
emerald,oasis1qq964up7kc7kvdv5eyg8mmx9ezfd5nlxsce4gsx4,24227,
emerald,oasis1qqa9m9z6gjezll3eqekqnylph70uks88vgrsamex,,
emerald,oasis1qqae565p2ywwlju3sm58kkvr4cj8pgcz7q8gwh6s,,
emerald,oasis1qqaft65h9j07l4salzrdca4a2k5lnzxc8uu8m6tk,0,
emerald,oasis1qqehgt8jfnczmku5hazxkkprw5nqqk4nvunx9zf4,0,
emerald,oasis1qqephzyycck3knlnlalrc0wymqf62hpequgajkac,,
emerald,oasis1qqfmvrywd8alavrcddyhx520xsa0mku70vf5e0az,0,
emerald,oasis1qqfrw3fuaejtk7g2f5c95hk9d8tqawpmpuf90062,0,
emerald,oasis1qqg5uds4zjys9fs8509vh502apa5w2nz0ypy4a64,,
emerald,oasis1qqjkthcmc78v606vklceh23mzhrylser4c8rs0kr,,
emerald,oasis1qqjv74rz8e6v9q6yn7y76zvf0yv5299ejsaxnjqu,549264,
emerald,oasis1qqkcynmpm5tj9thyfq0fg5k2slvdap9teu02n77d,,
emerald,oasis1qqktf2lksvculs4xujqfrpfph6guqllydvucy6z8,35614,
emerald,oasis1qqkyg72kffgjyxtcdv0qqrg029c0jtrd9ssz9p4m,,
emerald,oasis1qqnu9prrj5nddz3ccpnm5vkq92j3cncy5vdasvsm,,
emerald,oasis1qqqcryk8qurda9lk62xsz3uylsrgaagfx5j2xve8,0,
emerald,oasis1qqqr6r25urm0y8dy5nj3sdwghv2q8h05r523cc4a,,
emerald,oasis1qqrrud0dzcdhxfxcj4nj0ag4ydr7xdxxwqx2epy2,,
emerald,oasis1qqsrgjv6u9guuccqcx63rljcdrwkarqulym5guyc,,
emerald,oasis1qqty0jevpw3xa20fdaahjnzk69kqlkjz3cfea7cn,,
emerald,oasis1qqu63tmeewvh8f4anzjjqt9mpvml326s6y4wk6ly,157416,
emerald,oasis1qqvdrgwdyxufuhffsywqycpt2mqcdfc2h5avfnkw,,
emerald,oasis1qqwxeaw5xe7tnd6ts7nwy73v3dr3p0f6mvqfnsck,,
emerald,oasis1qqx9zmuerx66qvs9349a0mqymx7td3kzzyduya23,,
emerald,oasis1qqxuy9ruhqgrldd28nefukn0qsqzuhl0tq4tsul7,2146258,
emerald,oasis1qqy7pe9gt3xq7gt9w9rzavyaaajs9fhr85j3s6a6,,
emerald,oasis1qqz8706pmf38wmptl6dkcaec8yykw0rvfv7ql6fc,0,
emerald,oasis1qqzcf4auqcxpca0y80dsx8t2lqczjna0eqw6yty7,,
emerald,oasis1qr5nj02y38f3qzh787ky4tcrpsweectkq5vhqy3r,,
emerald,oasis1qr5pgfz0jpjs3xragt7u0fxxh7wy9t2ugyzz3v2j,,
emerald,oasis1qr664s9cnmy0u0wd0ullckqv2fdye2u5ugtx3hwh,,
emerald,oasis1qr6knzrz459jc6903fxz6uyx9r5yjz5g0gz3fp2k,,
emerald,oasis1qr6m9tx0sure4f2y3zptmvfzjsr0s0877qfmytde,,
emerald,oasis1qr7rycp7nj30qedpm4yu59zmp664x79kxgm7zqzc,,
emerald,oasis1qr7xy2nyjfpjynsu7h6le2dyn0pk6wqtkct99d8l,,
emerald,oasis1qralv8lscq9uu3fjnr5hy8xn9fnlre2dms6hss9p,,
emerald,oasis1qraw2wc4fgwr5mrfztm6ke460d5qmeh70yzw4clj,,
emerald,oasis1qrf85zhmzhvulsmdl9nl4fmvrr4gua3jdg9489em,,
emerald,oasis1qrfvtrtpwkul8tyfrwtqs7q396y8wy86v5d87xjr,,
emerald,oasis1qrg90d4qlelg5zg4q4sd4y0z8j2lpjpvuspzjlyl,,
emerald,oasis1qrhhdegjnsnkgquvxjerzljxm995d4ww3yg8vceu,,
emerald,oasis1qrkyus7jjluz79pwy22xj3a3dsafsrfp2v6ujq8e,,
emerald,oasis1qrlh3tknupc8mhy2t4dhjvxcksp9w4ef7v4l56lk,1425754,
emerald,oasis1qrlrja328fgjz0qq7gyx2fu8mjqvs02edvuc7a32,,
emerald,oasis1qrlx3qldgwwvcpcmn30hwvu6fw2vjd85sqauhc6l,,
emerald,oasis1qrncdetcszru0vanfgk2empsy3t3ucm3rcrsvrea,,
emerald,oasis1qrr6tjx0tkxe9cnew9gcu6gxjs0dy9spjyrszlf4,,
emerald,oasis1qrsl7tgujttvscfe2k268s7q2s7kdu9tyv9qv2tx,0,
emerald,oasis1qrxwxmc6x79mfypgvnpjtadq432yeu04us4qkkss,,
emerald,oasis1qz2570ua8yrdl6ra3mmdlztynkhz9yccuukywywr,0,
emerald,oasis1qz29t7nxkwfqgfk36uqqs9pzuzdt8zmrjud5mehx,2585119,2023-12-12 08:28:36+00
emerald,oasis1qz2rynvcmrkwd57v00298uc2vtzgatde3cjpy72f,,
emerald,oasis1qz3vfhgy3wvf5djhnjlmxf6lpxkmt86lzys8cpwl,,
emerald,oasis1qz4lrurp6nacf4tdnay3lnhytg5rcqng9qdejvp5,0,
emerald,oasis1qz5psjrn94jrsa4k4fkjwjg39uga0mce5cuaj9la,,
emerald,oasis1qz6uvey3ge99kvj5z8yl4hs635gunehyc54adgk6,,
emerald,oasis1qz6zpqqllhqk0wjz2uqgwfzdan9k38npqqd4l25x,,
emerald,oasis1qz7dwqren7fh80l9zv7hd0w8x83x6q4nwqcjz4kq,,
emerald,oasis1qz8xeseyx7tjqzx7v65ftrurc5md5nyr8va0v6zl,0,
emerald,oasis1qz94vt04p3f2ghg79y68t2n6xv8qzx5ygc92lu7d,,
emerald,oasis1qz9sdyycylsudurrz2pj35k2klmass390uj7ec6t,0,
emerald,oasis1qzcf8p8asg8htf2ht58khq3hh8j88sct3qtd4whv,,
emerald,oasis1qzdqfu06mgwpad0sk7p68ff5j0h9vkssk59tf9jg,,
emerald,oasis1qzel2watfs6g3cm765dwlukymjs5k3rnhvua4z78,0,
emerald,oasis1qzfekqu9xc6srvhm2gg7l37qhwjnwdm605txmcfr,146228,
emerald,oasis1qzftgnpq09kj3745p4pdvdekgfjz8k24qg006rgf,,
emerald,oasis1qzga6l8qt7fqj6yycza2yknur45yvzseyy7lqk5w,,
emerald,oasis1qzj2hwfs3yjm20jz5h70yk3etsst0k8s3cnl6l08,0,
emerald,oasis1qzj7kget6mjmuwvx8n3ru0l0xtjxrd8z2sw2a0nu,,
emerald,oasis1qzjjq5zutzc047lzm5yxvnjp348zacxmvckzwqj0,,
emerald,oasis1qzkrq8jrrt96fzxq8j0z88683e4vhf4a5cy3qrc5,,
emerald,oasis1qzl7w57gags5wlmhhxe22h5tqx7ggw8jfq0ryr93,464617,
emerald,oasis1qzmdhwdwfl4ycwckf4dqj4705h7kf4uj0ypz6k2m,,
emerald,oasis1qzn4rlatderdcdt02u90daer47wkt79mrygcwc2q,,
emerald,oasis1qzn8n6z368lrvvwmnfqa0xz25nxscgvg65395s8r,0,
emerald,oasis1qznwr0g3rtzly56a869dlvca5sc7uyj2ju3jp2f9,792769,
emerald,oasis1qzpxtzc3xphccjq94wxffchfc5sua5t24vc6gvt6,0,
emerald,oasis1qzr3tn5zg0cu4kzd7jar0hx8zeg77xqjavrqst0k,471113,
emerald,oasis1qzv3xvhvf67g5tpck5fy2mr3pndavnaptypm8vrv,,
emerald,oasis1qzvvs98fj36nftgu3tdwwq3wrcx7y99t0cpngwrd,,
emerald,oasis1qzwr3xtmuq0q0rufe54xcl7ajrlghu7fgqlkvvue,146586,
emerald,oasis1qzwytggxna94zgqpq7wutcc79f9gdyj5mcu49wtg,,
emerald,oasis1qzxcveap204cg0g962nyrh864nuxpzgmrs2sv9r4,,
emerald,oasis1qzxe8q6s3xmqt26dlwf905e8t9szfydgmqa062en,,
emerald,oasis1qzxx6htc6cceayd492mqt6lqc8l3eda29cnscx67,0,
emerald,oasis1qzy65m52h5pz5z7vmr08n3jr23v7cjn67vvfwjys,781999,
