runtime,token_address,token_type,token_name,symbol,decimals,total_supply,num_transfers
sapphire,oasis1qzaxvc4sfdcw2mv27tsdmq7gqp6rrkjux55j09fh,20,fsklj,ewjk,18,198372000000000000000000,20
