debond_end,delegator,delegatee,shares
44118,oasis1qqvrmlwvwgeunae9qkvz3lswfxqcfpc6dghjxrzk,oasis1qqv25adrld8jjquzxzg769689lgf9jxvwgjs8tha,10999999999
44146,oasis1qqas3nlnlryud07uxv0kx7l5l2fmx9ftxcx5hdc3,oasis1qqv25adrld8jjquzxzg769689lgf9jxvwgjs8tha,250000707499
44167,oasis1qpt9vuuhsw5xc4pecq03yd33ew9gvwa7mchf06fm,oasis1qqv25adrld8jjquzxzg769689lgf9jxvwgjs8tha,110000622600
44236,oasis1qqjad3x8rmngdu5ks2crtn6e0jtsxa324vnj6jy3,oasis1qz2tg4hsatlxfaf8yut9gxgv8990ujaz4sldgmzx,1072100368233
44418,oasis1qpgn5n43xgy6xqvsmvcuyltl3k3nhk83hc6s89ys,oasis1qqv25adrld8jjquzxzg769689lgf9jxvwgjs8tha,9999999999
