runtime,token_address,account_address,balance
sapphire,oasis1qqck6mclg2ly7wmmjr69rwl2dtpyjn6gpgtv5glw,oasis1qqakf3tjfjchg2nqkllvjg8q8pmwypxhz50v6g55,71872000
sapphire,oasis1qqck6mclg2ly7wmmjr69rwl2dtpyjn6gpgtv5glw,oasis1qqgzmlkzqy0f0pde2xz05hp9ue0ush55k5eufjav,9930000000
