id,entity_id,roles,expiration,voting_power
0o1VjNd9+RsdlNFOsyfMiVA1geRgoUazihlUf71cmPA=,sKJ7WWqPBgo7Qg03SLb/lgO7J67BybQiFXn1cwMSFjU=,"compute,validator",42724,868641974582
19xuS0JUuqBOe7Wh6hR+onQLrslcwKydX0SBRI61OCs=,L/xlgKf4Tx1XZogRBnuBmFS52NFoccW6QjMA8VS7g1g=,validator,42724,119759737179
1j8b3wY0OQZwFyIxCGBU0rBcGsIldCwUpLoV3DLfWLo=,ZsNztlDFWfIDfVE4Er1SXo8VcDrG3KD/mK3z8kKzb5Y=,key-manager,42724,0
1QvlgViRfYigIia4S9II9ayi7qgYgb0QfutwW68MD9k=,nt9VYeY++mGIwmjM9wYfnF7lqTqoxNof8MsIkECtLpE=,validator,42724,73722328624
2KBFuNAGYMA8vlINnVcn4y7VnISXee2wFwZ5kX3Lrh0=,RKCvE04I/BWb7VC6tzAetR3cLSlmPOrshElcoFLCjnk=,validator,42724,99299143751
4qxcmcjyxeoIK/7DwW1lpDUAiNhSXnN2vtGXw0RbUbA=,up3pu+6hBgyNe4d9HkJrOfci1cefAjQo+6xgdoP5/P4=,compute,42724,0
4w4pKumigKKB4zkXuAwYwsHYrvTmejwSt1gJZD7gDYA=,miw7iHpBxDxyu09LsDFnm5PUl79jdSfS6qUFeTNy8sk=,observer,42724,0
5MsgQwijUlpH9+0Hbyors5jwmx7tTmKMA4c9leV3prI=,hp8sjG2cJPncrEYWZKqisUNiMYzUC/QomhrJwoLQVjc=,observer,42724,0
5oBzHLSyK+PW5EvK8ATBZIERt/F28X1Yd7VQvVElbMc=,MPabWzBdNWnUZZouxRtNyGcI965/BxtsELt/YKMog1k=,key-manager,42724,0
5/zALbdUouCI+6NjaQHZlVchoQXSGGZJCw6hRQ5n2hg=,h+Tz+tBZ2yjUaDQm8GjnT358tVp0nh3jH+WguJIC2jM=,validator,42724,27594867843
66llxk7O5vldCnNZwB5onmA8ESE6BKwnBn4AyvKVo8Y=,ZxJyyH+JPdGNfjy+ZPq+GpFY0fAJKm9VFXZIPwMcKm4=,"compute,validator",42724,148512087216
6dg1s2SmNz+6fAmIrKva7j2ibhv53A3EWphUgbGcDQ8=,miw7iHpBxDxyu09LsDFnm5PUl79jdSfS6qUFeTNy8sk=,compute,42724,0
9jknlKuluu8XtUkMndHRNLz1/cwT+H6bRQRhkBXTEEE=,ZxJyyH+JPdGNfjy+ZPq+GpFY0fAJKm9VFXZIPwMcKm4=,"compute,validator",42724,0
AgHGkjZfyatPlllJ1r5AAHzn60dctyQDtBMNUFxi95g=,ikw5YO+2rCdJqnh8yHnskLh+rylyPYimdc4VjLS27dc=,observer,42724,0
ah1rrSxcLQVxhYjrV5RvuAr/565hl1A16CuU6QUN36A=,ZdA1Wc50Pe3eWSUcmiznyOwApRTSHg3xFgjSHuv1Zjo=,"compute,validator",42724,70871575834
AHg1O++gkzo8vVMGSepmaawOpXjRt4seXvP1CsgyRyE=,LdXnvlA76SrAv9r/I5G5+aI+2HJ72MoBw33mC7NOYQM=,observer,42724,0
aYoEa7VljqFlFQcq/PpqAYleLoLyrfvlMxFz/pjri2E=,eAktV5Y92L53zBVNuS+pVXjlwZ35BbGLjSXgS/niLzM=,"compute,validator",42724,273280512559
B0dgKadilU7SLNZSp7VJhd+0Czx34y4AKzTHu5PxDE4=,IRvPVE480/nTZf6WqEaxVhkPxstagLuG8WVO8O8izBg=,compute,42724,0
BEcj10gSGUnJULd08jWfbYaMMrqT2rCnxCVrvJdgdiQ=,inmsch9/EgTH/b3HLp9icW/q2W+FpWXuZh9HUgDf6zk=,validator,42724,27028990910
bqtlktIqZZ4WhyXRt/tUXXYi+RHp4GPKIwQl3DTbIlE=,pGujp9V7L3yrEwv2HiA2bkimjxDPXF/Gbp4HeFlU3nc=,validator,42724,12532126264
c2qPQEFl0BlNF8yf7cfFzFp+SxmN2QP3FkObg1C4A6o=,/RupFkoz/Hep2Xm1eqtzwuLw+hS2AQNiKVgqQwnMalE=,validator,42724,364999892075
CyrOLnGiIiRvK7pZvsvC8T+6k5rukUk69KGhyKvtqKE=,eDSVqk3OC1t5/HzTcdLJH0nZ4FVCv1ikXrY0JMbYgco=,validator,42724,692139612173765
dMd9p7hDsW2N2XVQv7SpUcDb38v0JFr8tpt4KnZCok8=,i8peRo2Ueh6QohfYCyOEkBRSSU1oyVCES/29HZJbLOc=,validator,42724,56843852516
dpzgWPgoI4uw7gUhm9dMn8c8YMfo6Q9LSS3VW884EcE=,miw7iHpBxDxyu09LsDFnm5PUl79jdSfS6qUFeTNy8sk=,compute,42724,0
dzZpad7Z4nu8dAAYZ4royoIz9hLiCRmcpf1SBL69SPc=,4eM2SdjntkGGH0DqhloG8HJsPNSoEeYHFACuOV+9qbc=,key-manager,42724,0
E8OvEx3hFSwsyy/Jp+b9+BJzhIomMKTCwlqwL1k/IcA=,LXXBwwqBgwP3Jd3qCAWDpDBYmeMvX0mtmCsCUveGKuk=,"compute,validator",42724,707019897335
eET++NezGa0L5z10PZIEUuHC6CCme8sYBl5jmrGMDGs=,ikw5YO+2rCdJqnh8yHnskLh+rylyPYimdc4VjLS27dc=,compute,42724,0
euNFSHLWlM7xjlCjrHvv0PbRoXXEXFBcv3VY9v1Cn/o=,EHvOdqDElP5ozbICSKy3UOXQlcsvqZr+9rQvAJHcf9k=,validator,42724,66237806847
f36sCZrHqawxRvNw7mvqB5wtlLiRlatrIxxCEpWOHtQ=,IRvPVE480/nTZf6WqEaxVhkPxstagLuG8WVO8O8izBg=,compute,42724,0
F4vqUpTAA3szrQ6z6ncSC4aOZi+uVKsXUY0wa/OoLRQ=,t3jFBQQFkoVajtoje2EHB9oYiHYpoiaARtI2sag3+vU=,"compute,validator",42724,364996587751
FRDt7HikODUMb7XZ4TeTjEIZgkYbLExhJ/hCQGdtI5A=,oLM78jZoGtkkx/0zN4CLGbucWCreI/N5JbIHP5UJO9k=,"compute,validator",42724,78912307143
G1Kblls0XRIQVSv8frwJFDQ0q8yMvU2tfHI1prce7Mc=,Y1FLFDa4o7JbRnjHc53AwvHzUEEShwEicxREwaKkPks=,compute,42724,0
gHyKaO3FiKoXBdHJhW0W7gUNpnBKfU2BVF6Orbpf654=,gt0rEmymGmpy8TzOT+AkhAtfSnpGNgA75/aApY6eDvY=,observer,42724,0
h9JKUeWTUBlsBP7sDFm+ctJCwAkISTtG+s83ZIN3BSQ=,gt0rEmymGmpy8TzOT+AkhAtfSnpGNgA75/aApY6eDvY=,observer,42724,0
HbBKODFuj2SrTGbAS8NPl92fxGXaRkJ3sN8HL24Bhs0=,w6CRKZwLkbdd9xkEV2Xmqr06S3FkII17zePPxK8w7q0=,key-manager,42724,0
H/FTU3qHRhiQi/GZnlF3Qg49LH87YMyDBpEYXT9YjNc=,np5ghSwh8QmA2CwtvgtbQ2p+BDspieZ5u9gu6pczHuo=,compute,42724,0
HIF+c4XBDQRRUX1CqKpCDrh4r2NwdtaaKcqg6Cw0itw=,28aMPjNWp+uKage0NlFpb3W7T/en7HRZfLk4xcZqD0U=,compute,42724,0
HlqSevNJIbu3i8mcJZc0lpv2UAPMs2LIGSFuGiMH/g0=,ZxJyyH+JPdGNfjy+ZPq+GpFY0fAJKm9VFXZIPwMcKm4=,compute,42724,0
hP0T5k3DpxZJuLRT/GmYN0zrLPP60VfdSsh78KSBNWo=,I0yNtT5dHiXtane1K9AqTkrm8YeLvEuW2FWKbRxmNOU=,key-manager,42724,0
HPEez+owdGFLZLjoswmGt2AqHoYCbB2i+fw1J7VLZbM=,ucBShpGap3zSeKqkAo5XRcfeOZrvQYAK37CKUHrCK9A=,compute,42724,0
ICZlz9Hdv09L6ILYYg/UNytlh3nL6QFdteUwsi3WoKw=,7C3hcBmlqELviUrYCTRsl0vY8GdwF5cC5ymBPVH8WSU=,"compute,validator",42724,779324706027
Ir8XIf0x3jBkbtM8cfO9eKlR62waBGVk+ZUPLkmEJDw=,oLM78jZoGtkkx/0zN4CLGbucWCreI/N5JbIHP5UJO9k=,validator,42724,0
JHGbSZTb8FVKhdkC4snf3luJzRToE0of5u5X6DBsbRk=,W4mvWjUL27JnIbC3iQOlrKdpsIVFoQ8RDpt6wv1mocw=,validator,42724,694699726338
J+J+kGZyYH15XNjBiwys30J51Ulz3jleAX45eT2O9Xs=,W/Fj1JlO2hAgVSohQZZ3OQDb39Yf9O/jXxcOeW5E6AQ=,"compute,validator",42724,694549345565
jSmz9cGlgECDtq7uaowbczR6T42ojkfJlcPRcBgy5Do=,Y1FLFDa4o7JbRnjHc53AwvHzUEEShwEicxREwaKkPks=,validator,42724,64325994677
K8u2VwWtWxlrGRIUgCArazWuD42ESnVe35WEj5LdfEI=,L/xlgKf4Tx1XZogRBnuBmFS52NFoccW6QjMA8VS7g1g=,compute,42724,0
kr7djFarOecxaQp0taGP75WvTuRd/Q33OQPA3kkL5pQ=,WfLM2tJM1E586dI7myztwIEUQ2mFBoQa4lIbMNfDo+A=,compute,42724,0
l9nupfwrBQHQ0sPikMy7bj36R4a1f0AFyqy23xzAaxo=,IRvPVE480/nTZf6WqEaxVhkPxstagLuG8WVO8O8izBg=,compute,42724,0
L9YIwdL70MUuvt1BQzUSZHdmhxGahgvKvIgLe9GpqJQ=,pERaTagl7a57dXiVI3ZzoQbWskX3YmUHppeqcPdCVY8=,"compute,validator",42724,635143455200
LAdHWnCkjFR5NUkFHVpfGuKFfZW1Cqjzu6wTFY6v2JI=,dXBtIJ1+LMkIaydaSUS3quh4bHFgjf8kSJd6n666lk8=,validator,42724,129987279069
LgnvnrCligwJGOiElOFOrJittdr///2M+IIqTPPSLUw=,W51yg1gYW3yRwgnGYyGFGPW6YF/cnVoJYfALZNhWdhk=,"compute,validator",42724,70855581265
L/Io3tnbH0CJD1ylWU9X2NF778atRrT1iPAO2Dcvkyk=,28aMPjNWp+uKage0NlFpb3W7T/en7HRZfLk4xcZqD0U=,validator,42724,2841334569725
lv2D97DKWdDYpFDAgzY3vhwfFLYbIn7NCVi9ODV6L5U=,EHvOdqDElP5ozbICSKy3UOXQlcsvqZr+9rQvAJHcf9k=,compute,42724,0
mBrWwLWsG9LWk8glyAkotOJsb/RCEUJcTcM3aweHrZs=,gt0rEmymGmpy8TzOT+AkhAtfSnpGNgA75/aApY6eDvY=,observer,42724,0
mdf+jj0hU+FXmeO2EenTVCUpPP7dXBeWQepunOpid7I=,Efqu3z0lip+aDXkJUZqL9KfqpUIrgvISgGOdE/3OITw=,"compute,validator",42724,366344905652
MKLqUvrPHvJLlyv5Uzo6N+MWLyPRrQx0XzLoJzPqa24=,gt0rEmymGmpy8TzOT+AkhAtfSnpGNgA75/aApY6eDvY=,observer,42724,0
mkztIQhPvSLXdQMFFukeVoIAsjKog/S4Dpe2kcM+tW0=,gt0rEmymGmpy8TzOT+AkhAtfSnpGNgA75/aApY6eDvY=,observer,42724,0
mPh6uv1VskJliShmPOiRFA0FpitSW7FmtB6qBypGhOY=,EHvOdqDElP5ozbICSKy3UOXQlcsvqZr+9rQvAJHcf9k=,compute,42724,0
MtlqQbkSdh58WY7XfBRUhDwmpHE0+85JvngsXdCN8XE=,dyB+VjBP2/rkIL8/7E4cymsTvC2pW5lkxawGzEP2IMw=,validator,42724,27026829710
n5aCAzTaO2wISxz5v894TNF/TKWvxkHl1d85LF0Rpjk=,LMByxWPjHKNOPuF5p0nigt7qf2P5VWA9OdnGYV6gJt0=,"compute,validator",42724,714153265103
ngXg2JspNeXqKyXRhYcUL6Mx6HpaKnKeQ5rj42h8fg8=,LdXnvlA76SrAv9r/I5G5+aI+2HJ72MoBw33mC7NOYQM=,observer,42724,0
nywtP9kLCGd6zH27TktTbbmDWDTEhaieHdt/P00aBYk=,np5ghSwh8QmA2CwtvgtbQ2p+BDspieZ5u9gu6pczHuo=,compute,42724,0
NZq1ZMYNs2tnNgBhFQGTPrwitXH3l1IZKQZT4W/Ikj4=,nt9VYeY++mGIwmjM9wYfnF7lqTqoxNof8MsIkECtLpE=,compute,42724,0
oE//lJ9fXBp3ATqW3tp0fzK2xX78h9xPIeqyXaS56Bg=,WfLM2tJM1E586dI7myztwIEUQ2mFBoQa4lIbMNfDo+A=,compute,42724,0
P53f2lcSRSjD9YrZwjBDNTNMXfxQCHdLvNJV69ba8po=,IRvPVE480/nTZf6WqEaxVhkPxstagLuG8WVO8O8izBg=,validator,42724,616082717276
pa1gY4l/3UDGT6nuuHeVkLH29c5zCCpUvUFJf44V3SU=,/RupFkoz/Hep2Xm1eqtzwuLw+hS2AQNiKVgqQwnMalE=,compute,42724,0
pKnaFhOUFAkmoGDUtTvPSPg+aAEP745OI0bm7xH8Ub0=,Y1FLFDa4o7JbRnjHc53AwvHzUEEShwEicxREwaKkPks=,compute,42724,0
/PmZuiGM3h6NvxTY0YK870QZm5zvKslQZfqBSOtORNE=,EHvOdqDElP5ozbICSKy3UOXQlcsvqZr+9rQvAJHcf9k=,compute,42724,0
PWvP5SxWFTCI7KHDSN9AOUC8ETRn/7E7g+gajWafaSA=,RKCvE04I/BWb7VC6tzAetR3cLSlmPOrshElcoFLCjnk=,key-manager,42724,0
qpct4pwc1zP9/isO269PEc6vg0subv0JkcMhU8E17nc=,gt0rEmymGmpy8TzOT+AkhAtfSnpGNgA75/aApY6eDvY=,observer,42724,0
qQEtJm4Dyd3k02BFU9V8n6kNnCPAzTvcbxWiPM3t7Xw=,ekP4j+817Qhh3/DruBXVv/8ypI2CAnK1LAfuVxNazNc=,validator,42724,715823125602683
Rdlj/PX0V36oKTFSBkI+kTz+8f3L6mM6m0z49wCsh58=,+fzk/Pi4DBmPhCzs8Gsw+jrbv9Z6HMfIdohb/hqWe7g=,"compute,validator",42724,231374473642
rnSRWmGL4gLVNxttdTENYq7tK7fUO4RbcbffhwA9RTc=,GTbgEeC4Cvm4pwFRKDx5PZgOQDrCzPCnPswyFqjKHSU=,compute,42724,0
rTEXHnZtQ3l3FDI358D64wuvM3/Ny9Vh3aTnAR7bAEU=,ZxJyyH+JPdGNfjy+ZPq+GpFY0fAJKm9VFXZIPwMcKm4=,compute,42724,0
sfb1fengAKzbL4r7ACEj5LUVowt3y2yKFh+kksuPbqM=,/WtQZM18TNzYdWRlLn4SW7Orn/dK3O5iuLXqBsIiaws=,validator,42724,696328426352882
SrquUAn5mw9M/C0Tjn2FJ+BRXM/RmrNTAqNYKgJ8FbE=,WBgzYbX1ks0zB33f92JcBXdb5kVam7Sx1G7uepugqBI=,validator,42724,74722455210
sT6fxXRvZshmPbVtGC/fReABP8x3s5aaVSa7TOG7bQM=,w+RegHqNnDGjEHukprzt4CZGr24ZJ8NY7scX7yuK2R4=,"compute,validator",42724,828543521674
TByeQkUgmxS4eKuILdcKzfUA/nW5NPhhAa/667YeO/4=,gt0rEmymGmpy8TzOT+AkhAtfSnpGNgA75/aApY6eDvY=,observer,42724,0
tk9KEZqpP/HJWehwS5x8aydwe91oiB98veL6ICDxa7c=,Y1FLFDa4o7JbRnjHc53AwvHzUEEShwEicxREwaKkPks=,compute,42724,0
tSvOPEigLqT+PAqJ4i7eZpABqPfGN2GA6Z4xyeFPCqA=,QgG1hFl4On84uVIrd++d3HxwoirdopH6oRmpltAIxxQ=,"compute,validator",42724,501754593253
ttIvtMrzMVscbzxgTCCsBjHtQjE0ae90aAr7KqbzJgQ=,WfLM2tJM1E586dI7myztwIEUQ2mFBoQa4lIbMNfDo+A=,validator,42724,84001640825
U9YynOXRxwvhEvEGFZ7i3AG6TSHC0rzU6tnRVUdTqOg=,4eM2SdjntkGGH0DqhloG8HJsPNSoEeYHFACuOV+9qbc=,compute,42724,0
uxW+Gm+0qbDPPXiATgc9vcE3S+VRWBTOmndzY/wtIZo=,ogu6Urem5rHBc0BiGYM9nFnohXXARFfYkDyV9liDMBI=,validator,42724,752189002951
VBYooujASgKN6KS1uslvgk30cLhytgQbDap9c8aB8mk=,1vx76faX+ARwAY4sEoEaC9oMgZ/BFWfij17SrSS2iQ0=,validator,42724,705778085368412
v/IjgQcadD3ymDxGoiyGmBO90yyzRDot2KSsoO28b4g=,dyh4HqSlTabRSgqUHmcUOUt2bmcjCkmTDL3IAZV9ZCc=,validator,42724,71887909836
vIKHf6sYLaSSsyodujRuTaxYCnZgSLVwQe0aNIfZXBM=,DhPSRnSvIPARuTR7C+TDH3rCtV9kf0Kamkgomp8WE1k=,compute,42724,0
vjflU1zgoGIpc9+q1NVDb+1TiIIAMzq82WIjloHUSyA=,W4mvWjUL27JnIbC3iQOlrKdpsIVFoQ8RDpt6wv1mocw=,compute,42724,0
VmlN+Aixr6MO+mboep8UnXgvGZV4nCWCVRM1Kv5ANZg=,RW2hcivngIbsj8LJtjnCs7X0067+h3JoJn8C0mEOhEY=,key-manager,42724,0
VNO+bMrpq5mGywLnrzzl9pbltiHXOO8eLkMUqZG3HBs=,4eM2SdjntkGGH0DqhloG8HJsPNSoEeYHFACuOV+9qbc=,compute,42724,0
W8MJ526JvimLezitm/u8+HTcU/UJr0mZxJTWdltaytI=,/RupFkoz/Hep2Xm1eqtzwuLw+hS2AQNiKVgqQwnMalE=,compute,42724,0
WFlgly9/afoYkKO4BWXPswhKIX1hbYJ6lBXQyy/B/Uc=,np5ghSwh8QmA2CwtvgtbQ2p+BDspieZ5u9gu6pczHuo=,validator,42724,83664645599
WQM8PnylOvUxMxWQWQL0v7fqdyxiytpC8SdEoLQPJzQ=,dyh4HqSlTabRSgqUHmcUOUt2bmcjCkmTDL3IAZV9ZCc=,compute,42724,0
x1oMlcCvsb/Hksxj8Tyad1ExPn1lG4/M9OzAI1e3G8c=,LdXnvlA76SrAv9r/I5G5+aI+2HJ72MoBw33mC7NOYQM=,observer,42724,0
X4sRhlTn0PGWqcr9OJFUD10/x0r483j0nGClS/zgff0=,ucBShpGap3zSeKqkAo5XRcfeOZrvQYAK37CKUHrCK9A=,"compute,validator",42724,2430649527051
xGBKAFU7hfDp3g+xYzkpFAjS16jn2xkmypP/6Pg8mWQ=,4eM2SdjntkGGH0DqhloG8HJsPNSoEeYHFACuOV+9qbc=,key-manager,42724,0
XiVmE94EfPdjY6r3zgGk4ljt8+UU2KJDUvQculKlLuA=,M7wjTcHmYYrxw4SC983AUPlGsKXEbwWzxnxcKXAC1aA=,observer,42724,0
xk58fx5ys6CSO33ngMQkgOL5UUHSgOSt0QbqWGGuEF8=,dXBtIJ1+LMkIaydaSUS3quh4bHFgjf8kSJd6n666lk8=,compute,42724,0
Yc5He7kbZD7fvFHEinhD28EKIXKOJFXk1PiTPOtEE3U=,/VHWRrFzXXWAH+tH/DR55Vehchhe4YPPmXh+6IXj3jE=,validator,42724,41159128049
yTGHujKfk9gEXcW/M2I8sr7O0M2yHJ7HBqcHWl+ITlk=,h+8UuA74MU55qKDosnQ+mcPkMEbAFfqXnpGBjZQur0Q=,"compute,validator",42724,60060960011
ZCwYtRfS1d+C2qh8fJjxMT9sGDmC/Hqjn+1Yv+yKBoY=,RKCvE04I/BWb7VC6tzAetR3cLSlmPOrshElcoFLCjnk=,compute,42724,0
