id,start_height,end_height,sorted_validators
42718,25640954,25641080,"{1vx76faX+ARwAY4sEoEaC9oMgZ/BFWfij17SrSS2iQ0=,28aMPjNWp+uKage0NlFpb3W7T/en7HRZfLk4xcZqD0U=,7C3hcBmlqELviUrYCTRsl0vY8GdwF5cC5ymBPVH8WSU=,dXBtIJ1+LMkIaydaSUS3quh4bHFgjf8kSJd6n666lk8=,dyB+VjBP2/rkIL8/7E4cymsTvC2pW5lkxawGzEP2IMw=,dyh4HqSlTabRSgqUHmcUOUt2bmcjCkmTDL3IAZV9ZCc=,eAktV5Y92L53zBVNuS+pVXjlwZ35BbGLjSXgS/niLzM=,eDSVqk3OC1t5/HzTcdLJH0nZ4FVCv1ikXrY0JMbYgco=,Efqu3z0lip+aDXkJUZqL9KfqpUIrgvISgGOdE/3OITw=,EHvOdqDElP5ozbICSKy3UOXQlcsvqZr+9rQvAJHcf9k=,ekP4j+817Qhh3/DruBXVv/8ypI2CAnK1LAfuVxNazNc=,+fzk/Pi4DBmPhCzs8Gsw+jrbv9Z6HMfIdohb/hqWe7g=,h+8UuA74MU55qKDosnQ+mcPkMEbAFfqXnpGBjZQur0Q=,h+Tz+tBZ2yjUaDQm8GjnT358tVp0nh3jH+WguJIC2jM=,i8peRo2Ueh6QohfYCyOEkBRSSU1oyVCES/29HZJbLOc=,inmsch9/EgTH/b3HLp9icW/q2W+FpWXuZh9HUgDf6zk=,IRvPVE480/nTZf6WqEaxVhkPxstagLuG8WVO8O8izBg=,LMByxWPjHKNOPuF5p0nigt7qf2P5VWA9OdnGYV6gJt0=,L/xlgKf4Tx1XZogRBnuBmFS52NFoccW6QjMA8VS7g1g=,LXXBwwqBgwP3Jd3qCAWDpDBYmeMvX0mtmCsCUveGKuk=,np5ghSwh8QmA2CwtvgtbQ2p+BDspieZ5u9gu6pczHuo=,nt9VYeY++mGIwmjM9wYfnF7lqTqoxNof8MsIkECtLpE=,ogu6Urem5rHBc0BiGYM9nFnohXXARFfYkDyV9liDMBI=,oLM78jZoGtkkx/0zN4CLGbucWCreI/N5JbIHP5UJO9k=,pERaTagl7a57dXiVI3ZzoQbWskX3YmUHppeqcPdCVY8=,pGujp9V7L3yrEwv2HiA2bkimjxDPXF/Gbp4HeFlU3nc=,QgG1hFl4On84uVIrd++d3HxwoirdopH6oRmpltAIxxQ=,RKCvE04I/BWb7VC6tzAetR3cLSlmPOrshElcoFLCjnk=,/RupFkoz/Hep2Xm1eqtzwuLw+hS2AQNiKVgqQwnMalE=,sKJ7WWqPBgo7Qg03SLb/lgO7J67BybQiFXn1cwMSFjU=,t3jFBQQFkoVajtoje2EHB9oYiHYpoiaARtI2sag3+vU=,ucBShpGap3zSeKqkAo5XRcfeOZrvQYAK37CKUHrCK9A=,/VHWRrFzXXWAH+tH/DR55Vehchhe4YPPmXh+6IXj3jE=,W4mvWjUL27JnIbC3iQOlrKdpsIVFoQ8RDpt6wv1mocw=,W51yg1gYW3yRwgnGYyGFGPW6YF/cnVoJYfALZNhWdhk=,WBgzYbX1ks0zB33f92JcBXdb5kVam7Sx1G7uepugqBI=,W/Fj1JlO2hAgVSohQZZ3OQDb39Yf9O/jXxcOeW5E6AQ=,WfLM2tJM1E586dI7myztwIEUQ2mFBoQa4lIbMNfDo+A=,w+RegHqNnDGjEHukprzt4CZGr24ZJ8NY7scX7yuK2R4=,/WtQZM18TNzYdWRlLn4SW7Orn/dK3O5iuLXqBsIiaws=,Y1FLFDa4o7JbRnjHc53AwvHzUEEShwEicxREwaKkPks=,ZdA1Wc50Pe3eWSUcmiznyOwApRTSHg3xFgjSHuv1Zjo=,ZxJyyH+JPdGNfjy+ZPq+GpFY0fAJKm9VFXZIPwMcKm4=}"
42719,25641081,25641680,"{1vx76faX+ARwAY4sEoEaC9oMgZ/BFWfij17SrSS2iQ0=,28aMPjNWp+uKage0NlFpb3W7T/en7HRZfLk4xcZqD0U=,7C3hcBmlqELviUrYCTRsl0vY8GdwF5cC5ymBPVH8WSU=,dXBtIJ1+LMkIaydaSUS3quh4bHFgjf8kSJd6n666lk8=,dyB+VjBP2/rkIL8/7E4cymsTvC2pW5lkxawGzEP2IMw=,dyh4HqSlTabRSgqUHmcUOUt2bmcjCkmTDL3IAZV9ZCc=,eAktV5Y92L53zBVNuS+pVXjlwZ35BbGLjSXgS/niLzM=,eDSVqk3OC1t5/HzTcdLJH0nZ4FVCv1ikXrY0JMbYgco=,Efqu3z0lip+aDXkJUZqL9KfqpUIrgvISgGOdE/3OITw=,EHvOdqDElP5ozbICSKy3UOXQlcsvqZr+9rQvAJHcf9k=,ekP4j+817Qhh3/DruBXVv/8ypI2CAnK1LAfuVxNazNc=,+fzk/Pi4DBmPhCzs8Gsw+jrbv9Z6HMfIdohb/hqWe7g=,h+8UuA74MU55qKDosnQ+mcPkMEbAFfqXnpGBjZQur0Q=,h+Tz+tBZ2yjUaDQm8GjnT358tVp0nh3jH+WguJIC2jM=,i8peRo2Ueh6QohfYCyOEkBRSSU1oyVCES/29HZJbLOc=,inmsch9/EgTH/b3HLp9icW/q2W+FpWXuZh9HUgDf6zk=,IRvPVE480/nTZf6WqEaxVhkPxstagLuG8WVO8O8izBg=,LMByxWPjHKNOPuF5p0nigt7qf2P5VWA9OdnGYV6gJt0=,L/xlgKf4Tx1XZogRBnuBmFS52NFoccW6QjMA8VS7g1g=,LXXBwwqBgwP3Jd3qCAWDpDBYmeMvX0mtmCsCUveGKuk=,np5ghSwh8QmA2CwtvgtbQ2p+BDspieZ5u9gu6pczHuo=,nt9VYeY++mGIwmjM9wYfnF7lqTqoxNof8MsIkECtLpE=,ogu6Urem5rHBc0BiGYM9nFnohXXARFfYkDyV9liDMBI=,oLM78jZoGtkkx/0zN4CLGbucWCreI/N5JbIHP5UJO9k=,pERaTagl7a57dXiVI3ZzoQbWskX3YmUHppeqcPdCVY8=,pGujp9V7L3yrEwv2HiA2bkimjxDPXF/Gbp4HeFlU3nc=,QgG1hFl4On84uVIrd++d3HxwoirdopH6oRmpltAIxxQ=,RKCvE04I/BWb7VC6tzAetR3cLSlmPOrshElcoFLCjnk=,/RupFkoz/Hep2Xm1eqtzwuLw+hS2AQNiKVgqQwnMalE=,sKJ7WWqPBgo7Qg03SLb/lgO7J67BybQiFXn1cwMSFjU=,t3jFBQQFkoVajtoje2EHB9oYiHYpoiaARtI2sag3+vU=,ucBShpGap3zSeKqkAo5XRcfeOZrvQYAK37CKUHrCK9A=,/VHWRrFzXXWAH+tH/DR55Vehchhe4YPPmXh+6IXj3jE=,W4mvWjUL27JnIbC3iQOlrKdpsIVFoQ8RDpt6wv1mocw=,W51yg1gYW3yRwgnGYyGFGPW6YF/cnVoJYfALZNhWdhk=,WBgzYbX1ks0zB33f92JcBXdb5kVam7Sx1G7uepugqBI=,W/Fj1JlO2hAgVSohQZZ3OQDb39Yf9O/jXxcOeW5E6AQ=,WfLM2tJM1E586dI7myztwIEUQ2mFBoQa4lIbMNfDo+A=,w+RegHqNnDGjEHukprzt4CZGr24ZJ8NY7scX7yuK2R4=,/WtQZM18TNzYdWRlLn4SW7Orn/dK3O5iuLXqBsIiaws=,Y1FLFDa4o7JbRnjHc53AwvHzUEEShwEicxREwaKkPks=,ZdA1Wc50Pe3eWSUcmiznyOwApRTSHg3xFgjSHuv1Zjo=,ZxJyyH+JPdGNfjy+ZPq+GpFY0fAJKm9VFXZIPwMcKm4=}"
42720,25641681,25642280,"{1vx76faX+ARwAY4sEoEaC9oMgZ/BFWfij17SrSS2iQ0=,28aMPjNWp+uKage0NlFpb3W7T/en7HRZfLk4xcZqD0U=,7C3hcBmlqELviUrYCTRsl0vY8GdwF5cC5ymBPVH8WSU=,dXBtIJ1+LMkIaydaSUS3quh4bHFgjf8kSJd6n666lk8=,dyB+VjBP2/rkIL8/7E4cymsTvC2pW5lkxawGzEP2IMw=,dyh4HqSlTabRSgqUHmcUOUt2bmcjCkmTDL3IAZV9ZCc=,eAktV5Y92L53zBVNuS+pVXjlwZ35BbGLjSXgS/niLzM=,eDSVqk3OC1t5/HzTcdLJH0nZ4FVCv1ikXrY0JMbYgco=,Efqu3z0lip+aDXkJUZqL9KfqpUIrgvISgGOdE/3OITw=,EHvOdqDElP5ozbICSKy3UOXQlcsvqZr+9rQvAJHcf9k=,ekP4j+817Qhh3/DruBXVv/8ypI2CAnK1LAfuVxNazNc=,+fzk/Pi4DBmPhCzs8Gsw+jrbv9Z6HMfIdohb/hqWe7g=,h+8UuA74MU55qKDosnQ+mcPkMEbAFfqXnpGBjZQur0Q=,h+Tz+tBZ2yjUaDQm8GjnT358tVp0nh3jH+WguJIC2jM=,i8peRo2Ueh6QohfYCyOEkBRSSU1oyVCES/29HZJbLOc=,inmsch9/EgTH/b3HLp9icW/q2W+FpWXuZh9HUgDf6zk=,IRvPVE480/nTZf6WqEaxVhkPxstagLuG8WVO8O8izBg=,LMByxWPjHKNOPuF5p0nigt7qf2P5VWA9OdnGYV6gJt0=,L/xlgKf4Tx1XZogRBnuBmFS52NFoccW6QjMA8VS7g1g=,LXXBwwqBgwP3Jd3qCAWDpDBYmeMvX0mtmCsCUveGKuk=,np5ghSwh8QmA2CwtvgtbQ2p+BDspieZ5u9gu6pczHuo=,nt9VYeY++mGIwmjM9wYfnF7lqTqoxNof8MsIkECtLpE=,ogu6Urem5rHBc0BiGYM9nFnohXXARFfYkDyV9liDMBI=,oLM78jZoGtkkx/0zN4CLGbucWCreI/N5JbIHP5UJO9k=,pERaTagl7a57dXiVI3ZzoQbWskX3YmUHppeqcPdCVY8=,pGujp9V7L3yrEwv2HiA2bkimjxDPXF/Gbp4HeFlU3nc=,QgG1hFl4On84uVIrd++d3HxwoirdopH6oRmpltAIxxQ=,RKCvE04I/BWb7VC6tzAetR3cLSlmPOrshElcoFLCjnk=,/RupFkoz/Hep2Xm1eqtzwuLw+hS2AQNiKVgqQwnMalE=,sKJ7WWqPBgo7Qg03SLb/lgO7J67BybQiFXn1cwMSFjU=,t3jFBQQFkoVajtoje2EHB9oYiHYpoiaARtI2sag3+vU=,ucBShpGap3zSeKqkAo5XRcfeOZrvQYAK37CKUHrCK9A=,/VHWRrFzXXWAH+tH/DR55Vehchhe4YPPmXh+6IXj3jE=,W4mvWjUL27JnIbC3iQOlrKdpsIVFoQ8RDpt6wv1mocw=,W51yg1gYW3yRwgnGYyGFGPW6YF/cnVoJYfALZNhWdhk=,WBgzYbX1ks0zB33f92JcBXdb5kVam7Sx1G7uepugqBI=,W/Fj1JlO2hAgVSohQZZ3OQDb39Yf9O/jXxcOeW5E6AQ=,WfLM2tJM1E586dI7myztwIEUQ2mFBoQa4lIbMNfDo+A=,w+RegHqNnDGjEHukprzt4CZGr24ZJ8NY7scX7yuK2R4=,/WtQZM18TNzYdWRlLn4SW7Orn/dK3O5iuLXqBsIiaws=,Y1FLFDa4o7JbRnjHc53AwvHzUEEShwEicxREwaKkPks=,ZdA1Wc50Pe3eWSUcmiznyOwApRTSHg3xFgjSHuv1Zjo=,ZxJyyH+JPdGNfjy+ZPq+GpFY0fAJKm9VFXZIPwMcKm4=}"
42721,25642281,25642880,"{1vx76faX+ARwAY4sEoEaC9oMgZ/BFWfij17SrSS2iQ0=,28aMPjNWp+uKage0NlFpb3W7T/en7HRZfLk4xcZqD0U=,7C3hcBmlqELviUrYCTRsl0vY8GdwF5cC5ymBPVH8WSU=,dXBtIJ1+LMkIaydaSUS3quh4bHFgjf8kSJd6n666lk8=,dyB+VjBP2/rkIL8/7E4cymsTvC2pW5lkxawGzEP2IMw=,dyh4HqSlTabRSgqUHmcUOUt2bmcjCkmTDL3IAZV9ZCc=,eAktV5Y92L53zBVNuS+pVXjlwZ35BbGLjSXgS/niLzM=,eDSVqk3OC1t5/HzTcdLJH0nZ4FVCv1ikXrY0JMbYgco=,Efqu3z0lip+aDXkJUZqL9KfqpUIrgvISgGOdE/3OITw=,EHvOdqDElP5ozbICSKy3UOXQlcsvqZr+9rQvAJHcf9k=,ekP4j+817Qhh3/DruBXVv/8ypI2CAnK1LAfuVxNazNc=,+fzk/Pi4DBmPhCzs8Gsw+jrbv9Z6HMfIdohb/hqWe7g=,h+8UuA74MU55qKDosnQ+mcPkMEbAFfqXnpGBjZQur0Q=,h+Tz+tBZ2yjUaDQm8GjnT358tVp0nh3jH+WguJIC2jM=,i8peRo2Ueh6QohfYCyOEkBRSSU1oyVCES/29HZJbLOc=,inmsch9/EgTH/b3HLp9icW/q2W+FpWXuZh9HUgDf6zk=,IRvPVE480/nTZf6WqEaxVhkPxstagLuG8WVO8O8izBg=,LMByxWPjHKNOPuF5p0nigt7qf2P5VWA9OdnGYV6gJt0=,L/xlgKf4Tx1XZogRBnuBmFS52NFoccW6QjMA8VS7g1g=,LXXBwwqBgwP3Jd3qCAWDpDBYmeMvX0mtmCsCUveGKuk=,np5ghSwh8QmA2CwtvgtbQ2p+BDspieZ5u9gu6pczHuo=,nt9VYeY++mGIwmjM9wYfnF7lqTqoxNof8MsIkECtLpE=,ogu6Urem5rHBc0BiGYM9nFnohXXARFfYkDyV9liDMBI=,oLM78jZoGtkkx/0zN4CLGbucWCreI/N5JbIHP5UJO9k=,pERaTagl7a57dXiVI3ZzoQbWskX3YmUHppeqcPdCVY8=,pGujp9V7L3yrEwv2HiA2bkimjxDPXF/Gbp4HeFlU3nc=,QgG1hFl4On84uVIrd++d3HxwoirdopH6oRmpltAIxxQ=,RKCvE04I/BWb7VC6tzAetR3cLSlmPOrshElcoFLCjnk=,/RupFkoz/Hep2Xm1eqtzwuLw+hS2AQNiKVgqQwnMalE=,sKJ7WWqPBgo7Qg03SLb/lgO7J67BybQiFXn1cwMSFjU=,t3jFBQQFkoVajtoje2EHB9oYiHYpoiaARtI2sag3+vU=,ucBShpGap3zSeKqkAo5XRcfeOZrvQYAK37CKUHrCK9A=,/VHWRrFzXXWAH+tH/DR55Vehchhe4YPPmXh+6IXj3jE=,W4mvWjUL27JnIbC3iQOlrKdpsIVFoQ8RDpt6wv1mocw=,W51yg1gYW3yRwgnGYyGFGPW6YF/cnVoJYfALZNhWdhk=,WBgzYbX1ks0zB33f92JcBXdb5kVam7Sx1G7uepugqBI=,W/Fj1JlO2hAgVSohQZZ3OQDb39Yf9O/jXxcOeW5E6AQ=,WfLM2tJM1E586dI7myztwIEUQ2mFBoQa4lIbMNfDo+A=,w+RegHqNnDGjEHukprzt4CZGr24ZJ8NY7scX7yuK2R4=,/WtQZM18TNzYdWRlLn4SW7Orn/dK3O5iuLXqBsIiaws=,Y1FLFDa4o7JbRnjHc53AwvHzUEEShwEicxREwaKkPks=,ZdA1Wc50Pe3eWSUcmiznyOwApRTSHg3xFgjSHuv1Zjo=,ZxJyyH+JPdGNfjy+ZPq+GpFY0fAJKm9VFXZIPwMcKm4=}"
42722,25642881,25642954,"{1vx76faX+ARwAY4sEoEaC9oMgZ/BFWfij17SrSS2iQ0=,28aMPjNWp+uKage0NlFpb3W7T/en7HRZfLk4xcZqD0U=,7C3hcBmlqELviUrYCTRsl0vY8GdwF5cC5ymBPVH8WSU=,dXBtIJ1+LMkIaydaSUS3quh4bHFgjf8kSJd6n666lk8=,dyB+VjBP2/rkIL8/7E4cymsTvC2pW5lkxawGzEP2IMw=,dyh4HqSlTabRSgqUHmcUOUt2bmcjCkmTDL3IAZV9ZCc=,eAktV5Y92L53zBVNuS+pVXjlwZ35BbGLjSXgS/niLzM=,eDSVqk3OC1t5/HzTcdLJH0nZ4FVCv1ikXrY0JMbYgco=,Efqu3z0lip+aDXkJUZqL9KfqpUIrgvISgGOdE/3OITw=,EHvOdqDElP5ozbICSKy3UOXQlcsvqZr+9rQvAJHcf9k=,ekP4j+817Qhh3/DruBXVv/8ypI2CAnK1LAfuVxNazNc=,+fzk/Pi4DBmPhCzs8Gsw+jrbv9Z6HMfIdohb/hqWe7g=,h+8UuA74MU55qKDosnQ+mcPkMEbAFfqXnpGBjZQur0Q=,h+Tz+tBZ2yjUaDQm8GjnT358tVp0nh3jH+WguJIC2jM=,i8peRo2Ueh6QohfYCyOEkBRSSU1oyVCES/29HZJbLOc=,inmsch9/EgTH/b3HLp9icW/q2W+FpWXuZh9HUgDf6zk=,IRvPVE480/nTZf6WqEaxVhkPxstagLuG8WVO8O8izBg=,LMByxWPjHKNOPuF5p0nigt7qf2P5VWA9OdnGYV6gJt0=,L/xlgKf4Tx1XZogRBnuBmFS52NFoccW6QjMA8VS7g1g=,LXXBwwqBgwP3Jd3qCAWDpDBYmeMvX0mtmCsCUveGKuk=,np5ghSwh8QmA2CwtvgtbQ2p+BDspieZ5u9gu6pczHuo=,nt9VYeY++mGIwmjM9wYfnF7lqTqoxNof8MsIkECtLpE=,ogu6Urem5rHBc0BiGYM9nFnohXXARFfYkDyV9liDMBI=,oLM78jZoGtkkx/0zN4CLGbucWCreI/N5JbIHP5UJO9k=,pERaTagl7a57dXiVI3ZzoQbWskX3YmUHppeqcPdCVY8=,pGujp9V7L3yrEwv2HiA2bkimjxDPXF/Gbp4HeFlU3nc=,QgG1hFl4On84uVIrd++d3HxwoirdopH6oRmpltAIxxQ=,RKCvE04I/BWb7VC6tzAetR3cLSlmPOrshElcoFLCjnk=,/RupFkoz/Hep2Xm1eqtzwuLw+hS2AQNiKVgqQwnMalE=,sKJ7WWqPBgo7Qg03SLb/lgO7J67BybQiFXn1cwMSFjU=,t3jFBQQFkoVajtoje2EHB9oYiHYpoiaARtI2sag3+vU=,ucBShpGap3zSeKqkAo5XRcfeOZrvQYAK37CKUHrCK9A=,/VHWRrFzXXWAH+tH/DR55Vehchhe4YPPmXh+6IXj3jE=,W4mvWjUL27JnIbC3iQOlrKdpsIVFoQ8RDpt6wv1mocw=,W51yg1gYW3yRwgnGYyGFGPW6YF/cnVoJYfALZNhWdhk=,WBgzYbX1ks0zB33f92JcBXdb5kVam7Sx1G7uepugqBI=,W/Fj1JlO2hAgVSohQZZ3OQDb39Yf9O/jXxcOeW5E6AQ=,WfLM2tJM1E586dI7myztwIEUQ2mFBoQa4lIbMNfDo+A=,w+RegHqNnDGjEHukprzt4CZGr24ZJ8NY7scX7yuK2R4=,/WtQZM18TNzYdWRlLn4SW7Orn/dK3O5iuLXqBsIiaws=,Y1FLFDa4o7JbRnjHc53AwvHzUEEShwEicxREwaKkPks=,ZdA1Wc50Pe3eWSUcmiznyOwApRTSHg3xFgjSHuv1Zjo=,ZxJyyH+JPdGNfjy+ZPq+GpFY0fAJKm9VFXZIPwMcKm4=}"
