runtime_id,node_id,roles
000000000000000000000000000000000000000000000000e199119c992377cb,2F2mqhBc1fGV6oYl1k21Uni0f2cNwYhOZvg1Sc6B5Uk=,compute
000000000000000000000000000000000000000000000000e199119c992377cb,3/CHjlzJ/fP+Nq5yXWTZ8RoVlItiYQJtAwTDL7JrkXI=,observer
000000000000000000000000000000000000000000000000e199119c992377cb,3xfB8/d2CMHM1OFmd6/QUCSjUW9tBVZG5MTUJDv7ACs=,observer
000000000000000000000000000000000000000000000000e199119c992377cb,4wqhqp5wDAfvQxNZUUSDmM2fVYrkxKq/tqjnnCe72Uw=,compute
000000000000000000000000000000000000000000000000e199119c992377cb,5KIv4/zhPGYQIY3YCmjQjGbZ6TVShxEgGzU++43P+t4=,compute
000000000000000000000000000000000000000000000000e199119c992377cb,6ioksdd5uKtlNnPmCpu1NYohfamlb/QHiD8EhMuTbfw=,compute
000000000000000000000000000000000000000000000000e199119c992377cb,7Rz1yAFZcAD06OOTZxx5LLDg2L5+1Me4304xZB8cgxU=,compute
000000000000000000000000000000000000000000000000e199119c992377cb,7Yk+/tVoAkF/QOyOJKFX5ZmKYdmJlgllAf/jjp5ecBA=,compute
000000000000000000000000000000000000000000000000e199119c992377cb,82isbQ3iZxvzgBGhk9kqOuyO87h6VXkXma8dDdBkHCM=,compute
000000000000000000000000000000000000000000000000e199119c992377cb,86y1tHzH9GlxvS0Bneh5l2AUDXYO6VMrzx75JvJViNE=,compute
000000000000000000000000000000000000000000000000e199119c992377cb,A3wbeisBb4XH7hgFVLOT9UwznNatn/aG4bomfpwXMos=,observer
000000000000000000000000000000000000000000000000e199119c992377cb,a/BCcmjawMU5EHQk+mGSb1GMFpU4YCze3IyOziEWihY=,compute
000000000000000000000000000000000000000000000000e199119c992377cb,aJFHeID4Q7qUfMa42dRwaa9PQrZ/cVDiE3WNt4bQjo0=,"compute,validator"
000000000000000000000000000000000000000000000000e199119c992377cb,bKvnByvx8qwF41EqOG6wdmatGzz/qT2nbHC8i8VM65k=,compute
000000000000000000000000000000000000000000000000e199119c992377cb,BqCqG8wuMVdnONN5bysITf0mYQD5FD+TEF5wrJttsSQ=,compute
000000000000000000000000000000000000000000000000e199119c992377cb,CdkWAAnsdYg0g6yl90Eiqdwqer6NK9yIxWWvPR3fwD8=,compute
000000000000000000000000000000000000000000000000e199119c992377cb,ckkQelT+Weybkm1ye1/vtpvdwv839DyYZtVwSEibrLw=,observer
000000000000000000000000000000000000000000000000e199119c992377cb,ckxY03KSwkxG9St4UgaIIcE8xIWIEpUQCn3OsyPah2E=,observer
000000000000000000000000000000000000000000000000e199119c992377cb,/dBEDGDBCu6TF5w9crktZ9aloTBpOGGSa6A8uVNunAo=,compute
000000000000000000000000000000000000000000000000e199119c992377cb,dy6Pm7J0wueKxbm8ca1Wgx0bDt+NQ2iQjqoMFT5ExY8=,observer
000000000000000000000000000000000000000000000000e199119c992377cb,dzmz+sXwh5Omhfzvxnbov2WdvFfVV2ZbYaeo6BI4neA=,observer
000000000000000000000000000000000000000000000000e199119c992377cb,E4b5LdeJcdwMRkJ20OiKifjRLPPy7NF+ebvy/TT5Pwg=,compute
000000000000000000000000000000000000000000000000e199119c992377cb,f6y8COENm5XD27S4q/eV1jwXRc0FH0FaJC2e157zlxc=,compute
000000000000000000000000000000000000000000000000e199119c992377cb,FEMUVK91HEULeQpMZj07jN2giNKjd6HPK3VdjsIQcjY=,compute
000000000000000000000000000000000000000000000000e199119c992377cb,fn3LWIvMtary53Apk1srDB/I9SxjbpYf9Tt2bH3Qkf4=,compute
000000000000000000000000000000000000000000000000e199119c992377cb,fPjg2/scgRf/YD8otW7+HuuIKBFK6tyh+thNOMvo4yM=,observer
000000000000000000000000000000000000000000000000e199119c992377cb,h2zs45FnOwP7JPmkkaIPvJrGTusTLS+jSPHVLvr9Sa8=,observer
000000000000000000000000000000000000000000000000e199119c992377cb,Hbb3dFkBzRNzS7XVyaWeeujSeAAavtsNS3jUfGCuVfE=,compute
000000000000000000000000000000000000000000000000e199119c992377cb,HH/jnBO0AqHocNg4aS7MiMjiKmta1VP0ceRc0iILMAw=,compute
000000000000000000000000000000000000000000000000e199119c992377cb,Io86AKuu7YDnya+fVnldHBybFggwCoXeQPu3Wj8kHW4=,compute
000000000000000000000000000000000000000000000000e199119c992377cb,ITrwEekdZNqXrEzvw3GT6Q3AtHDd51f19nD2nVU/f0c=,"compute,validator"
000000000000000000000000000000000000000000000000e199119c992377cb,J4KhkfzhgQA+IibrTqq9Uh19COxoOy+5fWvtvOfIo9w=,compute
000000000000000000000000000000000000000000000000e199119c992377cb,Jv/dO8Vhypfl87dR2njHLda0KFkF3iMvIs9Do/Iz3u0=,observer
000000000000000000000000000000000000000000000000e199119c992377cb,k0g6YN7CFSgjaPU1EjVWXhzPVmEset+3sQ3c3NJ8Ys4=,compute
000000000000000000000000000000000000000000000000e199119c992377cb,kgTUu0eXQWfPaE8Li8NgXf0bsjXdupxIfM8moGrTMK4=,compute
000000000000000000000000000000000000000000000000e199119c992377cb,LI48Ol5Is045ijOAjiCiKFHKOyzwuGL6mMTr3F5cMdM=,compute
000000000000000000000000000000000000000000000000e199119c992377cb,MsTiqEMQ76/fJSS6knMtRFVboNFcghRWB5zwYlkhqHQ=,observer
000000000000000000000000000000000000000000000000e199119c992377cb,NM/XberrrMrvavGDCYc9CX8HPT1TPz1YHWuBaDArDHc=,compute
000000000000000000000000000000000000000000000000e199119c992377cb,ojx8dtq/Uh5khHqLvbUeVa9QrvalhDxyhJqyARWdCuc=,compute
000000000000000000000000000000000000000000000000e199119c992377cb,pMsFPxArtsPljgPnHQXuyqsgqpjAu7Bnlq2gQ0iEFrQ=,observer
000000000000000000000000000000000000000000000000e199119c992377cb,PsfFUQrXqGoFtowWZcoc8ilh8xHP94LvNYHvqQHpw1E=,"compute,validator"
000000000000000000000000000000000000000000000000e199119c992377cb,PyPDdRqa8GNjLqVYJeqWfplYL0Gj1chjpdx2Ebhel6Y=,observer
000000000000000000000000000000000000000000000000e199119c992377cb,QZO6FbwgQSdQCehgy3xoeWBkVHSrR6FC/+5zNIHv8Sw=,observer
000000000000000000000000000000000000000000000000e199119c992377cb,RT7JKF5T1hlKXTYZsp4SL07f4IHG6O0SQppf8wnfr+Y=,compute
000000000000000000000000000000000000000000000000e199119c992377cb,ST2B7aeKSspiFNy325rIh8alQIRVCDyZ5t8f2NKN3PU=,compute
000000000000000000000000000000000000000000000000e199119c992377cb,TouB5jlcY41yTZS1iwzn1J73lqynSX7tvBvNI8smL68=,observer
000000000000000000000000000000000000000000000000e199119c992377cb,U+oQq8a984jhe0BAYJJwzOXaJMmRdxKIlLlfGQscRxU=,compute
000000000000000000000000000000000000000000000000e199119c992377cb,uvPTOOyC+Kb+Hl3Pw34S3/YC9IerAdZncyW08LIaTtw=,compute
000000000000000000000000000000000000000000000000e199119c992377cb,V1e0MLFxqQo79+Y9HL8EBao8oPsifyyTHlOlhVh6XaY=,compute
000000000000000000000000000000000000000000000000e199119c992377cb,vCv8jZxRXGLds7mYffKoOUoUrocJeB84iCYqixivXLA=,compute
000000000000000000000000000000000000000000000000e199119c992377cb,vI2QpEG/5LYwU+Fp52QsYxdRMRoy9j+pdJSb23tW3ng=,compute
000000000000000000000000000000000000000000000000e199119c992377cb,vlG7mUtP7s2PsnARfyrI3mW/q4pcqRi3SHk2GxmQ2NM=,compute
000000000000000000000000000000000000000000000000e199119c992377cb,wZNYpW5PIb2M/Y8IlaBJ6YrHY89QV2JMT3CiNmou7Tg=,compute
000000000000000000000000000000000000000000000000e199119c992377cb,x8DFPc8E9BZxLJKbh51xj41es3R53AkJERfMEyRCrbk=,"compute,validator"
000000000000000000000000000000000000000000000000e199119c992377cb,XCiPWblWT3n1aN2NI0vslmlfV9GOkxE2Ih2SI66ZR38=,"compute,validator"
000000000000000000000000000000000000000000000000e199119c992377cb,YojWrKWRRiPmKkHqMESHFz9iTFbeCpd7GL4CGpEAxkw=,compute
000000000000000000000000000000000000000000000000e199119c992377cb,+zVbgQqOdY90Z2NQKXFByNT0OwLxj/Ho4j4qT5u2yKM=,"compute,validator"
000000000000000000000000000000000000000000000000e2eaa99fc008f87f,0qOmNfZvPDnjyzPU/97x1FWsl0d3UsImNiSNXd7lE/0=,compute
000000000000000000000000000000000000000000000000e2eaa99fc008f87f,2PA1JCA48scBSC0kU9rhQyQZKk8RnHJ18xmntc8ePd0=,compute
000000000000000000000000000000000000000000000000e2eaa99fc008f87f,3/CHjlzJ/fP+Nq5yXWTZ8RoVlItiYQJtAwTDL7JrkXI=,observer
000000000000000000000000000000000000000000000000e2eaa99fc008f87f,3i26uutrxeIk3rK00gzlA+aHME/+k4t4PtOGwdrqPt8=,compute
000000000000000000000000000000000000000000000000e2eaa99fc008f87f,3xfB8/d2CMHM1OFmd6/QUCSjUW9tBVZG5MTUJDv7ACs=,observer
000000000000000000000000000000000000000000000000e2eaa99fc008f87f,4mcgJKfEa6RqWh9NqSJ+/yfs6X8dU0tG1dI1L0lFNzM=,compute
000000000000000000000000000000000000000000000000e2eaa99fc008f87f,4wqhqp5wDAfvQxNZUUSDmM2fVYrkxKq/tqjnnCe72Uw=,compute
000000000000000000000000000000000000000000000000e2eaa99fc008f87f,5uD3zbTZGhivYt1ZQw/Yr/Bcg2t6zEdyR9Ogg5ipkho=,compute
000000000000000000000000000000000000000000000000e2eaa99fc008f87f,626SgurEHc2EeeJ/nvxV/YNM1PrIkaCyeHB6DBsimXg=,compute
000000000000000000000000000000000000000000000000e2eaa99fc008f87f,6ioksdd5uKtlNnPmCpu1NYohfamlb/QHiD8EhMuTbfw=,compute
000000000000000000000000000000000000000000000000e2eaa99fc008f87f,6VWWzDQRONki6x2z5XAWH2+a5zZ04ljaw6aGLbnEAJ0=,compute
000000000000000000000000000000000000000000000000e2eaa99fc008f87f,9IS980R5iPJ7J/YYqnNH+O7x80bggQFqBpPg4QQOUHE=,compute
000000000000000000000000000000000000000000000000e2eaa99fc008f87f,9sk2Nq2DFGv932dnavOIr02RnfQUOngggsn2HUEEfRg=,compute
000000000000000000000000000000000000000000000000e2eaa99fc008f87f,A3wbeisBb4XH7hgFVLOT9UwznNatn/aG4bomfpwXMos=,observer
000000000000000000000000000000000000000000000000e2eaa99fc008f87f,aJFHeID4Q7qUfMa42dRwaa9PQrZ/cVDiE3WNt4bQjo0=,"compute,validator"
000000000000000000000000000000000000000000000000e2eaa99fc008f87f,AQwpL6BZwWxh7A2xciTayuT4NjEG1DnGUpmVTR3eP7M=,compute
000000000000000000000000000000000000000000000000e2eaa99fc008f87f,B6dFsY7qeLAL9PaWPqsMUrZGA9cxH/Tpy9BqXfyGSII=,compute
000000000000000000000000000000000000000000000000e2eaa99fc008f87f,bhVU8RdrUXE7XgI7hIIdMFOhsomBFmPEnNU9zFPTHzY=,compute
000000000000000000000000000000000000000000000000e2eaa99fc008f87f,bKvnByvx8qwF41EqOG6wdmatGzz/qT2nbHC8i8VM65k=,compute
000000000000000000000000000000000000000000000000e2eaa99fc008f87f,BqCqG8wuMVdnONN5bysITf0mYQD5FD+TEF5wrJttsSQ=,compute
000000000000000000000000000000000000000000000000e2eaa99fc008f87f,cb/avZHoAQkZiHGzkjJxEkVsqiiiJzL/5fHp1TsDTdY=,compute
000000000000000000000000000000000000000000000000e2eaa99fc008f87f,CdkWAAnsdYg0g6yl90Eiqdwqer6NK9yIxWWvPR3fwD8=,compute
000000000000000000000000000000000000000000000000e2eaa99fc008f87f,ckkQelT+Weybkm1ye1/vtpvdwv839DyYZtVwSEibrLw=,observer
000000000000000000000000000000000000000000000000e2eaa99fc008f87f,ckxY03KSwkxG9St4UgaIIcE8xIWIEpUQCn3OsyPah2E=,observer
000000000000000000000000000000000000000000000000e2eaa99fc008f87f,d9kNlPluKH6TT4YaDmX1eHgjVf7rMMqbVkkak8J+CeI=,compute
000000000000000000000000000000000000000000000000e2eaa99fc008f87f,dN/aIe69HWFUHtOy/oqWdp1jw4fzOIljXLbMI79ilTo=,compute
000000000000000000000000000000000000000000000000e2eaa99fc008f87f,Dpj1ibIMtTHMh/i5qh0eZcGGmOVODELSHvg/ZFBIPbY=,compute
000000000000000000000000000000000000000000000000e2eaa99fc008f87f,dy6Pm7J0wueKxbm8ca1Wgx0bDt+NQ2iQjqoMFT5ExY8=,observer
000000000000000000000000000000000000000000000000e2eaa99fc008f87f,dzmz+sXwh5Omhfzvxnbov2WdvFfVV2ZbYaeo6BI4neA=,observer
000000000000000000000000000000000000000000000000e2eaa99fc008f87f,fGqOEIbBxaM2YmMcKq4PbpUOd9+s3TcS4AxaTChGuz0=,compute
000000000000000000000000000000000000000000000000e2eaa99fc008f87f,fPjg2/scgRf/YD8otW7+HuuIKBFK6tyh+thNOMvo4yM=,observer
000000000000000000000000000000000000000000000000e2eaa99fc008f87f,gbBXhcVDEtUgIpvu7BQhJxeRsNcSYkNtl/RS9hwisds=,compute
000000000000000000000000000000000000000000000000e2eaa99fc008f87f,giemTZIHjRmBA3FzYMK01eokfs8L/VmusK3M5+lUdGc=,compute
000000000000000000000000000000000000000000000000e2eaa99fc008f87f,h2zs45FnOwP7JPmkkaIPvJrGTusTLS+jSPHVLvr9Sa8=,observer
000000000000000000000000000000000000000000000000e2eaa99fc008f87f,ITrwEekdZNqXrEzvw3GT6Q3AtHDd51f19nD2nVU/f0c=,"compute,validator"
000000000000000000000000000000000000000000000000e2eaa99fc008f87f,Jv/dO8Vhypfl87dR2njHLda0KFkF3iMvIs9Do/Iz3u0=,observer
000000000000000000000000000000000000000000000000e2eaa99fc008f87f,k8EddYp3r4/l7G28rHsC/AfzA+PPcUrYCXOxK+fLh/Y=,compute
000000000000000000000000000000000000000000000000e2eaa99fc008f87f,+KKK2dlxTHDcRpjdn6JJLk4gy+33Au0ihh8y2r5VA4Y=,compute
000000000000000000000000000000000000000000000000e2eaa99fc008f87f,KUjJArjDn1TtZOi6AgYki1fUTC2PrU0LJFJ4ppHt3NQ=,compute
000000000000000000000000000000000000000000000000e2eaa99fc008f87f,LuIdtuiEPLBJefXVieVruy4kf04jjp5CBJFWVes0ZuE=,compute
000000000000000000000000000000000000000000000000e2eaa99fc008f87f,MDRdg2CAm8zmal3EJgzZJAJcj5ouKiSxu17o2pUuog0=,compute
000000000000000000000000000000000000000000000000e2eaa99fc008f87f,MsTiqEMQ76/fJSS6knMtRFVboNFcghRWB5zwYlkhqHQ=,observer
000000000000000000000000000000000000000000000000e2eaa99fc008f87f,mzyTqDaPTimoJtrBiZLBcEbSLbb4loUB3+AoeVmVsBI=,compute
000000000000000000000000000000000000000000000000e2eaa99fc008f87f,NM/XberrrMrvavGDCYc9CX8HPT1TPz1YHWuBaDArDHc=,compute
000000000000000000000000000000000000000000000000e2eaa99fc008f87f,o8p0FlVg1Wlv+ZLKojWS7c0P4xZHklFt9frLW4B4QlE=,compute
000000000000000000000000000000000000000000000000e2eaa99fc008f87f,oML3ffLYwPni7EcrkjQpK0/sPTe7Jq91VYnnd6HOin4=,"compute,validator"
000000000000000000000000000000000000000000000000e2eaa99fc008f87f,OP7xxC8xk/KD+BHEePKcG/YKvz9OR48UORDaKvo31M4=,compute
000000000000000000000000000000000000000000000000e2eaa99fc008f87f,pGkBYly79y2gJUEOau8XN04ErcfwrObO+W5+CYXJW5k=,compute
000000000000000000000000000000000000000000000000e2eaa99fc008f87f,pMsFPxArtsPljgPnHQXuyqsgqpjAu7Bnlq2gQ0iEFrQ=,observer
000000000000000000000000000000000000000000000000e2eaa99fc008f87f,PsfFUQrXqGoFtowWZcoc8ilh8xHP94LvNYHvqQHpw1E=,"compute,validator"
000000000000000000000000000000000000000000000000e2eaa99fc008f87f,PyPDdRqa8GNjLqVYJeqWfplYL0Gj1chjpdx2Ebhel6Y=,observer
000000000000000000000000000000000000000000000000e2eaa99fc008f87f,QZIlX6n68y2iGuLleKPd+9bXxOs0LUhfcRDJqiJiw7s=,compute
000000000000000000000000000000000000000000000000e2eaa99fc008f87f,QZO6FbwgQSdQCehgy3xoeWBkVHSrR6FC/+5zNIHv8Sw=,observer
000000000000000000000000000000000000000000000000e2eaa99fc008f87f,r5d6MxZK8vMb1P5y5NSzi4uiofaUk3rfAwvYw6sV3ms=,compute
000000000000000000000000000000000000000000000000e2eaa99fc008f87f,rczLI7bYocBYyQ+bsnHPNPKc+SJpunQiuxip/tNlolw=,compute
000000000000000000000000000000000000000000000000e2eaa99fc008f87f,RzMsfs49HQDT5fIVKQ+flR/sCJjrkKDPsc5ZS6O7VdM=,compute
000000000000000000000000000000000000000000000000e2eaa99fc008f87f,S2eoEMq6Qzms5Yd/fIOhSEacHp7Pym0BfgBEmsijEDw=,compute
000000000000000000000000000000000000000000000000e2eaa99fc008f87f,/SmApjyyscHC7oYmWO3VMxwU4G0oNZm5VTc4fQM2tCo=,"compute,validator"
000000000000000000000000000000000000000000000000e2eaa99fc008f87f,T4dZNL3zN++JNPEDjB5lLY/Idcc9vvxl1YfCh30qUB8=,compute
000000000000000000000000000000000000000000000000e2eaa99fc008f87f,TMmNbzQFfQDaBowZkFVRALBjy6fjzL6Q1kZIU5rqTtE=,"compute,validator"
000000000000000000000000000000000000000000000000e2eaa99fc008f87f,TouB5jlcY41yTZS1iwzn1J73lqynSX7tvBvNI8smL68=,observer
000000000000000000000000000000000000000000000000e2eaa99fc008f87f,UkkubHbsH4ptdieTlL2qbki94Ff6xp5RNz08hIGx4ow=,compute
000000000000000000000000000000000000000000000000e2eaa99fc008f87f,uNxtqFgMoIgjjZ4h235lwQlj+7XEVRiedq5i9aOHr/M=,compute
000000000000000000000000000000000000000000000000e2eaa99fc008f87f,/uPv2gq/+gD/ytd1QkWsNKi68EcHVyg/Pv+Pi2Z1ynk=,compute
000000000000000000000000000000000000000000000000e2eaa99fc008f87f,urRVg0K+6UhuxOnRE1/wIiPuuTu188orpsLDTz5NFTw=,compute
000000000000000000000000000000000000000000000000e2eaa99fc008f87f,vlG7mUtP7s2PsnARfyrI3mW/q4pcqRi3SHk2GxmQ2NM=,compute
000000000000000000000000000000000000000000000000e2eaa99fc008f87f,wdxW8Bk1hZvQANQHRCO8MzbgRsdC5c7mpLjsNYLM82I=,"compute,validator"
000000000000000000000000000000000000000000000000e2eaa99fc008f87f,wUwFhNRaqtIxt+rilTsggYm4Thwk8e6lxAUmWtYAyvY=,compute
000000000000000000000000000000000000000000000000e2eaa99fc008f87f,x8DFPc8E9BZxLJKbh51xj41es3R53AkJERfMEyRCrbk=,"compute,validator"
000000000000000000000000000000000000000000000000e2eaa99fc008f87f,XCiPWblWT3n1aN2NI0vslmlfV9GOkxE2Ih2SI66ZR38=,"compute,validator"
000000000000000000000000000000000000000000000000e2eaa99fc008f87f,ZbybO0JMEkwg1+LdEUTh8Vmx0d9u7RUZHZnD73gWpIs=,compute
000000000000000000000000000000000000000000000000e2eaa99fc008f87f,zibJtnvTpDotvOK3a3nNYmlYwg/K4TdZB781TQCEAT4=,compute
000000000000000000000000000000000000000000000000e2eaa99fc008f87f,+zVbgQqOdY90Z2NQKXFByNT0OwLxj/Ho4j4qT5u2yKM=,"compute,validator"
000000000000000000000000000000000000000000000000f80306c9858e7279,3/CHjlzJ/fP+Nq5yXWTZ8RoVlItiYQJtAwTDL7JrkXI=,observer
000000000000000000000000000000000000000000000000f80306c9858e7279,3xfB8/d2CMHM1OFmd6/QUCSjUW9tBVZG5MTUJDv7ACs=,observer
000000000000000000000000000000000000000000000000f80306c9858e7279,4wqhqp5wDAfvQxNZUUSDmM2fVYrkxKq/tqjnnCe72Uw=,compute
000000000000000000000000000000000000000000000000f80306c9858e7279,6ioksdd5uKtlNnPmCpu1NYohfamlb/QHiD8EhMuTbfw=,compute
000000000000000000000000000000000000000000000000f80306c9858e7279,7/WyW54TO+31VkXZcj4xIAgv5kWxR6azSEjwrSAte3Y=,compute
000000000000000000000000000000000000000000000000f80306c9858e7279,82isbQ3iZxvzgBGhk9kqOuyO87h6VXkXma8dDdBkHCM=,compute
000000000000000000000000000000000000000000000000f80306c9858e7279,86y1tHzH9GlxvS0Bneh5l2AUDXYO6VMrzx75JvJViNE=,compute
000000000000000000000000000000000000000000000000f80306c9858e7279,A3wbeisBb4XH7hgFVLOT9UwznNatn/aG4bomfpwXMos=,observer
000000000000000000000000000000000000000000000000f80306c9858e7279,a/BCcmjawMU5EHQk+mGSb1GMFpU4YCze3IyOziEWihY=,compute
000000000000000000000000000000000000000000000000f80306c9858e7279,aJFHeID4Q7qUfMa42dRwaa9PQrZ/cVDiE3WNt4bQjo0=,"compute,validator"
000000000000000000000000000000000000000000000000f80306c9858e7279,aUWd3B3JH+ixfplKiKKPhU+MQ866u246PT2LZd8MADI=,compute
000000000000000000000000000000000000000000000000f80306c9858e7279,AySowGLXBs4izUmpeGHnYydnp4UMWH3x7Do0bX0bjqE=,compute
000000000000000000000000000000000000000000000000f80306c9858e7279,bIhkdJECj0g0XEgj2bNsVSMEpfcBLpllEoBHEkmSGD8=,observer
000000000000000000000000000000000000000000000000f80306c9858e7279,bKvnByvx8qwF41EqOG6wdmatGzz/qT2nbHC8i8VM65k=,compute
000000000000000000000000000000000000000000000000f80306c9858e7279,BNrjfCT5j7203ozOIsx0G6ORHptO/I4iR26g+eArw4g=,compute
000000000000000000000000000000000000000000000000f80306c9858e7279,BqCqG8wuMVdnONN5bysITf0mYQD5FD+TEF5wrJttsSQ=,compute
000000000000000000000000000000000000000000000000f80306c9858e7279,CdkWAAnsdYg0g6yl90Eiqdwqer6NK9yIxWWvPR3fwD8=,compute
000000000000000000000000000000000000000000000000f80306c9858e7279,ckkQelT+Weybkm1ye1/vtpvdwv839DyYZtVwSEibrLw=,observer
000000000000000000000000000000000000000000000000f80306c9858e7279,ckxY03KSwkxG9St4UgaIIcE8xIWIEpUQCn3OsyPah2E=,observer
000000000000000000000000000000000000000000000000f80306c9858e7279,DW4/7kVEumpZV1CmntaQBncSV36t6QoE0QwQd5pLIZU=,compute
000000000000000000000000000000000000000000000000f80306c9858e7279,dy6Pm7J0wueKxbm8ca1Wgx0bDt+NQ2iQjqoMFT5ExY8=,observer
000000000000000000000000000000000000000000000000f80306c9858e7279,dzmz+sXwh5Omhfzvxnbov2WdvFfVV2ZbYaeo6BI4neA=,observer
000000000000000000000000000000000000000000000000f80306c9858e7279,E4b5LdeJcdwMRkJ20OiKifjRLPPy7NF+ebvy/TT5Pwg=,compute
000000000000000000000000000000000000000000000000f80306c9858e7279,FEMUVK91HEULeQpMZj07jN2giNKjd6HPK3VdjsIQcjY=,compute
000000000000000000000000000000000000000000000000f80306c9858e7279,Fjp/4APy57bGCUoK14nTOw+U+1aW6/1HpzsyO7vL6fU=,observer
000000000000000000000000000000000000000000000000f80306c9858e7279,fn3LWIvMtary53Apk1srDB/I9SxjbpYf9Tt2bH3Qkf4=,compute
000000000000000000000000000000000000000000000000f80306c9858e7279,fPjg2/scgRf/YD8otW7+HuuIKBFK6tyh+thNOMvo4yM=,observer
000000000000000000000000000000000000000000000000f80306c9858e7279,gBHgAkIq/nChVZdEodMBBBwFGfjPPpHqDDsB0Y1an80=,observer
000000000000000000000000000000000000000000000000f80306c9858e7279,h2zs45FnOwP7JPmkkaIPvJrGTusTLS+jSPHVLvr9Sa8=,observer
000000000000000000000000000000000000000000000000f80306c9858e7279,Hbb3dFkBzRNzS7XVyaWeeujSeAAavtsNS3jUfGCuVfE=,compute
000000000000000000000000000000000000000000000000f80306c9858e7279,HH/jnBO0AqHocNg4aS7MiMjiKmta1VP0ceRc0iILMAw=,compute
000000000000000000000000000000000000000000000000f80306c9858e7279,Io86AKuu7YDnya+fVnldHBybFggwCoXeQPu3Wj8kHW4=,compute
000000000000000000000000000000000000000000000000f80306c9858e7279,ITrwEekdZNqXrEzvw3GT6Q3AtHDd51f19nD2nVU/f0c=,"compute,validator"
000000000000000000000000000000000000000000000000f80306c9858e7279,Jv/dO8Vhypfl87dR2njHLda0KFkF3iMvIs9Do/Iz3u0=,observer
000000000000000000000000000000000000000000000000f80306c9858e7279,LI48Ol5Is045ijOAjiCiKFHKOyzwuGL6mMTr3F5cMdM=,compute
000000000000000000000000000000000000000000000000f80306c9858e7279,mIKW8IEDWZZxCRtDTvWQLpslvfUBwWxVAxLakwq25C8=,compute
000000000000000000000000000000000000000000000000f80306c9858e7279,MsTiqEMQ76/fJSS6knMtRFVboNFcghRWB5zwYlkhqHQ=,observer
000000000000000000000000000000000000000000000000f80306c9858e7279,NM/XberrrMrvavGDCYc9CX8HPT1TPz1YHWuBaDArDHc=,compute
000000000000000000000000000000000000000000000000f80306c9858e7279,oa9eUq1+PjwxAdUTlZoR+ttREGl9g5CmCRsSMQZdxtg=,observer
000000000000000000000000000000000000000000000000f80306c9858e7279,ojx8dtq/Uh5khHqLvbUeVa9QrvalhDxyhJqyARWdCuc=,compute
000000000000000000000000000000000000000000000000f80306c9858e7279,pMsFPxArtsPljgPnHQXuyqsgqpjAu7Bnlq2gQ0iEFrQ=,observer
000000000000000000000000000000000000000000000000f80306c9858e7279,PsfFUQrXqGoFtowWZcoc8ilh8xHP94LvNYHvqQHpw1E=,"compute,validator"
000000000000000000000000000000000000000000000000f80306c9858e7279,PyPDdRqa8GNjLqVYJeqWfplYL0Gj1chjpdx2Ebhel6Y=,observer
000000000000000000000000000000000000000000000000f80306c9858e7279,QZO6FbwgQSdQCehgy3xoeWBkVHSrR6FC/+5zNIHv8Sw=,observer
000000000000000000000000000000000000000000000000f80306c9858e7279,RT7JKF5T1hlKXTYZsp4SL07f4IHG6O0SQppf8wnfr+Y=,compute
000000000000000000000000000000000000000000000000f80306c9858e7279,ST2B7aeKSspiFNy325rIh8alQIRVCDyZ5t8f2NKN3PU=,compute
000000000000000000000000000000000000000000000000f80306c9858e7279,T2gk0/AUHiR/QcQ72lWE6nunTZUDpQvI6XpCXVV9/eo=,observer
000000000000000000000000000000000000000000000000f80306c9858e7279,TouB5jlcY41yTZS1iwzn1J73lqynSX7tvBvNI8smL68=,observer
000000000000000000000000000000000000000000000000f80306c9858e7279,UCKrtVNlmCaCdKpMMDT8AQxqVs/JP1/zQUH4yxUY4mM=,compute
000000000000000000000000000000000000000000000000f80306c9858e7279,V1e0MLFxqQo79+Y9HL8EBao8oPsifyyTHlOlhVh6XaY=,compute
000000000000000000000000000000000000000000000000f80306c9858e7279,vlG7mUtP7s2PsnARfyrI3mW/q4pcqRi3SHk2GxmQ2NM=,compute
000000000000000000000000000000000000000000000000f80306c9858e7279,wZNYpW5PIb2M/Y8IlaBJ6YrHY89QV2JMT3CiNmou7Tg=,compute
000000000000000000000000000000000000000000000000f80306c9858e7279,x8DFPc8E9BZxLJKbh51xj41es3R53AkJERfMEyRCrbk=,"compute,validator"
000000000000000000000000000000000000000000000000f80306c9858e7279,XCiPWblWT3n1aN2NI0vslmlfV9GOkxE2Ih2SI66ZR38=,"compute,validator"
000000000000000000000000000000000000000000000000f80306c9858e7279,YTHRajyCrIwOiys1ktOarSUyV1NVolvAw6DQqhaXg6w=,compute
000000000000000000000000000000000000000000000000f80306c9858e7279,+zVbgQqOdY90Z2NQKXFByNT0OwLxj/Ho4j4qT5u2yKM=,"compute,validator"
4000000000000000000000000000000000000000000000008c5ea5e49b4bc9ac,9p2KxirkhJILgzvE72fG7mPPbYOgdKfFqpittt8Jv0w=,key-manager
4000000000000000000000000000000000000000000000008c5ea5e49b4bc9ac,Fxd1i8K5yIS05AEcFA3d9vVaPk9M1tMJbzaqIdPYumo=,key-manager
4000000000000000000000000000000000000000000000008c5ea5e49b4bc9ac,JjN146V83Ui4dYMPMbIfJ6hxRpjVr/ZHFe9mB/3bCYA=,key-manager
4000000000000000000000000000000000000000000000008c5ea5e49b4bc9ac,KlHCyREmtZ4VY1/T3jLdjdeouW8Dmu64PspMu2vxxi8=,key-manager
4000000000000000000000000000000000000000000000008c5ea5e49b4bc9ac,Lu0WKasV1u0Dx4TmbcrqnskNVpc1iP/+qCWTFKv+XPQ=,key-manager
4000000000000000000000000000000000000000000000008c5ea5e49b4bc9ac,SG1ZucgeUvIIZGlne1pH5PSkTqFapQ9lNjrptuRNOcI=,key-manager
