id,entity_id,roles,expiration,voting_power
0/0TJw2+i1XVYn3Z7igQSpdGoZ0cFdyI4GVcopmH2hI=,IYoCG9YW+623ri5Mgzr0rcrnJTGaLhTeq/JdOzMx2Mw=,validator,40350,119563056462540
0NRs2/1SB/Zbr2Kd5RjM0+KHBrx9mbOLad8qwyQaNvQ=,iGs5cCGos/I5KQv82MwgGMNENaxy3bhuWdFXtINcu0U=,validator,40350,0
0qOmNfZvPDnjyzPU/97x1FWsl0d3UsImNiSNXd7lE/0=,uxSkvFu6x4MIYV+M1VrDu3m/qbADs/1Ae3mWAcEmnaQ=,compute,40350,0
1Eh9S7bnBnYzhdMuRc8W1DtGsjgMptbRktoE7tw/HiA=,jzTWYikeN6NIuMQ6l4iqdDOF9jyfOJG2FcnQaNBn9+s=,validator,40350,723796453827750
2cCzBxxmU/xnZwBf7aEoPiKXx5JWURZrkfHHXML8bmk=,fhXoWYc8Ml153jBBvFrQ4CRY7vnbCk9j269rVLeg7cE=,validator,40350,1206240805825152
2F2mqhBc1fGV6oYl1k21Uni0f2cNwYhOZvg1Sc6B5Uk=,RFpWeibJDHnfgoq9mO1BJcxyDbIstDi22ZBhvgXvE1Y=,compute,40350,0
2N4nbJ1ipTOhiqe8avC+yn/9gqZGw9IMwkbl1RAmy7U=,nmChk8o5/EMAsbtGJLfPVJ0gBUN3nr4x8Llq4++BPJw=,validator,40350,1358343565201
2PA1JCA48scBSC0kU9rhQyQZKk8RnHJ18xmntc8ePd0=,YDHYz/R+Y7pCodhmgkCqzoqqN54gzRfVE5fjZriX+RI=,compute,40350,0
3/CHjlzJ/fP+Nq5yXWTZ8RoVlItiYQJtAwTDL7JrkXI=,OeAJI+Y7ynLs7ot8jwbEGOchzDjr9pcwQLQUVz9NUtQ=,observer,40350,0
3i26uutrxeIk3rK00gzlA+aHME/+k4t4PtOGwdrqPt8=,7nCBfl1vRS4kn7G2yJZeZdwE8OFA4avUphWdCRrFhJM=,compute,40350,0
3xfB8/d2CMHM1OFmd6/QUCSjUW9tBVZG5MTUJDv7ACs=,OeAJI+Y7ynLs7ot8jwbEGOchzDjr9pcwQLQUVz9NUtQ=,observer,40350,0
3xkzy9g5wL1sqGY8cnd6A7kFuwFM4yuUt0nEJrdHNJ0=,3DRMMM7ye2HREvk8zz06OjMG6BuWjs84PLdSYChNHAw=,validator,40350,427472712512505
4bv9f6NqLf4+6+QII+p48KgpagFXk9PgIdefbuo2spA=,UkwjS1YvEfHx9b6MMT5Q1WvCY3aWn2lxRDsB/Pw+zGk=,validator,40350,5319884818469038
4mcgJKfEa6RqWh9NqSJ+/yfs6X8dU0tG1dI1L0lFNzM=,RMa2ER0wvraR+4u5QOGOrRTwmMVOYNcOot7sFppPRP0=,compute,40350,0
4rUqFOE27urnaltMm2XqyuxcghXs4xRep3AV3mXSTt4=,T5k7PtOR01oZrdnZveDpO9AFpMUhEREZk7WSSfm8Gtg=,validator,40350,4373553640650193
4Tz2fSohCN3mm3I9sA6hAQMv/8nmj4ssIXKoOBnxBek=,izy38AmUeU4b4L23kVy4BlxbkHGOPy4KPSSLnJglrV0=,validator,40350,805814111157229
4wqhqp5wDAfvQxNZUUSDmM2fVYrkxKq/tqjnnCe72Uw=,g9UqzvW6JvfKrflRKbCPBpm41rH/O+4apCK+KkD2tG4=,compute,40350,0
5GNoYx8mSk4PjcXLyi2I50Bw7n1ATsqAtttVjRzTuEY=,p1VsfSsedbKn/5GzkPsr15XD+/AOIfbPda1/2yT84N4=,validator,40350,3935464968383762
5KIv4/zhPGYQIY3YCmjQjGbZ6TVShxEgGzU++43P+t4=,7nCBfl1vRS4kn7G2yJZeZdwE8OFA4avUphWdCRrFhJM=,compute,40350,0
5UbIi8RQj4flFn9N8wHjQqp6QwZFJi2QdD2mOYLa/sY=,FDqRmM1FyhaGas+lquWmGAKgMsU2rj7UESAlnOHtxco=,validator,40350,2129460643263663
5uD3zbTZGhivYt1ZQw/Yr/Bcg2t6zEdyR9Ogg5ipkho=,TWLcdgEfahwyFPTC7nN3rZacPO2aXlLfZIDt7uXbzEI=,compute,40350,0
626SgurEHc2EeeJ/nvxV/YNM1PrIkaCyeHB6DBsimXg=,F5eduX4m4O/ot3UcFs3iQk1ZPUuG43kuxGI9sZz95uU=,compute,40350,0
6drUHh4qocfbBsA12qM8pTerEcbqhdaHt+v33sEr5kk=,N+3/m12DoAqzFS0yF3R/kXSkSj7pZnWhq8nRCo/MKwk=,validator,40350,5011491426332535
6ioksdd5uKtlNnPmCpu1NYohfamlb/QHiD8EhMuTbfw=,cgXH87+sYoe2mXsdDKWCyRvWZ8JqnVnxJkCq09LlBoI=,compute,40350,0
6iVX2oi9FANusFaQPmIDSWu3qLNE2YKMPhQeO1EhUNQ=,Hgacs48hpElimzXAoMmox5T7sAalPLp7vdVr1wAPevo=,validator,40350,385971346047992
6VWWzDQRONki6x2z5XAWH2+a5zZ04ljaw6aGLbnEAJ0=,9+lM5vQ1g+cVzjaNM78gxw1yUegVj57tHDbpN7DKIvw=,compute,40350,0
6wbL5/OxvFGxi55o7AxcwKmfjXbXGC1hw4lfnEZxBXA=,9sAhd+Wi6tG5nAr3LwXD0y9mUKLYqfAbS2+7SZdNHB4=,validator,40350,14849178893126690
6XcILTcGhjvVaWI/tRvZfUTp4huxgg6OBvFQrNmx9DY=,YDHYz/R+Y7pCodhmgkCqzoqqN54gzRfVE5fjZriX+RI=,validator,40350,2423862303901604
7E5It9hRik5ndQ1QtL3blTAX3pXSoPZPhGfLMQvbA+Q=,1aTTEfSIcVxsPS86uIA7rSD2Jmb+aIVj1grCEjyzlzQ=,validator,40350,4455929344221870
+7Jku1SXiunTIHYxYNu4WGNo2g3uSQh2bXych4f1fDc=,29VJbrrthqvw/ti3Vj7cASwkM9VMVa/RTKiwMBdWDQk=,validator,40350,722676780838916
7Rz1yAFZcAD06OOTZxx5LLDg2L5+1Me4304xZB8cgxU=,YDHYz/R+Y7pCodhmgkCqzoqqN54gzRfVE5fjZriX+RI=,compute,40350,0
7/WyW54TO+31VkXZcj4xIAgv5kWxR6azSEjwrSAte3Y=,LQaKibf9tD8KXO210NhiDUHzXTsRIeK5l/3ITmfg118=,compute,40350,0
7Yk+/tVoAkF/QOyOJKFX5ZmKYdmJlgllAf/jjp5ecBA=,LQaKibf9tD8KXO210NhiDUHzXTsRIeK5l/3ITmfg118=,compute,40350,0
82isbQ3iZxvzgBGhk9kqOuyO87h6VXkXma8dDdBkHCM=,N+3/m12DoAqzFS0yF3R/kXSkSj7pZnWhq8nRCo/MKwk=,compute,40350,0
86y1tHzH9GlxvS0Bneh5l2AUDXYO6VMrzx75JvJViNE=,UDV5FoaIkssdSFWC4asZtxvsyagoyrIS5rPX8p/np2U=,compute,40350,0
9IS980R5iPJ7J/YYqnNH+O7x80bggQFqBpPg4QQOUHE=,T5k7PtOR01oZrdnZveDpO9AFpMUhEREZk7WSSfm8Gtg=,compute,40350,0
9p2KxirkhJILgzvE72fG7mPPbYOgdKfFqpittt8Jv0w=,RlM7AQBuDeE7iLQcOG1lpFmp2MfwGa/UdzTytIMSM64=,key-manager,40350,0
9R8sWVuwyIoE64JXu2sdDWR6vdqFr/X9aEWvPE8G824=,D8oCKJab4LtOMQJR0YQZXx+fMw6QHyTiv3YCfN8tM18=,validator,40350,539538501880442
9sk2Nq2DFGv932dnavOIr02RnfQUOngggsn2HUEEfRg=,/ylWdaid2DDlI4BMVkX6gAR6eaBYlLolHbjCmHitrzc=,compute,40350,0
9xI8zcswI9cRxR/VkGxqKDZXlDs2WyVFlk9gDo2Hoy0=,KJ6lElmvyHyJfV22d58nkWc7JJECyh+0fYskFNFfQ4s=,validator,40350,20406619707967
A3wbeisBb4XH7hgFVLOT9UwznNatn/aG4bomfpwXMos=,OeAJI+Y7ynLs7ot8jwbEGOchzDjr9pcwQLQUVz9NUtQ=,observer,40350,0
a/BCcmjawMU5EHQk+mGSb1GMFpU4YCze3IyOziEWihY=,p1VsfSsedbKn/5GzkPsr15XD+/AOIfbPda1/2yT84N4=,compute,40350,0
AiYyIwAJcdc9yGoBHnP4ycPtd/N2DOR0kqVrQWlS46Y=,NPpx1ozb2JfWypxnksSzRHi+fLA2w2YpWmtZvEptMNk=,validator,40350,168596954650016
aJFHeID4Q7qUfMa42dRwaa9PQrZ/cVDiE3WNt4bQjo0=,ko5wr5SMqhKb+P1kimM1EF/T4SqvW/WjSOwPHigQl+k=,"compute,validator",40350,2487816965650265
ao6m4qMGefemuUiwr6GoqxaeWoX14uQ7YTxTajKADQg=,hNBVs2ay1IWvufQwX0TbYA6X4ocKaMpzpyaMTHggi6Q=,validator,40350,4543528859342942
apKOntFDXWhpOfYAn1r84IWDG2KGBBAox4usIDhZcns=,32KS5Z9LWTD2UEUOqhRwZyJvb0lb12iiE9UYgoFjsKQ=,validator,40350,2178517169523469
AQwpL6BZwWxh7A2xciTayuT4NjEG1DnGUpmVTR3eP7M=,UDV5FoaIkssdSFWC4asZtxvsyagoyrIS5rPX8p/np2U=,compute,40350,0
aUWd3B3JH+ixfplKiKKPhU+MQ866u246PT2LZd8MADI=,PrCDIA3uyoLqNOZJ1PrRWdyviFn6K0PWFz91qQ9QyTw=,compute,40350,0
AVQbWvlbKOHi3z8uibbOVl3xsCJsw2YtWG5XXdbhhpI=,bTok0el8GbmUzTAAgcQ78uww/TsgeWwXpM3N2S49qBQ=,validator,40350,2593878356490976
AySowGLXBs4izUmpeGHnYydnp4UMWH3x7Do0bX0bjqE=,1YeMK0NAZtE1ZK8u6KWddkKGZoD5VLfG9EAZI3b8HzE=,compute,40350,0
AZJhDCByjr/YdTvA7uFnIeYcg7iuHPGiDrJRKaEOYHA=,DIbPacWGEiealk+226eYEafYmKJpD98PYoWp/tcPXJI=,validator,40350,514965304576666
B6dFsY7qeLAL9PaWPqsMUrZGA9cxH/Tpy9BqXfyGSII=,iGs5cCGos/I5KQv82MwgGMNENaxy3bhuWdFXtINcu0U=,compute,40350,0
b+6HsJ3SRI9f3eecG0bSZG/7UQzEBcJsIi4z07ytmEA=,9NtPTr6f0Sc0+y/z3as4OzytmNHgrD8SV541PBKb2XA=,validator,40350,3359594041756298
bbkPZRl8KA//0joD1R9HPnucJ4GklCoAtUoJrincsoo=,2bgTFAzVLsQuQnA7cNn/pRLJvemueq/73GhzFFDVdZc=,validator,40350,177134012018139
bhVU8RdrUXE7XgI7hIIdMFOhsomBFmPEnNU9zFPTHzY=,1YeMK0NAZtE1ZK8u6KWddkKGZoD5VLfG9EAZI3b8HzE=,compute,40350,0
bIhkdJECj0g0XEgj2bNsVSMEpfcBLpllEoBHEkmSGD8=,lNP9aBGQdabqC3q4k7S7j5Fc7CABBR9+dEJscv6jg4Y=,observer,40350,0
bKvnByvx8qwF41EqOG6wdmatGzz/qT2nbHC8i8VM65k=,hNBVs2ay1IWvufQwX0TbYA6X4ocKaMpzpyaMTHggi6Q=,compute,40350,0
BNrjfCT5j7203ozOIsx0G6ORHptO/I4iR26g+eArw4g=,WazI78lMcmjyCH5+5RKkkfOTUR+XheHIohlqMu+a9As=,compute,40350,0
BqCqG8wuMVdnONN5bysITf0mYQD5FD+TEF5wrJttsSQ=,AX8zJsi0DnrrdwCi/8JJptXSy62kZgQcAYKlCYD4oN8=,compute,40350,0
c7ycVhiEqHbQfOdeeaj965nuxN8Hsb4BxMPbaPIipRw=,kN01v7L/wv6hvrd1ak83pgCedGDnpgbGJVkXezhUUJ8=,validator,40350,2895845227976585
CazAKub3zpMCB4En1VcVMMpkMBw9vpe62+0CO4ke8pM=,Qeign1c5EYmWrFOU2iydJ3zQUP5yQoNbdxckqLpVYfI=,validator,40350,1752265229829
cb/avZHoAQkZiHGzkjJxEkVsqiiiJzL/5fHp1TsDTdY=,bTok0el8GbmUzTAAgcQ78uww/TsgeWwXpM3N2S49qBQ=,compute,40350,0
CdkWAAnsdYg0g6yl90Eiqdwqer6NK9yIxWWvPR3fwD8=,UkwjS1YvEfHx9b6MMT5Q1WvCY3aWn2lxRDsB/Pw+zGk=,compute,40350,0
ckkQelT+Weybkm1ye1/vtpvdwv839DyYZtVwSEibrLw=,OeAJI+Y7ynLs7ot8jwbEGOchzDjr9pcwQLQUVz9NUtQ=,observer,40350,0
ckxY03KSwkxG9St4UgaIIcE8xIWIEpUQCn3OsyPah2E=,OeAJI+Y7ynLs7ot8jwbEGOchzDjr9pcwQLQUVz9NUtQ=,observer,40350,0
CPLy/FYKtIVK7JOspFi3G1Afkurqmh2tAtiDq4rnSfI=,9yOiPY3NnNMpEzB+6XS/OqahzFwwX8mFhmT2fvbxlVI=,validator,40350,3830300508480494
d9kNlPluKH6TT4YaDmX1eHgjVf7rMMqbVkkak8J+CeI=,LQaKibf9tD8KXO210NhiDUHzXTsRIeK5l/3ITmfg118=,compute,40350,0
/dBEDGDBCu6TF5w9crktZ9aloTBpOGGSa6A8uVNunAo=,1YeMK0NAZtE1ZK8u6KWddkKGZoD5VLfG9EAZI3b8HzE=,compute,40350,0
DGntJaRFwLUKi879qSLbt1uP3w5cE5vMAlYMispiaFE=,WKCE1sMmJLe+DsdIQBMkPiKEgBpAQO+PjCeWjmLA1EM=,validator,40350,803534562102473
dMaOtmpPbdB7ukYfXdo+ssTTCjX2Qspmi1YJIg5Hcr0=,J3ou5m1abrwcbYwTksSj1Hj21QoDjyrSkjB40rEKV4E=,validator,40350,3587529679674325
dN/aIe69HWFUHtOy/oqWdp1jw4fzOIljXLbMI79ilTo=,1JttHp0rBBBHDOpPl8fAiLTcN9tUzxJGjk7llFcvhZQ=,compute,40350,0
Dpj1ibIMtTHMh/i5qh0eZcGGmOVODELSHvg/ZFBIPbY=,sDi9ZxHYB+rHTpVh4abNFXDMRSecfGe4QzbyGK8ZgQg=,compute,40350,0
DudLYGDVKMgh/OZ0rOsoxeCNzSxalm4bvQsrsE/H9XA=,bb1zWp0gzS1ij1OY3KzxC0BJNdqkAiJ26z3iD8slt7c=,validator,40350,612934034157213
DW4/7kVEumpZV1CmntaQBncSV36t6QoE0QwQd5pLIZU=,RMa2ER0wvraR+4u5QOGOrRTwmMVOYNcOot7sFppPRP0=,compute,40350,0
dy6Pm7J0wueKxbm8ca1Wgx0bDt+NQ2iQjqoMFT5ExY8=,OeAJI+Y7ynLs7ot8jwbEGOchzDjr9pcwQLQUVz9NUtQ=,observer,40350,0
dzmz+sXwh5Omhfzvxnbov2WdvFfVV2ZbYaeo6BI4neA=,OeAJI+Y7ynLs7ot8jwbEGOchzDjr9pcwQLQUVz9NUtQ=,observer,40350,0
e25jqMK9FwlwuV1VPS/dkriJlYh7zKp+1H9B8xAu2LI=,VsrHPScBde1FUb+BDWONvLxxwKOKevLB7FRbUAaiF+Y=,validator,40350,1161447623475371
E4b5LdeJcdwMRkJ20OiKifjRLPPy7NF+ebvy/TT5Pwg=,kupW3Pt0XMeERSkdDWyZMU4oZrk0wGysVXVyqX3rylc=,compute,40350,0
e5ebJbZikm11u56wEOM9Ka1uVUS1Pckgc8RGmahs8Ss=,XSQLBoubhOq/X86vKIj4Xzouo1Fhe39+kLF/2PDgKpM=,validator,40350,1309120849715581
ejPrx9xTpKV3GTZgthFQWf3UPMFFBseRtc0A17ak1TU=,tcon38rBr3dHmURuXOTUFpDPKwE4eOU82F121rX9esE=,validator,40350,1748464089037316
eudq22Uwt0ciC7/BYN3TsUy+MCataTkQjwS/BBlgvJE=,KmMS+RzjQ9vm9J2aX9YihJnmmSc/IBquCysbhPxVDFM=,validator,40350,492719863700540
f6y8COENm5XD27S4q/eV1jwXRc0FH0FaJC2e157zlxc=,nZoBfua/odt7fZThkfzGQo2oBp8UnEj+VpG52SB8onM=,compute,40350,0
FEMUVK91HEULeQpMZj07jN2giNKjd6HPK3VdjsIQcjY=,sDi9ZxHYB+rHTpVh4abNFXDMRSecfGe4QzbyGK8ZgQg=,compute,40350,0
Fg9vlXWjuP7OZHhLMliDzfTOenuxtYo93VxQquFDUxw=,JuHLTlYMfnBtwHawFRRqvMOi+1P0mx+mfhFqnrpo3L0=,validator,40350,6781706806073807
fGqOEIbBxaM2YmMcKq4PbpUOd9+s3TcS4AxaTChGuz0=,L4OY/0mNEduAS9z6jh2xLp72b8gZURgcrd76AOiRIXk=,compute,40350,0
Fjp/4APy57bGCUoK14nTOw+U+1aW6/1HpzsyO7vL6fU=,15NByf2quI0o7ldl9BGy7j92+r8/e5FHHwRyICTUPqk=,observer,40350,0
fn3LWIvMtary53Apk1srDB/I9SxjbpYf9Tt2bH3Qkf4=,UFXCpcvXBOHbxtObG4psGcn+LgZOedvDDUAqVengpPk=,compute,40350,0
fPjg2/scgRf/YD8otW7+HuuIKBFK6tyh+thNOMvo4yM=,OeAJI+Y7ynLs7ot8jwbEGOchzDjr9pcwQLQUVz9NUtQ=,observer,40350,0
Fxd1i8K5yIS05AEcFA3d9vVaPk9M1tMJbzaqIdPYumo=,C+AdYzxJqd/CCYw1CXNTOSClV0wMoIaLj4RUHMviTQ0=,key-manager,40350,0
g1N1PdE7dBT5yYyhCbVa44637hhsIpIH8EF8gFlmiIQ=,MfN+qM5pwFRl6i/UVDSBll2UB0D6b2vKy7He1g5CEok=,validator,40350,53461891015948
g4GC/b200mEkFXNhsOJxQKdo39DAHayAxrO+c1AhfhI=,QNXjdhgd/NSfLbHeZB0n8yv5dSyl6jm4MSHjjduuj5M=,validator,40350,2558488810156946
gbBXhcVDEtUgIpvu7BQhJxeRsNcSYkNtl/RS9hwisds=,BdSzNycR8Y3MdHooxU0vtOEPr3ZG9KD5p8wxHtvueUU=,compute,40350,0
gBHgAkIq/nChVZdEodMBBBwFGfjPPpHqDDsB0Y1an80=,lNP9aBGQdabqC3q4k7S7j5Fc7CABBR9+dEJscv6jg4Y=,observer,40350,0
GbyaSlSmHP7INTdznI0NzlN0VWGrPJX5ZQqTNZqNC7o=,/ZcvHCNyKIwyFEF075X1wqFGhKxEhYeJRdDtoyaTC/w=,validator,40350,3101761669364243
giemTZIHjRmBA3FzYMK01eokfs8L/VmusK3M5+lUdGc=,cVGc1fI6xu0WeI2GUrLIwDpH/JtBE3PwD+P66YkSKg8=,compute,40350,0
GrfIMoanLXIPuS91RhqdikNLcebWN26tMM2/iIA8cAE=,3NKMT/Qz11e2xklwSCV/zeawLE3BIO/Rn4LfaV47QJI=,validator,40350,656753123370674
GY1goAIuGGSeVrhjhgVAp4JB0y6l3P5+TnozeBxu/kw=,/Foi5kZdBc70HPmlguvY6AzBILNrNiPDgKQLOITuIEI=,validator,40350,1308632910935476
GYJsEu4Yp+CGEQVjy4owQAG6l6xEvGzcNM1xBHaEv6U=,g9UqzvW6JvfKrflRKbCPBpm41rH/O+4apCK+KkD2tG4=,validator,40350,2969352966622654
h2zs45FnOwP7JPmkkaIPvJrGTusTLS+jSPHVLvr9Sa8=,OeAJI+Y7ynLs7ot8jwbEGOchzDjr9pcwQLQUVz9NUtQ=,observer,40350,0
Hbb3dFkBzRNzS7XVyaWeeujSeAAavtsNS3jUfGCuVfE=,/ylWdaid2DDlI4BMVkX6gAR6eaBYlLolHbjCmHitrzc=,compute,40350,0
HH/jnBO0AqHocNg4aS7MiMjiKmta1VP0ceRc0iILMAw=,iGs5cCGos/I5KQv82MwgGMNENaxy3bhuWdFXtINcu0U=,compute,40350,0
HnLtoQyiKOkr2NMcQsQ4UH0HW8qkLRGWn4mgkDLNoEo=,7n6AYdYIuGar561yxifDtrR9NVekDavFlpeHVZinCSc=,validator,40350,344841248405636
HZGW8QfuMUv/JEa1HqT19HrGTdJY3mWH4nogaWrWK+0=,L4OY/0mNEduAS9z6jh2xLp72b8gZURgcrd76AOiRIXk=,validator,40350,1256795910808121
IdElhqKVZCHY9Lo6222te1wSdhPPAz/OCsoSRkWrXXw=,klORAmjq81QKiUA0CsXaANxYVesTWM7CKdaSlm7u9tM=,validator,40350,1622729929871643
IEkIQb2o8l0xlFIpN47FmOYcBmFch9DsZGs8OuZqQ6g=,uxSkvFu6x4MIYV+M1VrDu3m/qbADs/1Ae3mWAcEmnaQ=,validator,40350,3698438719679169
igLfuIxxqZATg0snKVTFoeRaqrlNq5r69ofncwlUA8I=,9+lM5vQ1g+cVzjaNM78gxw1yUegVj57tHDbpN7DKIvw=,validator,40350,1326880437783815
Io86AKuu7YDnya+fVnldHBybFggwCoXeQPu3Wj8kHW4=,oOVxTw2hEYgYvSrTjjKODCt/Soy3OLcQV9YBy/PF/xY=,compute,40350,0
ioLADiyiFmIms+8fib3N36/TX5XEnHrs2vWcH5LxHGo=,WXs7ElBlm30la2fG4oZDpubeFu5sKkjDVeflWo+YuIA=,validator,40350,2447269051093907
ITrwEekdZNqXrEzvw3GT6Q3AtHDd51f19nD2nVU/f0c=,J2nwlXuYEPNZ0mMH2Phg5RofbZzj65xDvQMNdy9Ji0E=,"compute,validator",40350,2726936930114277
I/Vnwyi7FJdROFe64fbaqE3t55OLcUBY8hVK64VNrqc=,F5eduX4m4O/ot3UcFs3iQk1ZPUuG43kuxGI9sZz95uU=,validator,40350,1830423088895767
J4KhkfzhgQA+IibrTqq9Uh19COxoOy+5fWvtvOfIo9w=,6reBpCKHsqMX1Y26o3p5V+95in5ka16I969CWyiRudY=,compute,40350,0
jezrY6n61D/wD39nZKC+LpYfOZt5AN8gZ5SWu9vypD8=,tvPlmGHv5aokL9MMBqNAkSOygldJIlRTmSIvCwuh0rU=,validator,40350,391511708597103
JjN146V83Ui4dYMPMbIfJ6hxRpjVr/ZHFe9mB/3bCYA=,zTaXae6g9SX3WE2PCZtJnXYTxGtWQM/bw7abXQymNkQ=,key-manager,40350,0
jKA6PqWwftnglxywnQQPoIcb7j2HQVu7anf2i7LWU2c=,c+Kr/VTZLJes6N2u6nTEj7aWje8wHApJeVEoOdvhCh8=,validator,40350,14986786970325331
JThJEQbC1iFVbdy6nFz6mSwChY5xgnOwbWAV3igG6mE=,/ylWdaid2DDlI4BMVkX6gAR6eaBYlLolHbjCmHitrzc=,validator,40350,1878231211787037
Jv/dO8Vhypfl87dR2njHLda0KFkF3iMvIs9Do/Iz3u0=,OeAJI+Y7ynLs7ot8jwbEGOchzDjr9pcwQLQUVz9NUtQ=,observer,40350,0
jVPUq8aUDKe9jawIs7wPB4NBml27ft5kICIY7SBh/yQ=,oOVxTw2hEYgYvSrTjjKODCt/Soy3OLcQV9YBy/PF/xY=,validator,40350,0
k0g6YN7CFSgjaPU1EjVWXhzPVmEset+3sQ3c3NJ8Ys4=,RMa2ER0wvraR+4u5QOGOrRTwmMVOYNcOot7sFppPRP0=,compute,40350,0
K5roq8kvag0dzkdauemq4PLfQG/rA4ZeItZ/op2PfGo=,8rh2lgEm7QscCrLkVqcLMkRxfbNDIe+laI4H8nI/d74=,validator,40350,2452233399903458
k8EddYp3r4/l7G28rHsC/AfzA+PPcUrYCXOxK+fLh/Y=,D8oCKJab4LtOMQJR0YQZXx+fMw6QHyTiv3YCfN8tM18=,compute,40350,0
Kb6opWKGbJHL0LK2Lto+m5ROIAXLhIr1lxQz0/kAOUM=,xQN6ffLSdc51EfEQ2BzltK1iWYAw6Y1CkBAbFzlhhEQ=,validator,40350,719476257181387
kgTUu0eXQWfPaE8Li8NgXf0bsjXdupxIfM8moGrTMK4=,1JttHp0rBBBHDOpPl8fAiLTcN9tUzxJGjk7llFcvhZQ=,compute,40350,0
kilLHKVgCJC5T62styokgO0IHWmLClT85XzFDSBCjok=,o8leC3xb2Wsrt3FwX33R9S9vKQJR8zPBSB62YyNRAQc=,validator,40350,148110389411318
+KKK2dlxTHDcRpjdn6JJLk4gy+33Au0ihh8y2r5VA4Y=,/Foi5kZdBc70HPmlguvY6AzBILNrNiPDgKQLOITuIEI=,compute,40350,0
KlHCyREmtZ4VY1/T3jLdjdeouW8Dmu64PspMu2vxxi8=,70K0o8zDkrDL1ciDOlXcErh2ABKnwJbNlUn0HOMIo/k=,key-manager,40350,0
KUjJArjDn1TtZOi6AgYki1fUTC2PrU0LJFJ4ppHt3NQ=,kfr2A6K6TlvhQm4nz88Hczzkd2Aq5PlkxSpnmUUBAFs=,compute,40350,0
Kv7anzrQTWYDQRLCo1/pkMRV65HpvJCvSEjO/R8wHkc=,BTAJNDyd6/UQ+pfhTDdPGsothzJ+C5/C/g52a3DIlMw=,validator,40350,1666728947181896
kyMt+dLOuEKW1GXST1tQdf4AbEdc4zJt40/apqitmWA=,LQaKibf9tD8KXO210NhiDUHzXTsRIeK5l/3ITmfg118=,validator,40350,1625768560608148
lbxs4hlud9XNloIOdhJPaCahd7HtiY8QATCgGnFfCM0=,kfr2A6K6TlvhQm4nz88Hczzkd2Aq5PlkxSpnmUUBAFs=,validator,40350,1560038140897775
LgTO15JLPXUePfR3gsRYQgbvU7LBiOChEOmjrBSMaak=,/POAkC4yNT6kSDzUZHrQj3CNjohroRVMm5DW36xrLvI=,validator,40350,777502209644
LHA2Gbme/AReIFXmxwD9m/Ae8sZ1d2U/DFRfecT72YM=,Vt63FfFzNMgUngrMvnKks+icySi5LwkjniJEJMZAimM=,validator,40350,650692589383838
LI48Ol5Is045ijOAjiCiKFHKOyzwuGL6mMTr3F5cMdM=,bTok0el8GbmUzTAAgcQ78uww/TsgeWwXpM3N2S49qBQ=,compute,40350,0
lt3KIEsVunHEMDfgnekDbFFr7Y5aqXmNgbfJMzJzYDM=,5gBr+GeuXD6Dwbs1u0Nsrk0P/fbtdFou4W3JB0YGgSA=,validator,40350,414944784437278
lTC9wxlqYTUvXSV2bJxj0w2JWGdlY6pZFIx68V/qYB4=,7nCBfl1vRS4kn7G2yJZeZdwE8OFA4avUphWdCRrFhJM=,validator,40350,410504995949390
Lu0WKasV1u0Dx4TmbcrqnskNVpc1iP/+qCWTFKv+XPQ=,peLVyam58BHuhrsPoBZXnfCOA6FjRHsTtPz2h6ExIL8=,key-manager,40350,0
LuIdtuiEPLBJefXVieVruy4kf04jjp5CBJFWVes0ZuE=,WazI78lMcmjyCH5+5RKkkfOTUR+XheHIohlqMu+a9As=,compute,40350,0
LupNjD/E7Mgn0TKmUZeQRUpNwDadUyKinseDz28px5A=,drOpGoCNcPxc+MpfbJU7KoBqQZa0eTQUdjTDpe3qvrY=,validator,40350,864845191566474
MDRdg2CAm8zmal3EJgzZJAJcj5ouKiSxu17o2pUuog0=,LaKJUKndAqH57DVExspTjdRTRNGJOSqArzM0pm8REZw=,compute,40350,0
MDvOFuiehs/VbW/s0e6DTn5b4fnsteQhCVd9E7T80Hs=,TWLcdgEfahwyFPTC7nN3rZacPO2aXlLfZIDt7uXbzEI=,validator,40350,814611942864362
mIKW8IEDWZZxCRtDTvWQLpslvfUBwWxVAxLakwq25C8=,9yOiPY3NnNMpEzB+6XS/OqahzFwwX8mFhmT2fvbxlVI=,compute,40350,0
MJc6tzSAEQOxgduime6zcs8bhlfb79AaICG1Xi7fCFA=,pMObKfyj3dlGVgf55VX9NUAERkHLXteFvKExpOAn/tc=,validator,40350,780217238094406
MLczDReN6Kco4BF8GCI0+h1CALWxu37ZtWQNx+j3d8U=,UjRo9HS8ho/tkzQZyJ7AD//CqOuH0YvXILKTpmfD3dg=,validator,40350,7249370528365
MnmXWIpf1hEok0rIcynmHfYR6kvWuyH6VdCJARVN5oY=,RZowTXmfT+b6H6Vuz97VECIy2cq8tytTilv8AxbtvO8=,validator,40350,2116257184461467
mRRMUc8eU8zbqUWAiHDiBeRo6wqVImqQs91TxkGjuuU=,7DwKCCQV9THNLyTELQTBCWNPIHZJdAq7qGk1D7vx2zo=,validator,40350,341111612054303
MsTiqEMQ76/fJSS6knMtRFVboNFcghRWB5zwYlkhqHQ=,OeAJI+Y7ynLs7ot8jwbEGOchzDjr9pcwQLQUVz9NUtQ=,observer,40350,0
mzyTqDaPTimoJtrBiZLBcEbSLbb4loUB3+AoeVmVsBI=,DIbPacWGEiealk+226eYEafYmKJpD98PYoWp/tcPXJI=,compute,40350,0
napBTcD5bfZJuheWQLWrfMnvr0mgdjrd93cTJzpJD1I=,7hvHIq4ykrbyJPaEiEGetCisIXHVGTdpMYv5JhSwGFY=,validator,40350,1335861552354530
NM/XberrrMrvavGDCYc9CX8HPT1TPz1YHWuBaDArDHc=,fhXoWYc8Ml153jBBvFrQ4CRY7vnbCk9j269rVLeg7cE=,compute,40350,0
Nt7uVVgoz9DfwTAifgrhIgSQiOa5iet+O+fl65jVfVQ=,LaKJUKndAqH57DVExspTjdRTRNGJOSqArzM0pm8REZw=,validator,40350,1338755616607367
o5GsCptt8lelHPe2vSoEEBvSosOczh+cRom2+Gouhlo=,AX8zJsi0DnrrdwCi/8JJptXSy62kZgQcAYKlCYD4oN8=,validator,40350,2635119454068914
o8p0FlVg1Wlv+ZLKojWS7c0P4xZHklFt9frLW4B4QlE=,PrCDIA3uyoLqNOZJ1PrRWdyviFn6K0PWFz91qQ9QyTw=,compute,40350,0
oa9eUq1+PjwxAdUTlZoR+ttREGl9g5CmCRsSMQZdxtg=,15NByf2quI0o7ldl9BGy7j92+r8/e5FHHwRyICTUPqk=,observer,40350,0
oFa261SRphbFBQ+QW6xcd9SZBMJrzsmDrYecSblNHv0=,aiTgGyYB2l4uAMG93Ajq5S4EXPIRkYDg1ICLjWD45Ck=,validator,40350,4410412559682460
ojx8dtq/Uh5khHqLvbUeVa9QrvalhDxyhJqyARWdCuc=,kupW3Pt0XMeERSkdDWyZMU4oZrk0wGysVXVyqX3rylc=,compute,40350,0
oML3ffLYwPni7EcrkjQpK0/sPTe7Jq91VYnnd6HOin4=,kupW3Pt0XMeERSkdDWyZMU4oZrk0wGysVXVyqX3rylc=,"compute,validator",40350,4358632989867321
ONNtkoEg0gKzrYd+ERdUz5Xq/D7S72IyCGbc6lJQcZk=,WqBX+RyP1S8WsCuxrkwk1KUEqpPxkMSYyvl0rjL+NCo=,validator,40350,272568591378063
OP7xxC8xk/KD+BHEePKcG/YKvz9OR48UORDaKvo31M4=,klORAmjq81QKiUA0CsXaANxYVesTWM7CKdaSlm7u9tM=,compute,40350,0
orWbpXiShG+xIy/BxDtokUdZwNCg3A4oNSbqkpjbvZQ=,RMa2ER0wvraR+4u5QOGOrRTwmMVOYNcOot7sFppPRP0=,validator,40350,3145001701104957
P5PjvHDpeiFQGxh4OTaO6qXwRC0AJfhlTfwPj0ZYEzA=,+uMsNOARzhq1lJfh7bcoa3/iiUeLSYPMkQHgYICUF2A=,validator,40350,444709265031624
p7pJUBSdgF4PfgKrn8JJl4xhVZXMu9h1TfNlAU5VjBU=,1JttHp0rBBBHDOpPl8fAiLTcN9tUzxJGjk7llFcvhZQ=,validator,40350,519613947304491
pGkBYly79y2gJUEOau8XN04ErcfwrObO+W5+CYXJW5k=,aiTgGyYB2l4uAMG93Ajq5S4EXPIRkYDg1ICLjWD45Ck=,compute,40350,0
pjWGVgRla8SJGvBWIP5gPPHgxsr1c2EOsUP5KJvQjgk=,wCGlLKUiTNr9Ba49YA6dDuqm9rdtPcKKsKzHqMBn+rc=,validator,40350,2852245858550116
pMsFPxArtsPljgPnHQXuyqsgqpjAu7Bnlq2gQ0iEFrQ=,OeAJI+Y7ynLs7ot8jwbEGOchzDjr9pcwQLQUVz9NUtQ=,observer,40350,0
pnzDjfjrjsN+7TZJSw/HzZq+jA6HN3jPsSEOkh9kKWE=,iGs5cCGos/I5KQv82MwgGMNENaxy3bhuWdFXtINcu0U=,validator,40350,2001151953760564
POpjxTxuw2cJsgtgzgfhrkPD3hVh2oYkHmELHonPgpQ=,BBba0XfI4WSTroE+/YGcFthxbEC5jQJhWhl0jIBwke0=,validator,40350,754548039507283
PsfFUQrXqGoFtowWZcoc8ilh8xHP94LvNYHvqQHpw1E=,zAhtGrpk1L3bBLaP5enm3natUTCoj7MEFryq9+MG4tE=,"compute,validator",40350,7019257087700893
PyPDdRqa8GNjLqVYJeqWfplYL0Gj1chjpdx2Ebhel6Y=,OeAJI+Y7ynLs7ot8jwbEGOchzDjr9pcwQLQUVz9NUtQ=,observer,40350,0
QFAWexckwRHNxkIty67NCpY8LHwlrcGp/v0ziDSlgFs=,PrCDIA3uyoLqNOZJ1PrRWdyviFn6K0PWFz91qQ9QyTw=,validator,40350,1498494510200103
QZIlX6n68y2iGuLleKPd+9bXxOs0LUhfcRDJqiJiw7s=,RZowTXmfT+b6H6Vuz97VECIy2cq8tytTilv8AxbtvO8=,compute,40350,0
QZO6FbwgQSdQCehgy3xoeWBkVHSrR6FC/+5zNIHv8Sw=,OeAJI+Y7ynLs7ot8jwbEGOchzDjr9pcwQLQUVz9NUtQ=,observer,40350,0
r5d6MxZK8vMb1P5y5NSzi4uiofaUk3rfAwvYw6sV3ms=,XSQLBoubhOq/X86vKIj4Xzouo1Fhe39+kLF/2PDgKpM=,compute,40350,0
RClDxygiGYEFeO90jnfHAIXm2QrP5TNQ5F50N77zKY4=,GDWO0+R7qSrWB0bvT+V2Kz6vlHcm6ZnaNQM2/FsFqEA=,validator,40350,520902599503978
rczLI7bYocBYyQ+bsnHPNPKc+SJpunQiuxip/tNlolw=,UFXCpcvXBOHbxtObG4psGcn+LgZOedvDDUAqVengpPk=,compute,40350,0
REB7DjPPyYCknxakN3MyAOS746YWJtgE41g9ac+oZXU=,cgXH87+sYoe2mXsdDKWCyRvWZ8JqnVnxJkCq09LlBoI=,validator,40350,2363119847589901
ROe9AtvfOFX6bu+5vhRCR87qYXSzp5NfELBqB3Hdgrw=,RFpWeibJDHnfgoq9mO1BJcxyDbIstDi22ZBhvgXvE1Y=,validator,40350,757366641581688
RT7JKF5T1hlKXTYZsp4SL07f4IHG6O0SQppf8wnfr+Y=,T5k7PtOR01oZrdnZveDpO9AFpMUhEREZk7WSSfm8Gtg=,compute,40350,0
RyR58ibjevY8DqFHaqDfJhe1zm0XeY83hPk78qtcUic=,UFXCpcvXBOHbxtObG4psGcn+LgZOedvDDUAqVengpPk=,validator,40350,3070254673823859
RzMsfs49HQDT5fIVKQ+flR/sCJjrkKDPsc5ZS6O7VdM=,WXs7ElBlm30la2fG4oZDpubeFu5sKkjDVeflWo+YuIA=,compute,40350,0
S2eoEMq6Qzms5Yd/fIOhSEacHp7Pym0BfgBEmsijEDw=,p1VsfSsedbKn/5GzkPsr15XD+/AOIfbPda1/2yT84N4=,compute,40350,0
SCA1zoR15jpC2eugP1P/CZBQhMjHEtmJ7+hWemgTdWo=,9D+kziTxFhg77+cyt+Fwd6eXREkZ1wHw7WX7VG57MeA=,validator,40350,7506104245125052
SG1ZucgeUvIIZGlne1pH5PSkTqFapQ9lNjrptuRNOcI=,W3dPidk7Q+NVS6Q/248eS5K2IXpSbM6oQVXA6Kcxiao=,key-manager,40350,0
skPNqlh8lnR83RyK2clbAscktu5jY/fWq5OzcSZL6Iw=,erpPSkQwGnb9j+/qqyJmeRK2e1mhJc/Do78jNdpPjk0=,validator,40350,708733500952631
SKq6gjJOJEOtVn6fVHPO+B1GeSDsoQnNRyLS+eUGDKY=,9h2pHzNn2PBUpQhZxUzcLBbAbxh82CySXENxC3AQuU8=,validator,40350,76282302475458
/SmApjyyscHC7oYmWO3VMxwU4G0oNZm5VTc4fQM2tCo=,kupW3Pt0XMeERSkdDWyZMU4oZrk0wGysVXVyqX3rylc=,"compute,validator",40350,0
SQZZd1wsWXdFsqswUoh6hZtmzu+ejuSnrGeHtgIBJDo=,eZuacXy5s3/nolB/E3gF4vqUYdvfOlVaaBXGfZcGwKc=,validator,40350,8288829186293783
ST2B7aeKSspiFNy325rIh8alQIRVCDyZ5t8f2NKN3PU=,WXs7ElBlm30la2fG4oZDpubeFu5sKkjDVeflWo+YuIA=,compute,40350,0
SWzqmOU0EDxeQvko0tvQStepEdSjTdqhMQNEfoRonvI=,1YeMK0NAZtE1ZK8u6KWddkKGZoD5VLfG9EAZI3b8HzE=,validator,40350,901574811566360
T2gk0/AUHiR/QcQ72lWE6nunTZUDpQvI6XpCXVV9/eo=,15NByf2quI0o7ldl9BGy7j92+r8/e5FHHwRyICTUPqk=,observer,40350,0
T4dZNL3zN++JNPEDjB5lLY/Idcc9vvxl1YfCh30qUB8=,6reBpCKHsqMX1Y26o3p5V+95in5ka16I969CWyiRudY=,compute,40350,0
TK0FcEOwv/hU5TI8PqWrhQiOy8VfP0vc8m7QViD4VMo=,Y+ve+O0hlBco/1YzuFODIn7Jo3D5c9BOqduhc7KZM8E=,validator,40350,315917017252704
TMmNbzQFfQDaBowZkFVRALBjy6fjzL6Q1kZIU5rqTtE=,oOVxTw2hEYgYvSrTjjKODCt/Soy3OLcQV9YBy/PF/xY=,"compute,validator",40350,4600756999058712
TouB5jlcY41yTZS1iwzn1J73lqynSX7tvBvNI8smL68=,OeAJI+Y7ynLs7ot8jwbEGOchzDjr9pcwQLQUVz9NUtQ=,observer,40350,0
u0ljAJgP5+HyEykOsa+tEqXdKJD41/5bxJ5tAA9eIxg=,KVsiBHzBommqe0VwchA2QHqp/JT8B136up4Ru+r/xkg=,validator,40350,48771824311882
U7xmDzxndm9uL4qfFWau6d1dadgeH2yEP6q1L332lTE=,Z3uLK0KpBUE/sQcianpZy/Dkock7RzOOvI4TJnfJvik=,validator,40350,603431642492871
UCKrtVNlmCaCdKpMMDT8AQxqVs/JP1/zQUH4yxUY4mM=,1aTTEfSIcVxsPS86uIA7rSD2Jmb+aIVj1grCEjyzlzQ=,compute,40350,0
UkkubHbsH4ptdieTlL2qbki94Ff6xp5RNz08hIGx4ow=,1aTTEfSIcVxsPS86uIA7rSD2Jmb+aIVj1grCEjyzlzQ=,compute,40350,0
uNxtqFgMoIgjjZ4h235lwQlj+7XEVRiedq5i9aOHr/M=,RFpWeibJDHnfgoq9mO1BJcxyDbIstDi22ZBhvgXvE1Y=,compute,40350,0
U+oQq8a984jhe0BAYJJwzOXaJMmRdxKIlLlfGQscRxU=,9yOiPY3NnNMpEzB+6XS/OqahzFwwX8mFhmT2fvbxlVI=,compute,40350,0
/uPv2gq/+gD/ytd1QkWsNKi68EcHVyg/Pv+Pi2Z1ynk=,9yOiPY3NnNMpEzB+6XS/OqahzFwwX8mFhmT2fvbxlVI=,compute,40350,0
urRVg0K+6UhuxOnRE1/wIiPuuTu188orpsLDTz5NFTw=,nZoBfua/odt7fZThkfzGQo2oBp8UnEj+VpG52SB8onM=,compute,40350,0
uvPTOOyC+Kb+Hl3Pw34S3/YC9IerAdZncyW08LIaTtw=,WazI78lMcmjyCH5+5RKkkfOTUR+XheHIohlqMu+a9As=,compute,40350,0
UZ3Fz1nYHt41zR1eyL1g0kocea3WMUsbfoAkOvBcZko=,1kZdUPgo42/mQB8rIsCQBPeqkJr1VEBX+4lZfUo6bAA=,validator,40350,157002154079943
V1e0MLFxqQo79+Y9HL8EBao8oPsifyyTHlOlhVh6XaY=,aiTgGyYB2l4uAMG93Ajq5S4EXPIRkYDg1ICLjWD45Ck=,compute,40350,0
vBGuFf/8tdEMQPiiPggnLlWT9aCbIQgNcRM+EKh2kX0=,aOefxt5MUuXEbErxpD+ZttJWh/3d9if+t+PBTeAgKpo=,validator,40350,612132453735714
vCv8jZxRXGLds7mYffKoOUoUrocJeB84iCYqixivXLA=,BdSzNycR8Y3MdHooxU0vtOEPr3ZG9KD5p8wxHtvueUU=,compute,40350,0
VHs9SQr/IC3ElqF1rNxFuCrkx/pWbhy46So19MQlZLE=,iNKCs9v4NJCuApCLPD4bRBoqTs/5DBxS0hourBkhxQo=,validator,40350,1331788775324701
vI2QpEG/5LYwU+Fp52QsYxdRMRoy9j+pdJSb23tW3ng=,PrCDIA3uyoLqNOZJ1PrRWdyviFn6K0PWFz91qQ9QyTw=,compute,40350,0
vlG7mUtP7s2PsnARfyrI3mW/q4pcqRi3SHk2GxmQ2NM=,wCGlLKUiTNr9Ba49YA6dDuqm9rdtPcKKsKzHqMBn+rc=,compute,40350,0
VmE8xXf9hGi7d0TTGWk9EgrLws+Vl1XKHMiSyeuNtAg=,21+iPu/omYBN7X5cUY4QnD4b9VVuAiW/u8uABqt2VjM=,validator,40350,0
vMQ22VnjLoqniEhCIaIIMvmIBykplV4rqawcGdvFAqY=,6reBpCKHsqMX1Y26o3p5V+95in5ka16I969CWyiRudY=,validator,40350,811235257732774
Vql2WfvlHnF0delOCNiV34Gizw05hCpZfsekGav7F9I=,AaemJ+W/+IKfvWQSVjwVFLU4M7g9VyDgbFQfWNqkU2Q=,validator,40350,397716273061638
wdxW8Bk1hZvQANQHRCO8MzbgRsdC5c7mpLjsNYLM82I=,/AI8TCLc1a5U98yBoxOji5bheVT1pc75v+tGDdM6se4=,"compute,validator",40350,1612812739288096
wJVgUuxgCpCckMpw4QgunZdy/J3nnSZffLeyMurc3Ro=,GWFe/vusokrOHlV72ar/2ioTyhd6KLix73HMYigMJ+g=,validator,40350,82315910899
wUwFhNRaqtIxt+rilTsggYm4Thwk8e6lxAUmWtYAyvY=,iNKCs9v4NJCuApCLPD4bRBoqTs/5DBxS0hourBkhxQo=,compute,40350,0
wZNYpW5PIb2M/Y8IlaBJ6YrHY89QV2JMT3CiNmou7Tg=,cVGc1fI6xu0WeI2GUrLIwDpH/JtBE3PwD+P66YkSKg8=,compute,40350,0
x8DFPc8E9BZxLJKbh51xj41es3R53AkJERfMEyRCrbk=,21+iPu/omYBN7X5cUY4QnD4b9VVuAiW/u8uABqt2VjM=,"compute,validator",40350,4392854678415590
XanOOptLq+tmEky6Olf3dVO6HZcUJs8f6ESxIvMmO0E=,sDi9ZxHYB+rHTpVh4abNFXDMRSecfGe4QzbyGK8ZgQg=,validator,40350,2576880971814195
XCiPWblWT3n1aN2NI0vslmlfV9GOkxE2Ih2SI66ZR38=,nw+8VTk+LbrZ4mSmeKYuQGu/swFgAOpPB5ls4STzh1g=,"compute,validator",40350,4702513791152983
xHvUU4I+dQ4oKvlfe4IXoKi8OT8vdAgfszQ5ciPL6HI=,WazI78lMcmjyCH5+5RKkkfOTUR+XheHIohlqMu+a9As=,validator,40350,6806105930590419
y4LZvdQ/k9RBiPLSvBHt/8GhbOVEHY/LfIdgk0iXUho=,nZoBfua/odt7fZThkfzGQo2oBp8UnEj+VpG52SB8onM=,validator,40350,590580893435516
y6LXNa3NMtZzeXnz9GNBj9MZuSCwBvfBLkZu2YG2fU4=,cVGc1fI6xu0WeI2GUrLIwDpH/JtBE3PwD+P66YkSKg8=,validator,40350,4004463703842004
yFJ3E+vjY1g2x4fGGkIrfM1mRCg+5Ri+cKELTyGlTMk=,ec2xIwO8mRx8EFoee05rLE3WNSSajX7X5dm8UzN33ro=,validator,40350,14140051622632
YojWrKWRRiPmKkHqMESHFz9iTFbeCpd7GL4CGpEAxkw=,1aTTEfSIcVxsPS86uIA7rSD2Jmb+aIVj1grCEjyzlzQ=,compute,40350,0
yshDbuXFis8PQTRGsExAHa1N0bgY1z2N88dDOB7R99E=,BdSzNycR8Y3MdHooxU0vtOEPr3ZG9KD5p8wxHtvueUU=,validator,40350,564791904169687
YTHRajyCrIwOiys1ktOarSUyV1NVolvAw6DQqhaXg6w=,RFpWeibJDHnfgoq9mO1BJcxyDbIstDi22ZBhvgXvE1Y=,compute,40350,0
Y/wwhwec6KZFgmM25vKNCTw1FS71/9iv5Q2lWtFX2PA=,UDV5FoaIkssdSFWC4asZtxvsyagoyrIS5rPX8p/np2U=,validator,40350,4205409868279184
ZbybO0JMEkwg1+LdEUTh8Vmx0d9u7RUZHZnD73gWpIs=,tcon38rBr3dHmURuXOTUFpDPKwE4eOU82F121rX9esE=,compute,40350,0
zibJtnvTpDotvOK3a3nNYmlYwg/K4TdZB781TQCEAT4=,N+3/m12DoAqzFS0yF3R/kXSkSj7pZnWhq8nRCo/MKwk=,compute,40350,0
+zVbgQqOdY90Z2NQKXFByNT0OwLxj/Ho4j4qT5u2yKM=,4gbOOU09bcyvM53Up1lTnP+sLb0feniJu0OcUUPCBSs=,"compute,validator",40350,1546696215756714
zyeTc1sEppdSifR/hGuPlhfHalQ3Lq+Hl2HS52O98Eg=,BkBqXMdd10xDKn7b/iIXycHLBaroci6xoFxoEN1kQ+A=,validator,40350,24550263654128
