id,start_height,end_height,sorted_validators
40344,24214731,24214755,"{1aTTEfSIcVxsPS86uIA7rSD2Jmb+aIVj1grCEjyzlzQ=,1JttHp0rBBBHDOpPl8fAiLTcN9tUzxJGjk7llFcvhZQ=,1kZdUPgo42/mQB8rIsCQBPeqkJr1VEBX+4lZfUo6bAA=,1YeMK0NAZtE1ZK8u6KWddkKGZoD5VLfG9EAZI3b8HzE=,21+iPu/omYBN7X5cUY4QnD4b9VVuAiW/u8uABqt2VjM=,29VJbrrthqvw/ti3Vj7cASwkM9VMVa/RTKiwMBdWDQk=,2bgTFAzVLsQuQnA7cNn/pRLJvemueq/73GhzFFDVdZc=,32KS5Z9LWTD2UEUOqhRwZyJvb0lb12iiE9UYgoFjsKQ=,3DRMMM7ye2HREvk8zz06OjMG6BuWjs84PLdSYChNHAw=,3NKMT/Qz11e2xklwSCV/zeawLE3BIO/Rn4LfaV47QJI=,4gbOOU09bcyvM53Up1lTnP+sLb0feniJu0OcUUPCBSs=,5gBr+GeuXD6Dwbs1u0Nsrk0P/fbtdFou4W3JB0YGgSA=,6reBpCKHsqMX1Y26o3p5V+95in5ka16I969CWyiRudY=,7DwKCCQV9THNLyTELQTBCWNPIHZJdAq7qGk1D7vx2zo=,7hvHIq4ykrbyJPaEiEGetCisIXHVGTdpMYv5JhSwGFY=,7nCBfl1vRS4kn7G2yJZeZdwE8OFA4avUphWdCRrFhJM=,8rh2lgEm7QscCrLkVqcLMkRxfbNDIe+laI4H8nI/d74=,9D+kziTxFhg77+cyt+Fwd6eXREkZ1wHw7WX7VG57MeA=,9h2pHzNn2PBUpQhZxUzcLBbAbxh82CySXENxC3AQuU8=,9+lM5vQ1g+cVzjaNM78gxw1yUegVj57tHDbpN7DKIvw=,9NtPTr6f0Sc0+y/z3as4OzytmNHgrD8SV541PBKb2XA=,9sAhd+Wi6tG5nAr3LwXD0y9mUKLYqfAbS2+7SZdNHB4=,9yOiPY3NnNMpEzB+6XS/OqahzFwwX8mFhmT2fvbxlVI=,AaemJ+W/+IKfvWQSVjwVFLU4M7g9VyDgbFQfWNqkU2Q=,/AI8TCLc1a5U98yBoxOji5bheVT1pc75v+tGDdM6se4=,aiTgGyYB2l4uAMG93Ajq5S4EXPIRkYDg1ICLjWD45Ck=,aOefxt5MUuXEbErxpD+ZttJWh/3d9if+t+PBTeAgKpo=,AX8zJsi0DnrrdwCi/8JJptXSy62kZgQcAYKlCYD4oN8=,bb1zWp0gzS1ij1OY3KzxC0BJNdqkAiJ26z3iD8slt7c=,BBba0XfI4WSTroE+/YGcFthxbEC5jQJhWhl0jIBwke0=,BdSzNycR8Y3MdHooxU0vtOEPr3ZG9KD5p8wxHtvueUU=,BkBqXMdd10xDKn7b/iIXycHLBaroci6xoFxoEN1kQ+A=,BTAJNDyd6/UQ+pfhTDdPGsothzJ+C5/C/g52a3DIlMw=,bTok0el8GbmUzTAAgcQ78uww/TsgeWwXpM3N2S49qBQ=,cgXH87+sYoe2mXsdDKWCyRvWZ8JqnVnxJkCq09LlBoI=,c+Kr/VTZLJes6N2u6nTEj7aWje8wHApJeVEoOdvhCh8=,cVGc1fI6xu0WeI2GUrLIwDpH/JtBE3PwD+P66YkSKg8=,D8oCKJab4LtOMQJR0YQZXx+fMw6QHyTiv3YCfN8tM18=,DIbPacWGEiealk+226eYEafYmKJpD98PYoWp/tcPXJI=,drOpGoCNcPxc+MpfbJU7KoBqQZa0eTQUdjTDpe3qvrY=,ec2xIwO8mRx8EFoee05rLE3WNSSajX7X5dm8UzN33ro=,erpPSkQwGnb9j+/qqyJmeRK2e1mhJc/Do78jNdpPjk0=,eZuacXy5s3/nolB/E3gF4vqUYdvfOlVaaBXGfZcGwKc=,F5eduX4m4O/ot3UcFs3iQk1ZPUuG43kuxGI9sZz95uU=,FDqRmM1FyhaGas+lquWmGAKgMsU2rj7UESAlnOHtxco=,fhXoWYc8Ml153jBBvFrQ4CRY7vnbCk9j269rVLeg7cE=,/Foi5kZdBc70HPmlguvY6AzBILNrNiPDgKQLOITuIEI=,g9UqzvW6JvfKrflRKbCPBpm41rH/O+4apCK+KkD2tG4=,GDWO0+R7qSrWB0bvT+V2Kz6vlHcm6ZnaNQM2/FsFqEA=,GWFe/vusokrOHlV72ar/2ioTyhd6KLix73HMYigMJ+g=,Hgacs48hpElimzXAoMmox5T7sAalPLp7vdVr1wAPevo=,hNBVs2ay1IWvufQwX0TbYA6X4ocKaMpzpyaMTHggi6Q=,iGs5cCGos/I5KQv82MwgGMNENaxy3bhuWdFXtINcu0U=,iNKCs9v4NJCuApCLPD4bRBoqTs/5DBxS0hourBkhxQo=,IYoCG9YW+623ri5Mgzr0rcrnJTGaLhTeq/JdOzMx2Mw=,izy38AmUeU4b4L23kVy4BlxbkHGOPy4KPSSLnJglrV0=,J2nwlXuYEPNZ0mMH2Phg5RofbZzj65xDvQMNdy9Ji0E=,J3ou5m1abrwcbYwTksSj1Hj21QoDjyrSkjB40rEKV4E=,JuHLTlYMfnBtwHawFRRqvMOi+1P0mx+mfhFqnrpo3L0=,jzTWYikeN6NIuMQ6l4iqdDOF9jyfOJG2FcnQaNBn9+s=,kfr2A6K6TlvhQm4nz88Hczzkd2Aq5PlkxSpnmUUBAFs=,KJ6lElmvyHyJfV22d58nkWc7JJECyh+0fYskFNFfQ4s=,klORAmjq81QKiUA0CsXaANxYVesTWM7CKdaSlm7u9tM=,KmMS+RzjQ9vm9J2aX9YihJnmmSc/IBquCysbhPxVDFM=,kN01v7L/wv6hvrd1ak83pgCedGDnpgbGJVkXezhUUJ8=,ko5wr5SMqhKb+P1kimM1EF/T4SqvW/WjSOwPHigQl+k=,kupW3Pt0XMeERSkdDWyZMU4oZrk0wGysVXVyqX3rylc=,KVsiBHzBommqe0VwchA2QHqp/JT8B136up4Ru+r/xkg=,L4OY/0mNEduAS9z6jh2xLp72b8gZURgcrd76AOiRIXk=,LaKJUKndAqH57DVExspTjdRTRNGJOSqArzM0pm8REZw=,LQaKibf9tD8KXO210NhiDUHzXTsRIeK5l/3ITmfg118=,MfN+qM5pwFRl6i/UVDSBll2UB0D6b2vKy7He1g5CEok=,N+3/m12DoAqzFS0yF3R/kXSkSj7pZnWhq8nRCo/MKwk=,nmChk8o5/EMAsbtGJLfPVJ0gBUN3nr4x8Llq4++BPJw=,NPpx1ozb2JfWypxnksSzRHi+fLA2w2YpWmtZvEptMNk=,nw+8VTk+LbrZ4mSmeKYuQGu/swFgAOpPB5ls4STzh1g=,nZoBfua/odt7fZThkfzGQo2oBp8UnEj+VpG52SB8onM=,o8leC3xb2Wsrt3FwX33R9S9vKQJR8zPBSB62YyNRAQc=,oOVxTw2hEYgYvSrTjjKODCt/Soy3OLcQV9YBy/PF/xY=,p1VsfSsedbKn/5GzkPsr15XD+/AOIfbPda1/2yT84N4=,pMObKfyj3dlGVgf55VX9NUAERkHLXteFvKExpOAn/tc=,/POAkC4yNT6kSDzUZHrQj3CNjohroRVMm5DW36xrLvI=,PrCDIA3uyoLqNOZJ1PrRWdyviFn6K0PWFz91qQ9QyTw=,Qeign1c5EYmWrFOU2iydJ3zQUP5yQoNbdxckqLpVYfI=,QNXjdhgd/NSfLbHeZB0n8yv5dSyl6jm4MSHjjduuj5M=,RFpWeibJDHnfgoq9mO1BJcxyDbIstDi22ZBhvgXvE1Y=,RMa2ER0wvraR+4u5QOGOrRTwmMVOYNcOot7sFppPRP0=,RZowTXmfT+b6H6Vuz97VECIy2cq8tytTilv8AxbtvO8=,sDi9ZxHYB+rHTpVh4abNFXDMRSecfGe4QzbyGK8ZgQg=,T5k7PtOR01oZrdnZveDpO9AFpMUhEREZk7WSSfm8Gtg=,tcon38rBr3dHmURuXOTUFpDPKwE4eOU82F121rX9esE=,tvPlmGHv5aokL9MMBqNAkSOygldJIlRTmSIvCwuh0rU=,TWLcdgEfahwyFPTC7nN3rZacPO2aXlLfZIDt7uXbzEI=,UDV5FoaIkssdSFWC4asZtxvsyagoyrIS5rPX8p/np2U=,UFXCpcvXBOHbxtObG4psGcn+LgZOedvDDUAqVengpPk=,UjRo9HS8ho/tkzQZyJ7AD//CqOuH0YvXILKTpmfD3dg=,UkwjS1YvEfHx9b6MMT5Q1WvCY3aWn2lxRDsB/Pw+zGk=,+uMsNOARzhq1lJfh7bcoa3/iiUeLSYPMkQHgYICUF2A=,uxSkvFu6x4MIYV+M1VrDu3m/qbADs/1Ae3mWAcEmnaQ=,VsrHPScBde1FUb+BDWONvLxxwKOKevLB7FRbUAaiF+Y=,Vt63FfFzNMgUngrMvnKks+icySi5LwkjniJEJMZAimM=,WazI78lMcmjyCH5+5RKkkfOTUR+XheHIohlqMu+a9As=,wCGlLKUiTNr9Ba49YA6dDuqm9rdtPcKKsKzHqMBn+rc=,WKCE1sMmJLe+DsdIQBMkPiKEgBpAQO+PjCeWjmLA1EM=,WqBX+RyP1S8WsCuxrkwk1KUEqpPxkMSYyvl0rjL+NCo=,WXs7ElBlm30la2fG4oZDpubeFu5sKkjDVeflWo+YuIA=,xQN6ffLSdc51EfEQ2BzltK1iWYAw6Y1CkBAbFzlhhEQ=,XSQLBoubhOq/X86vKIj4Xzouo1Fhe39+kLF/2PDgKpM=,YDHYz/R+Y7pCodhmgkCqzoqqN54gzRfVE5fjZriX+RI=,/ylWdaid2DDlI4BMVkX6gAR6eaBYlLolHbjCmHitrzc=,Y+ve+O0hlBco/1YzuFODIn7Jo3D5c9BOqduhc7KZM8E=,Z3uLK0KpBUE/sQcianpZy/Dkock7RzOOvI4TJnfJvik=,zAhtGrpk1L3bBLaP5enm3natUTCoj7MEFryq9+MG4tE=,/ZcvHCNyKIwyFEF075X1wqFGhKxEhYeJRdDtoyaTC/w=}"
40345,24214756,24215355,"{1aTTEfSIcVxsPS86uIA7rSD2Jmb+aIVj1grCEjyzlzQ=,1JttHp0rBBBHDOpPl8fAiLTcN9tUzxJGjk7llFcvhZQ=,1kZdUPgo42/mQB8rIsCQBPeqkJr1VEBX+4lZfUo6bAA=,1YeMK0NAZtE1ZK8u6KWddkKGZoD5VLfG9EAZI3b8HzE=,21+iPu/omYBN7X5cUY4QnD4b9VVuAiW/u8uABqt2VjM=,29VJbrrthqvw/ti3Vj7cASwkM9VMVa/RTKiwMBdWDQk=,2bgTFAzVLsQuQnA7cNn/pRLJvemueq/73GhzFFDVdZc=,32KS5Z9LWTD2UEUOqhRwZyJvb0lb12iiE9UYgoFjsKQ=,3DRMMM7ye2HREvk8zz06OjMG6BuWjs84PLdSYChNHAw=,3NKMT/Qz11e2xklwSCV/zeawLE3BIO/Rn4LfaV47QJI=,4gbOOU09bcyvM53Up1lTnP+sLb0feniJu0OcUUPCBSs=,5gBr+GeuXD6Dwbs1u0Nsrk0P/fbtdFou4W3JB0YGgSA=,6reBpCKHsqMX1Y26o3p5V+95in5ka16I969CWyiRudY=,7DwKCCQV9THNLyTELQTBCWNPIHZJdAq7qGk1D7vx2zo=,7hvHIq4ykrbyJPaEiEGetCisIXHVGTdpMYv5JhSwGFY=,7nCBfl1vRS4kn7G2yJZeZdwE8OFA4avUphWdCRrFhJM=,8rh2lgEm7QscCrLkVqcLMkRxfbNDIe+laI4H8nI/d74=,9D+kziTxFhg77+cyt+Fwd6eXREkZ1wHw7WX7VG57MeA=,9h2pHzNn2PBUpQhZxUzcLBbAbxh82CySXENxC3AQuU8=,9+lM5vQ1g+cVzjaNM78gxw1yUegVj57tHDbpN7DKIvw=,9NtPTr6f0Sc0+y/z3as4OzytmNHgrD8SV541PBKb2XA=,9sAhd+Wi6tG5nAr3LwXD0y9mUKLYqfAbS2+7SZdNHB4=,9yOiPY3NnNMpEzB+6XS/OqahzFwwX8mFhmT2fvbxlVI=,AaemJ+W/+IKfvWQSVjwVFLU4M7g9VyDgbFQfWNqkU2Q=,/AI8TCLc1a5U98yBoxOji5bheVT1pc75v+tGDdM6se4=,aiTgGyYB2l4uAMG93Ajq5S4EXPIRkYDg1ICLjWD45Ck=,aOefxt5MUuXEbErxpD+ZttJWh/3d9if+t+PBTeAgKpo=,AX8zJsi0DnrrdwCi/8JJptXSy62kZgQcAYKlCYD4oN8=,bb1zWp0gzS1ij1OY3KzxC0BJNdqkAiJ26z3iD8slt7c=,BBba0XfI4WSTroE+/YGcFthxbEC5jQJhWhl0jIBwke0=,BdSzNycR8Y3MdHooxU0vtOEPr3ZG9KD5p8wxHtvueUU=,BkBqXMdd10xDKn7b/iIXycHLBaroci6xoFxoEN1kQ+A=,BTAJNDyd6/UQ+pfhTDdPGsothzJ+C5/C/g52a3DIlMw=,bTok0el8GbmUzTAAgcQ78uww/TsgeWwXpM3N2S49qBQ=,cgXH87+sYoe2mXsdDKWCyRvWZ8JqnVnxJkCq09LlBoI=,c+Kr/VTZLJes6N2u6nTEj7aWje8wHApJeVEoOdvhCh8=,cVGc1fI6xu0WeI2GUrLIwDpH/JtBE3PwD+P66YkSKg8=,D8oCKJab4LtOMQJR0YQZXx+fMw6QHyTiv3YCfN8tM18=,DIbPacWGEiealk+226eYEafYmKJpD98PYoWp/tcPXJI=,drOpGoCNcPxc+MpfbJU7KoBqQZa0eTQUdjTDpe3qvrY=,ec2xIwO8mRx8EFoee05rLE3WNSSajX7X5dm8UzN33ro=,erpPSkQwGnb9j+/qqyJmeRK2e1mhJc/Do78jNdpPjk0=,eZuacXy5s3/nolB/E3gF4vqUYdvfOlVaaBXGfZcGwKc=,F5eduX4m4O/ot3UcFs3iQk1ZPUuG43kuxGI9sZz95uU=,FDqRmM1FyhaGas+lquWmGAKgMsU2rj7UESAlnOHtxco=,fhXoWYc8Ml153jBBvFrQ4CRY7vnbCk9j269rVLeg7cE=,/Foi5kZdBc70HPmlguvY6AzBILNrNiPDgKQLOITuIEI=,g9UqzvW6JvfKrflRKbCPBpm41rH/O+4apCK+KkD2tG4=,GDWO0+R7qSrWB0bvT+V2Kz6vlHcm6ZnaNQM2/FsFqEA=,GWFe/vusokrOHlV72ar/2ioTyhd6KLix73HMYigMJ+g=,Hgacs48hpElimzXAoMmox5T7sAalPLp7vdVr1wAPevo=,hNBVs2ay1IWvufQwX0TbYA6X4ocKaMpzpyaMTHggi6Q=,iGs5cCGos/I5KQv82MwgGMNENaxy3bhuWdFXtINcu0U=,iNKCs9v4NJCuApCLPD4bRBoqTs/5DBxS0hourBkhxQo=,IYoCG9YW+623ri5Mgzr0rcrnJTGaLhTeq/JdOzMx2Mw=,izy38AmUeU4b4L23kVy4BlxbkHGOPy4KPSSLnJglrV0=,J2nwlXuYEPNZ0mMH2Phg5RofbZzj65xDvQMNdy9Ji0E=,J3ou5m1abrwcbYwTksSj1Hj21QoDjyrSkjB40rEKV4E=,JuHLTlYMfnBtwHawFRRqvMOi+1P0mx+mfhFqnrpo3L0=,jzTWYikeN6NIuMQ6l4iqdDOF9jyfOJG2FcnQaNBn9+s=,kfr2A6K6TlvhQm4nz88Hczzkd2Aq5PlkxSpnmUUBAFs=,KJ6lElmvyHyJfV22d58nkWc7JJECyh+0fYskFNFfQ4s=,klORAmjq81QKiUA0CsXaANxYVesTWM7CKdaSlm7u9tM=,KmMS+RzjQ9vm9J2aX9YihJnmmSc/IBquCysbhPxVDFM=,kN01v7L/wv6hvrd1ak83pgCedGDnpgbGJVkXezhUUJ8=,ko5wr5SMqhKb+P1kimM1EF/T4SqvW/WjSOwPHigQl+k=,kupW3Pt0XMeERSkdDWyZMU4oZrk0wGysVXVyqX3rylc=,KVsiBHzBommqe0VwchA2QHqp/JT8B136up4Ru+r/xkg=,L4OY/0mNEduAS9z6jh2xLp72b8gZURgcrd76AOiRIXk=,LaKJUKndAqH57DVExspTjdRTRNGJOSqArzM0pm8REZw=,LQaKibf9tD8KXO210NhiDUHzXTsRIeK5l/3ITmfg118=,MfN+qM5pwFRl6i/UVDSBll2UB0D6b2vKy7He1g5CEok=,N+3/m12DoAqzFS0yF3R/kXSkSj7pZnWhq8nRCo/MKwk=,nmChk8o5/EMAsbtGJLfPVJ0gBUN3nr4x8Llq4++BPJw=,NPpx1ozb2JfWypxnksSzRHi+fLA2w2YpWmtZvEptMNk=,nw+8VTk+LbrZ4mSmeKYuQGu/swFgAOpPB5ls4STzh1g=,nZoBfua/odt7fZThkfzGQo2oBp8UnEj+VpG52SB8onM=,o8leC3xb2Wsrt3FwX33R9S9vKQJR8zPBSB62YyNRAQc=,oOVxTw2hEYgYvSrTjjKODCt/Soy3OLcQV9YBy/PF/xY=,p1VsfSsedbKn/5GzkPsr15XD+/AOIfbPda1/2yT84N4=,pMObKfyj3dlGVgf55VX9NUAERkHLXteFvKExpOAn/tc=,/POAkC4yNT6kSDzUZHrQj3CNjohroRVMm5DW36xrLvI=,PrCDIA3uyoLqNOZJ1PrRWdyviFn6K0PWFz91qQ9QyTw=,Qeign1c5EYmWrFOU2iydJ3zQUP5yQoNbdxckqLpVYfI=,QNXjdhgd/NSfLbHeZB0n8yv5dSyl6jm4MSHjjduuj5M=,RFpWeibJDHnfgoq9mO1BJcxyDbIstDi22ZBhvgXvE1Y=,RMa2ER0wvraR+4u5QOGOrRTwmMVOYNcOot7sFppPRP0=,RZowTXmfT+b6H6Vuz97VECIy2cq8tytTilv8AxbtvO8=,sDi9ZxHYB+rHTpVh4abNFXDMRSecfGe4QzbyGK8ZgQg=,T5k7PtOR01oZrdnZveDpO9AFpMUhEREZk7WSSfm8Gtg=,tcon38rBr3dHmURuXOTUFpDPKwE4eOU82F121rX9esE=,tvPlmGHv5aokL9MMBqNAkSOygldJIlRTmSIvCwuh0rU=,TWLcdgEfahwyFPTC7nN3rZacPO2aXlLfZIDt7uXbzEI=,UDV5FoaIkssdSFWC4asZtxvsyagoyrIS5rPX8p/np2U=,UFXCpcvXBOHbxtObG4psGcn+LgZOedvDDUAqVengpPk=,UjRo9HS8ho/tkzQZyJ7AD//CqOuH0YvXILKTpmfD3dg=,UkwjS1YvEfHx9b6MMT5Q1WvCY3aWn2lxRDsB/Pw+zGk=,+uMsNOARzhq1lJfh7bcoa3/iiUeLSYPMkQHgYICUF2A=,uxSkvFu6x4MIYV+M1VrDu3m/qbADs/1Ae3mWAcEmnaQ=,VsrHPScBde1FUb+BDWONvLxxwKOKevLB7FRbUAaiF+Y=,Vt63FfFzNMgUngrMvnKks+icySi5LwkjniJEJMZAimM=,WazI78lMcmjyCH5+5RKkkfOTUR+XheHIohlqMu+a9As=,wCGlLKUiTNr9Ba49YA6dDuqm9rdtPcKKsKzHqMBn+rc=,WKCE1sMmJLe+DsdIQBMkPiKEgBpAQO+PjCeWjmLA1EM=,WqBX+RyP1S8WsCuxrkwk1KUEqpPxkMSYyvl0rjL+NCo=,WXs7ElBlm30la2fG4oZDpubeFu5sKkjDVeflWo+YuIA=,xQN6ffLSdc51EfEQ2BzltK1iWYAw6Y1CkBAbFzlhhEQ=,XSQLBoubhOq/X86vKIj4Xzouo1Fhe39+kLF/2PDgKpM=,YDHYz/R+Y7pCodhmgkCqzoqqN54gzRfVE5fjZriX+RI=,/ylWdaid2DDlI4BMVkX6gAR6eaBYlLolHbjCmHitrzc=,Y+ve+O0hlBco/1YzuFODIn7Jo3D5c9BOqduhc7KZM8E=,Z3uLK0KpBUE/sQcianpZy/Dkock7RzOOvI4TJnfJvik=,zAhtGrpk1L3bBLaP5enm3natUTCoj7MEFryq9+MG4tE=,/ZcvHCNyKIwyFEF075X1wqFGhKxEhYeJRdDtoyaTC/w=}"
40346,24215356,24215955,"{1aTTEfSIcVxsPS86uIA7rSD2Jmb+aIVj1grCEjyzlzQ=,1JttHp0rBBBHDOpPl8fAiLTcN9tUzxJGjk7llFcvhZQ=,1kZdUPgo42/mQB8rIsCQBPeqkJr1VEBX+4lZfUo6bAA=,1YeMK0NAZtE1ZK8u6KWddkKGZoD5VLfG9EAZI3b8HzE=,21+iPu/omYBN7X5cUY4QnD4b9VVuAiW/u8uABqt2VjM=,29VJbrrthqvw/ti3Vj7cASwkM9VMVa/RTKiwMBdWDQk=,2bgTFAzVLsQuQnA7cNn/pRLJvemueq/73GhzFFDVdZc=,32KS5Z9LWTD2UEUOqhRwZyJvb0lb12iiE9UYgoFjsKQ=,3DRMMM7ye2HREvk8zz06OjMG6BuWjs84PLdSYChNHAw=,3NKMT/Qz11e2xklwSCV/zeawLE3BIO/Rn4LfaV47QJI=,4gbOOU09bcyvM53Up1lTnP+sLb0feniJu0OcUUPCBSs=,5gBr+GeuXD6Dwbs1u0Nsrk0P/fbtdFou4W3JB0YGgSA=,6reBpCKHsqMX1Y26o3p5V+95in5ka16I969CWyiRudY=,7DwKCCQV9THNLyTELQTBCWNPIHZJdAq7qGk1D7vx2zo=,7hvHIq4ykrbyJPaEiEGetCisIXHVGTdpMYv5JhSwGFY=,7nCBfl1vRS4kn7G2yJZeZdwE8OFA4avUphWdCRrFhJM=,8rh2lgEm7QscCrLkVqcLMkRxfbNDIe+laI4H8nI/d74=,9D+kziTxFhg77+cyt+Fwd6eXREkZ1wHw7WX7VG57MeA=,9h2pHzNn2PBUpQhZxUzcLBbAbxh82CySXENxC3AQuU8=,9+lM5vQ1g+cVzjaNM78gxw1yUegVj57tHDbpN7DKIvw=,9NtPTr6f0Sc0+y/z3as4OzytmNHgrD8SV541PBKb2XA=,9sAhd+Wi6tG5nAr3LwXD0y9mUKLYqfAbS2+7SZdNHB4=,9yOiPY3NnNMpEzB+6XS/OqahzFwwX8mFhmT2fvbxlVI=,AaemJ+W/+IKfvWQSVjwVFLU4M7g9VyDgbFQfWNqkU2Q=,/AI8TCLc1a5U98yBoxOji5bheVT1pc75v+tGDdM6se4=,aiTgGyYB2l4uAMG93Ajq5S4EXPIRkYDg1ICLjWD45Ck=,aOefxt5MUuXEbErxpD+ZttJWh/3d9if+t+PBTeAgKpo=,AX8zJsi0DnrrdwCi/8JJptXSy62kZgQcAYKlCYD4oN8=,bb1zWp0gzS1ij1OY3KzxC0BJNdqkAiJ26z3iD8slt7c=,BBba0XfI4WSTroE+/YGcFthxbEC5jQJhWhl0jIBwke0=,BdSzNycR8Y3MdHooxU0vtOEPr3ZG9KD5p8wxHtvueUU=,BkBqXMdd10xDKn7b/iIXycHLBaroci6xoFxoEN1kQ+A=,BTAJNDyd6/UQ+pfhTDdPGsothzJ+C5/C/g52a3DIlMw=,bTok0el8GbmUzTAAgcQ78uww/TsgeWwXpM3N2S49qBQ=,cgXH87+sYoe2mXsdDKWCyRvWZ8JqnVnxJkCq09LlBoI=,c+Kr/VTZLJes6N2u6nTEj7aWje8wHApJeVEoOdvhCh8=,cVGc1fI6xu0WeI2GUrLIwDpH/JtBE3PwD+P66YkSKg8=,D8oCKJab4LtOMQJR0YQZXx+fMw6QHyTiv3YCfN8tM18=,DIbPacWGEiealk+226eYEafYmKJpD98PYoWp/tcPXJI=,drOpGoCNcPxc+MpfbJU7KoBqQZa0eTQUdjTDpe3qvrY=,ec2xIwO8mRx8EFoee05rLE3WNSSajX7X5dm8UzN33ro=,erpPSkQwGnb9j+/qqyJmeRK2e1mhJc/Do78jNdpPjk0=,eZuacXy5s3/nolB/E3gF4vqUYdvfOlVaaBXGfZcGwKc=,F5eduX4m4O/ot3UcFs3iQk1ZPUuG43kuxGI9sZz95uU=,FDqRmM1FyhaGas+lquWmGAKgMsU2rj7UESAlnOHtxco=,fhXoWYc8Ml153jBBvFrQ4CRY7vnbCk9j269rVLeg7cE=,/Foi5kZdBc70HPmlguvY6AzBILNrNiPDgKQLOITuIEI=,g9UqzvW6JvfKrflRKbCPBpm41rH/O+4apCK+KkD2tG4=,GDWO0+R7qSrWB0bvT+V2Kz6vlHcm6ZnaNQM2/FsFqEA=,GWFe/vusokrOHlV72ar/2ioTyhd6KLix73HMYigMJ+g=,Hgacs48hpElimzXAoMmox5T7sAalPLp7vdVr1wAPevo=,hNBVs2ay1IWvufQwX0TbYA6X4ocKaMpzpyaMTHggi6Q=,iGs5cCGos/I5KQv82MwgGMNENaxy3bhuWdFXtINcu0U=,iNKCs9v4NJCuApCLPD4bRBoqTs/5DBxS0hourBkhxQo=,IYoCG9YW+623ri5Mgzr0rcrnJTGaLhTeq/JdOzMx2Mw=,izy38AmUeU4b4L23kVy4BlxbkHGOPy4KPSSLnJglrV0=,J2nwlXuYEPNZ0mMH2Phg5RofbZzj65xDvQMNdy9Ji0E=,J3ou5m1abrwcbYwTksSj1Hj21QoDjyrSkjB40rEKV4E=,JuHLTlYMfnBtwHawFRRqvMOi+1P0mx+mfhFqnrpo3L0=,jzTWYikeN6NIuMQ6l4iqdDOF9jyfOJG2FcnQaNBn9+s=,kfr2A6K6TlvhQm4nz88Hczzkd2Aq5PlkxSpnmUUBAFs=,KJ6lElmvyHyJfV22d58nkWc7JJECyh+0fYskFNFfQ4s=,klORAmjq81QKiUA0CsXaANxYVesTWM7CKdaSlm7u9tM=,KmMS+RzjQ9vm9J2aX9YihJnmmSc/IBquCysbhPxVDFM=,kN01v7L/wv6hvrd1ak83pgCedGDnpgbGJVkXezhUUJ8=,ko5wr5SMqhKb+P1kimM1EF/T4SqvW/WjSOwPHigQl+k=,kupW3Pt0XMeERSkdDWyZMU4oZrk0wGysVXVyqX3rylc=,KVsiBHzBommqe0VwchA2QHqp/JT8B136up4Ru+r/xkg=,L4OY/0mNEduAS9z6jh2xLp72b8gZURgcrd76AOiRIXk=,LaKJUKndAqH57DVExspTjdRTRNGJOSqArzM0pm8REZw=,LQaKibf9tD8KXO210NhiDUHzXTsRIeK5l/3ITmfg118=,MfN+qM5pwFRl6i/UVDSBll2UB0D6b2vKy7He1g5CEok=,N+3/m12DoAqzFS0yF3R/kXSkSj7pZnWhq8nRCo/MKwk=,nmChk8o5/EMAsbtGJLfPVJ0gBUN3nr4x8Llq4++BPJw=,NPpx1ozb2JfWypxnksSzRHi+fLA2w2YpWmtZvEptMNk=,nw+8VTk+LbrZ4mSmeKYuQGu/swFgAOpPB5ls4STzh1g=,nZoBfua/odt7fZThkfzGQo2oBp8UnEj+VpG52SB8onM=,o8leC3xb2Wsrt3FwX33R9S9vKQJR8zPBSB62YyNRAQc=,oOVxTw2hEYgYvSrTjjKODCt/Soy3OLcQV9YBy/PF/xY=,p1VsfSsedbKn/5GzkPsr15XD+/AOIfbPda1/2yT84N4=,pMObKfyj3dlGVgf55VX9NUAERkHLXteFvKExpOAn/tc=,/POAkC4yNT6kSDzUZHrQj3CNjohroRVMm5DW36xrLvI=,PrCDIA3uyoLqNOZJ1PrRWdyviFn6K0PWFz91qQ9QyTw=,Qeign1c5EYmWrFOU2iydJ3zQUP5yQoNbdxckqLpVYfI=,QNXjdhgd/NSfLbHeZB0n8yv5dSyl6jm4MSHjjduuj5M=,RFpWeibJDHnfgoq9mO1BJcxyDbIstDi22ZBhvgXvE1Y=,RMa2ER0wvraR+4u5QOGOrRTwmMVOYNcOot7sFppPRP0=,RZowTXmfT+b6H6Vuz97VECIy2cq8tytTilv8AxbtvO8=,sDi9ZxHYB+rHTpVh4abNFXDMRSecfGe4QzbyGK8ZgQg=,T5k7PtOR01oZrdnZveDpO9AFpMUhEREZk7WSSfm8Gtg=,tcon38rBr3dHmURuXOTUFpDPKwE4eOU82F121rX9esE=,tvPlmGHv5aokL9MMBqNAkSOygldJIlRTmSIvCwuh0rU=,TWLcdgEfahwyFPTC7nN3rZacPO2aXlLfZIDt7uXbzEI=,UDV5FoaIkssdSFWC4asZtxvsyagoyrIS5rPX8p/np2U=,UFXCpcvXBOHbxtObG4psGcn+LgZOedvDDUAqVengpPk=,UjRo9HS8ho/tkzQZyJ7AD//CqOuH0YvXILKTpmfD3dg=,UkwjS1YvEfHx9b6MMT5Q1WvCY3aWn2lxRDsB/Pw+zGk=,+uMsNOARzhq1lJfh7bcoa3/iiUeLSYPMkQHgYICUF2A=,uxSkvFu6x4MIYV+M1VrDu3m/qbADs/1Ae3mWAcEmnaQ=,VsrHPScBde1FUb+BDWONvLxxwKOKevLB7FRbUAaiF+Y=,Vt63FfFzNMgUngrMvnKks+icySi5LwkjniJEJMZAimM=,WazI78lMcmjyCH5+5RKkkfOTUR+XheHIohlqMu+a9As=,wCGlLKUiTNr9Ba49YA6dDuqm9rdtPcKKsKzHqMBn+rc=,WKCE1sMmJLe+DsdIQBMkPiKEgBpAQO+PjCeWjmLA1EM=,WqBX+RyP1S8WsCuxrkwk1KUEqpPxkMSYyvl0rjL+NCo=,WXs7ElBlm30la2fG4oZDpubeFu5sKkjDVeflWo+YuIA=,xQN6ffLSdc51EfEQ2BzltK1iWYAw6Y1CkBAbFzlhhEQ=,XSQLBoubhOq/X86vKIj4Xzouo1Fhe39+kLF/2PDgKpM=,YDHYz/R+Y7pCodhmgkCqzoqqN54gzRfVE5fjZriX+RI=,/ylWdaid2DDlI4BMVkX6gAR6eaBYlLolHbjCmHitrzc=,Y+ve+O0hlBco/1YzuFODIn7Jo3D5c9BOqduhc7KZM8E=,Z3uLK0KpBUE/sQcianpZy/Dkock7RzOOvI4TJnfJvik=,zAhtGrpk1L3bBLaP5enm3natUTCoj7MEFryq9+MG4tE=,/ZcvHCNyKIwyFEF075X1wqFGhKxEhYeJRdDtoyaTC/w=}"
40347,24215956,24216555,"{1aTTEfSIcVxsPS86uIA7rSD2Jmb+aIVj1grCEjyzlzQ=,1JttHp0rBBBHDOpPl8fAiLTcN9tUzxJGjk7llFcvhZQ=,1kZdUPgo42/mQB8rIsCQBPeqkJr1VEBX+4lZfUo6bAA=,1YeMK0NAZtE1ZK8u6KWddkKGZoD5VLfG9EAZI3b8HzE=,21+iPu/omYBN7X5cUY4QnD4b9VVuAiW/u8uABqt2VjM=,29VJbrrthqvw/ti3Vj7cASwkM9VMVa/RTKiwMBdWDQk=,2bgTFAzVLsQuQnA7cNn/pRLJvemueq/73GhzFFDVdZc=,32KS5Z9LWTD2UEUOqhRwZyJvb0lb12iiE9UYgoFjsKQ=,3DRMMM7ye2HREvk8zz06OjMG6BuWjs84PLdSYChNHAw=,3NKMT/Qz11e2xklwSCV/zeawLE3BIO/Rn4LfaV47QJI=,4gbOOU09bcyvM53Up1lTnP+sLb0feniJu0OcUUPCBSs=,5gBr+GeuXD6Dwbs1u0Nsrk0P/fbtdFou4W3JB0YGgSA=,6reBpCKHsqMX1Y26o3p5V+95in5ka16I969CWyiRudY=,7DwKCCQV9THNLyTELQTBCWNPIHZJdAq7qGk1D7vx2zo=,7hvHIq4ykrbyJPaEiEGetCisIXHVGTdpMYv5JhSwGFY=,7nCBfl1vRS4kn7G2yJZeZdwE8OFA4avUphWdCRrFhJM=,8rh2lgEm7QscCrLkVqcLMkRxfbNDIe+laI4H8nI/d74=,9D+kziTxFhg77+cyt+Fwd6eXREkZ1wHw7WX7VG57MeA=,9h2pHzNn2PBUpQhZxUzcLBbAbxh82CySXENxC3AQuU8=,9+lM5vQ1g+cVzjaNM78gxw1yUegVj57tHDbpN7DKIvw=,9NtPTr6f0Sc0+y/z3as4OzytmNHgrD8SV541PBKb2XA=,9sAhd+Wi6tG5nAr3LwXD0y9mUKLYqfAbS2+7SZdNHB4=,9yOiPY3NnNMpEzB+6XS/OqahzFwwX8mFhmT2fvbxlVI=,AaemJ+W/+IKfvWQSVjwVFLU4M7g9VyDgbFQfWNqkU2Q=,/AI8TCLc1a5U98yBoxOji5bheVT1pc75v+tGDdM6se4=,aiTgGyYB2l4uAMG93Ajq5S4EXPIRkYDg1ICLjWD45Ck=,aOefxt5MUuXEbErxpD+ZttJWh/3d9if+t+PBTeAgKpo=,AX8zJsi0DnrrdwCi/8JJptXSy62kZgQcAYKlCYD4oN8=,bb1zWp0gzS1ij1OY3KzxC0BJNdqkAiJ26z3iD8slt7c=,BBba0XfI4WSTroE+/YGcFthxbEC5jQJhWhl0jIBwke0=,BdSzNycR8Y3MdHooxU0vtOEPr3ZG9KD5p8wxHtvueUU=,BkBqXMdd10xDKn7b/iIXycHLBaroci6xoFxoEN1kQ+A=,BTAJNDyd6/UQ+pfhTDdPGsothzJ+C5/C/g52a3DIlMw=,bTok0el8GbmUzTAAgcQ78uww/TsgeWwXpM3N2S49qBQ=,cgXH87+sYoe2mXsdDKWCyRvWZ8JqnVnxJkCq09LlBoI=,c+Kr/VTZLJes6N2u6nTEj7aWje8wHApJeVEoOdvhCh8=,cVGc1fI6xu0WeI2GUrLIwDpH/JtBE3PwD+P66YkSKg8=,D8oCKJab4LtOMQJR0YQZXx+fMw6QHyTiv3YCfN8tM18=,DIbPacWGEiealk+226eYEafYmKJpD98PYoWp/tcPXJI=,drOpGoCNcPxc+MpfbJU7KoBqQZa0eTQUdjTDpe3qvrY=,ec2xIwO8mRx8EFoee05rLE3WNSSajX7X5dm8UzN33ro=,erpPSkQwGnb9j+/qqyJmeRK2e1mhJc/Do78jNdpPjk0=,eZuacXy5s3/nolB/E3gF4vqUYdvfOlVaaBXGfZcGwKc=,F5eduX4m4O/ot3UcFs3iQk1ZPUuG43kuxGI9sZz95uU=,FDqRmM1FyhaGas+lquWmGAKgMsU2rj7UESAlnOHtxco=,fhXoWYc8Ml153jBBvFrQ4CRY7vnbCk9j269rVLeg7cE=,/Foi5kZdBc70HPmlguvY6AzBILNrNiPDgKQLOITuIEI=,g9UqzvW6JvfKrflRKbCPBpm41rH/O+4apCK+KkD2tG4=,GDWO0+R7qSrWB0bvT+V2Kz6vlHcm6ZnaNQM2/FsFqEA=,GWFe/vusokrOHlV72ar/2ioTyhd6KLix73HMYigMJ+g=,Hgacs48hpElimzXAoMmox5T7sAalPLp7vdVr1wAPevo=,hNBVs2ay1IWvufQwX0TbYA6X4ocKaMpzpyaMTHggi6Q=,iGs5cCGos/I5KQv82MwgGMNENaxy3bhuWdFXtINcu0U=,iNKCs9v4NJCuApCLPD4bRBoqTs/5DBxS0hourBkhxQo=,IYoCG9YW+623ri5Mgzr0rcrnJTGaLhTeq/JdOzMx2Mw=,izy38AmUeU4b4L23kVy4BlxbkHGOPy4KPSSLnJglrV0=,J2nwlXuYEPNZ0mMH2Phg5RofbZzj65xDvQMNdy9Ji0E=,J3ou5m1abrwcbYwTksSj1Hj21QoDjyrSkjB40rEKV4E=,JuHLTlYMfnBtwHawFRRqvMOi+1P0mx+mfhFqnrpo3L0=,jzTWYikeN6NIuMQ6l4iqdDOF9jyfOJG2FcnQaNBn9+s=,kfr2A6K6TlvhQm4nz88Hczzkd2Aq5PlkxSpnmUUBAFs=,KJ6lElmvyHyJfV22d58nkWc7JJECyh+0fYskFNFfQ4s=,klORAmjq81QKiUA0CsXaANxYVesTWM7CKdaSlm7u9tM=,KmMS+RzjQ9vm9J2aX9YihJnmmSc/IBquCysbhPxVDFM=,kN01v7L/wv6hvrd1ak83pgCedGDnpgbGJVkXezhUUJ8=,ko5wr5SMqhKb+P1kimM1EF/T4SqvW/WjSOwPHigQl+k=,kupW3Pt0XMeERSkdDWyZMU4oZrk0wGysVXVyqX3rylc=,KVsiBHzBommqe0VwchA2QHqp/JT8B136up4Ru+r/xkg=,L4OY/0mNEduAS9z6jh2xLp72b8gZURgcrd76AOiRIXk=,LaKJUKndAqH57DVExspTjdRTRNGJOSqArzM0pm8REZw=,LQaKibf9tD8KXO210NhiDUHzXTsRIeK5l/3ITmfg118=,MfN+qM5pwFRl6i/UVDSBll2UB0D6b2vKy7He1g5CEok=,N+3/m12DoAqzFS0yF3R/kXSkSj7pZnWhq8nRCo/MKwk=,nmChk8o5/EMAsbtGJLfPVJ0gBUN3nr4x8Llq4++BPJw=,NPpx1ozb2JfWypxnksSzRHi+fLA2w2YpWmtZvEptMNk=,nw+8VTk+LbrZ4mSmeKYuQGu/swFgAOpPB5ls4STzh1g=,nZoBfua/odt7fZThkfzGQo2oBp8UnEj+VpG52SB8onM=,o8leC3xb2Wsrt3FwX33R9S9vKQJR8zPBSB62YyNRAQc=,oOVxTw2hEYgYvSrTjjKODCt/Soy3OLcQV9YBy/PF/xY=,p1VsfSsedbKn/5GzkPsr15XD+/AOIfbPda1/2yT84N4=,pMObKfyj3dlGVgf55VX9NUAERkHLXteFvKExpOAn/tc=,/POAkC4yNT6kSDzUZHrQj3CNjohroRVMm5DW36xrLvI=,PrCDIA3uyoLqNOZJ1PrRWdyviFn6K0PWFz91qQ9QyTw=,Qeign1c5EYmWrFOU2iydJ3zQUP5yQoNbdxckqLpVYfI=,QNXjdhgd/NSfLbHeZB0n8yv5dSyl6jm4MSHjjduuj5M=,RFpWeibJDHnfgoq9mO1BJcxyDbIstDi22ZBhvgXvE1Y=,RMa2ER0wvraR+4u5QOGOrRTwmMVOYNcOot7sFppPRP0=,RZowTXmfT+b6H6Vuz97VECIy2cq8tytTilv8AxbtvO8=,sDi9ZxHYB+rHTpVh4abNFXDMRSecfGe4QzbyGK8ZgQg=,T5k7PtOR01oZrdnZveDpO9AFpMUhEREZk7WSSfm8Gtg=,tcon38rBr3dHmURuXOTUFpDPKwE4eOU82F121rX9esE=,tvPlmGHv5aokL9MMBqNAkSOygldJIlRTmSIvCwuh0rU=,TWLcdgEfahwyFPTC7nN3rZacPO2aXlLfZIDt7uXbzEI=,UDV5FoaIkssdSFWC4asZtxvsyagoyrIS5rPX8p/np2U=,UFXCpcvXBOHbxtObG4psGcn+LgZOedvDDUAqVengpPk=,UjRo9HS8ho/tkzQZyJ7AD//CqOuH0YvXILKTpmfD3dg=,UkwjS1YvEfHx9b6MMT5Q1WvCY3aWn2lxRDsB/Pw+zGk=,+uMsNOARzhq1lJfh7bcoa3/iiUeLSYPMkQHgYICUF2A=,uxSkvFu6x4MIYV+M1VrDu3m/qbADs/1Ae3mWAcEmnaQ=,VsrHPScBde1FUb+BDWONvLxxwKOKevLB7FRbUAaiF+Y=,Vt63FfFzNMgUngrMvnKks+icySi5LwkjniJEJMZAimM=,WazI78lMcmjyCH5+5RKkkfOTUR+XheHIohlqMu+a9As=,wCGlLKUiTNr9Ba49YA6dDuqm9rdtPcKKsKzHqMBn+rc=,WKCE1sMmJLe+DsdIQBMkPiKEgBpAQO+PjCeWjmLA1EM=,WqBX+RyP1S8WsCuxrkwk1KUEqpPxkMSYyvl0rjL+NCo=,WXs7ElBlm30la2fG4oZDpubeFu5sKkjDVeflWo+YuIA=,xQN6ffLSdc51EfEQ2BzltK1iWYAw6Y1CkBAbFzlhhEQ=,XSQLBoubhOq/X86vKIj4Xzouo1Fhe39+kLF/2PDgKpM=,YDHYz/R+Y7pCodhmgkCqzoqqN54gzRfVE5fjZriX+RI=,/ylWdaid2DDlI4BMVkX6gAR6eaBYlLolHbjCmHitrzc=,Y+ve+O0hlBco/1YzuFODIn7Jo3D5c9BOqduhc7KZM8E=,Z3uLK0KpBUE/sQcianpZy/Dkock7RzOOvI4TJnfJvik=,zAhtGrpk1L3bBLaP5enm3natUTCoj7MEFryq9+MG4tE=,/ZcvHCNyKIwyFEF075X1wqFGhKxEhYeJRdDtoyaTC/w=}"
40348,24216556,24216730,"{1aTTEfSIcVxsPS86uIA7rSD2Jmb+aIVj1grCEjyzlzQ=,1JttHp0rBBBHDOpPl8fAiLTcN9tUzxJGjk7llFcvhZQ=,1kZdUPgo42/mQB8rIsCQBPeqkJr1VEBX+4lZfUo6bAA=,1YeMK0NAZtE1ZK8u6KWddkKGZoD5VLfG9EAZI3b8HzE=,21+iPu/omYBN7X5cUY4QnD4b9VVuAiW/u8uABqt2VjM=,29VJbrrthqvw/ti3Vj7cASwkM9VMVa/RTKiwMBdWDQk=,2bgTFAzVLsQuQnA7cNn/pRLJvemueq/73GhzFFDVdZc=,32KS5Z9LWTD2UEUOqhRwZyJvb0lb12iiE9UYgoFjsKQ=,3DRMMM7ye2HREvk8zz06OjMG6BuWjs84PLdSYChNHAw=,3NKMT/Qz11e2xklwSCV/zeawLE3BIO/Rn4LfaV47QJI=,4gbOOU09bcyvM53Up1lTnP+sLb0feniJu0OcUUPCBSs=,5gBr+GeuXD6Dwbs1u0Nsrk0P/fbtdFou4W3JB0YGgSA=,6reBpCKHsqMX1Y26o3p5V+95in5ka16I969CWyiRudY=,7DwKCCQV9THNLyTELQTBCWNPIHZJdAq7qGk1D7vx2zo=,7hvHIq4ykrbyJPaEiEGetCisIXHVGTdpMYv5JhSwGFY=,7n6AYdYIuGar561yxifDtrR9NVekDavFlpeHVZinCSc=,7nCBfl1vRS4kn7G2yJZeZdwE8OFA4avUphWdCRrFhJM=,8rh2lgEm7QscCrLkVqcLMkRxfbNDIe+laI4H8nI/d74=,9D+kziTxFhg77+cyt+Fwd6eXREkZ1wHw7WX7VG57MeA=,9h2pHzNn2PBUpQhZxUzcLBbAbxh82CySXENxC3AQuU8=,9+lM5vQ1g+cVzjaNM78gxw1yUegVj57tHDbpN7DKIvw=,9NtPTr6f0Sc0+y/z3as4OzytmNHgrD8SV541PBKb2XA=,9sAhd+Wi6tG5nAr3LwXD0y9mUKLYqfAbS2+7SZdNHB4=,9yOiPY3NnNMpEzB+6XS/OqahzFwwX8mFhmT2fvbxlVI=,AaemJ+W/+IKfvWQSVjwVFLU4M7g9VyDgbFQfWNqkU2Q=,/AI8TCLc1a5U98yBoxOji5bheVT1pc75v+tGDdM6se4=,aiTgGyYB2l4uAMG93Ajq5S4EXPIRkYDg1ICLjWD45Ck=,aOefxt5MUuXEbErxpD+ZttJWh/3d9if+t+PBTeAgKpo=,AX8zJsi0DnrrdwCi/8JJptXSy62kZgQcAYKlCYD4oN8=,bb1zWp0gzS1ij1OY3KzxC0BJNdqkAiJ26z3iD8slt7c=,BBba0XfI4WSTroE+/YGcFthxbEC5jQJhWhl0jIBwke0=,BdSzNycR8Y3MdHooxU0vtOEPr3ZG9KD5p8wxHtvueUU=,BkBqXMdd10xDKn7b/iIXycHLBaroci6xoFxoEN1kQ+A=,BTAJNDyd6/UQ+pfhTDdPGsothzJ+C5/C/g52a3DIlMw=,bTok0el8GbmUzTAAgcQ78uww/TsgeWwXpM3N2S49qBQ=,cgXH87+sYoe2mXsdDKWCyRvWZ8JqnVnxJkCq09LlBoI=,c+Kr/VTZLJes6N2u6nTEj7aWje8wHApJeVEoOdvhCh8=,cVGc1fI6xu0WeI2GUrLIwDpH/JtBE3PwD+P66YkSKg8=,D8oCKJab4LtOMQJR0YQZXx+fMw6QHyTiv3YCfN8tM18=,DIbPacWGEiealk+226eYEafYmKJpD98PYoWp/tcPXJI=,drOpGoCNcPxc+MpfbJU7KoBqQZa0eTQUdjTDpe3qvrY=,ec2xIwO8mRx8EFoee05rLE3WNSSajX7X5dm8UzN33ro=,erpPSkQwGnb9j+/qqyJmeRK2e1mhJc/Do78jNdpPjk0=,eZuacXy5s3/nolB/E3gF4vqUYdvfOlVaaBXGfZcGwKc=,F5eduX4m4O/ot3UcFs3iQk1ZPUuG43kuxGI9sZz95uU=,FDqRmM1FyhaGas+lquWmGAKgMsU2rj7UESAlnOHtxco=,fhXoWYc8Ml153jBBvFrQ4CRY7vnbCk9j269rVLeg7cE=,/Foi5kZdBc70HPmlguvY6AzBILNrNiPDgKQLOITuIEI=,g9UqzvW6JvfKrflRKbCPBpm41rH/O+4apCK+KkD2tG4=,GDWO0+R7qSrWB0bvT+V2Kz6vlHcm6ZnaNQM2/FsFqEA=,GWFe/vusokrOHlV72ar/2ioTyhd6KLix73HMYigMJ+g=,Hgacs48hpElimzXAoMmox5T7sAalPLp7vdVr1wAPevo=,hNBVs2ay1IWvufQwX0TbYA6X4ocKaMpzpyaMTHggi6Q=,iGs5cCGos/I5KQv82MwgGMNENaxy3bhuWdFXtINcu0U=,iNKCs9v4NJCuApCLPD4bRBoqTs/5DBxS0hourBkhxQo=,IYoCG9YW+623ri5Mgzr0rcrnJTGaLhTeq/JdOzMx2Mw=,izy38AmUeU4b4L23kVy4BlxbkHGOPy4KPSSLnJglrV0=,J2nwlXuYEPNZ0mMH2Phg5RofbZzj65xDvQMNdy9Ji0E=,J3ou5m1abrwcbYwTksSj1Hj21QoDjyrSkjB40rEKV4E=,JuHLTlYMfnBtwHawFRRqvMOi+1P0mx+mfhFqnrpo3L0=,jzTWYikeN6NIuMQ6l4iqdDOF9jyfOJG2FcnQaNBn9+s=,kfr2A6K6TlvhQm4nz88Hczzkd2Aq5PlkxSpnmUUBAFs=,KJ6lElmvyHyJfV22d58nkWc7JJECyh+0fYskFNFfQ4s=,klORAmjq81QKiUA0CsXaANxYVesTWM7CKdaSlm7u9tM=,KmMS+RzjQ9vm9J2aX9YihJnmmSc/IBquCysbhPxVDFM=,kN01v7L/wv6hvrd1ak83pgCedGDnpgbGJVkXezhUUJ8=,ko5wr5SMqhKb+P1kimM1EF/T4SqvW/WjSOwPHigQl+k=,kupW3Pt0XMeERSkdDWyZMU4oZrk0wGysVXVyqX3rylc=,KVsiBHzBommqe0VwchA2QHqp/JT8B136up4Ru+r/xkg=,L4OY/0mNEduAS9z6jh2xLp72b8gZURgcrd76AOiRIXk=,LaKJUKndAqH57DVExspTjdRTRNGJOSqArzM0pm8REZw=,LQaKibf9tD8KXO210NhiDUHzXTsRIeK5l/3ITmfg118=,MfN+qM5pwFRl6i/UVDSBll2UB0D6b2vKy7He1g5CEok=,N+3/m12DoAqzFS0yF3R/kXSkSj7pZnWhq8nRCo/MKwk=,nmChk8o5/EMAsbtGJLfPVJ0gBUN3nr4x8Llq4++BPJw=,NPpx1ozb2JfWypxnksSzRHi+fLA2w2YpWmtZvEptMNk=,nw+8VTk+LbrZ4mSmeKYuQGu/swFgAOpPB5ls4STzh1g=,nZoBfua/odt7fZThkfzGQo2oBp8UnEj+VpG52SB8onM=,o8leC3xb2Wsrt3FwX33R9S9vKQJR8zPBSB62YyNRAQc=,oOVxTw2hEYgYvSrTjjKODCt/Soy3OLcQV9YBy/PF/xY=,p1VsfSsedbKn/5GzkPsr15XD+/AOIfbPda1/2yT84N4=,pMObKfyj3dlGVgf55VX9NUAERkHLXteFvKExpOAn/tc=,/POAkC4yNT6kSDzUZHrQj3CNjohroRVMm5DW36xrLvI=,PrCDIA3uyoLqNOZJ1PrRWdyviFn6K0PWFz91qQ9QyTw=,Qeign1c5EYmWrFOU2iydJ3zQUP5yQoNbdxckqLpVYfI=,QNXjdhgd/NSfLbHeZB0n8yv5dSyl6jm4MSHjjduuj5M=,RFpWeibJDHnfgoq9mO1BJcxyDbIstDi22ZBhvgXvE1Y=,RMa2ER0wvraR+4u5QOGOrRTwmMVOYNcOot7sFppPRP0=,RZowTXmfT+b6H6Vuz97VECIy2cq8tytTilv8AxbtvO8=,sDi9ZxHYB+rHTpVh4abNFXDMRSecfGe4QzbyGK8ZgQg=,T5k7PtOR01oZrdnZveDpO9AFpMUhEREZk7WSSfm8Gtg=,tcon38rBr3dHmURuXOTUFpDPKwE4eOU82F121rX9esE=,tvPlmGHv5aokL9MMBqNAkSOygldJIlRTmSIvCwuh0rU=,TWLcdgEfahwyFPTC7nN3rZacPO2aXlLfZIDt7uXbzEI=,UDV5FoaIkssdSFWC4asZtxvsyagoyrIS5rPX8p/np2U=,UFXCpcvXBOHbxtObG4psGcn+LgZOedvDDUAqVengpPk=,UjRo9HS8ho/tkzQZyJ7AD//CqOuH0YvXILKTpmfD3dg=,UkwjS1YvEfHx9b6MMT5Q1WvCY3aWn2lxRDsB/Pw+zGk=,+uMsNOARzhq1lJfh7bcoa3/iiUeLSYPMkQHgYICUF2A=,uxSkvFu6x4MIYV+M1VrDu3m/qbADs/1Ae3mWAcEmnaQ=,VsrHPScBde1FUb+BDWONvLxxwKOKevLB7FRbUAaiF+Y=,Vt63FfFzNMgUngrMvnKks+icySi5LwkjniJEJMZAimM=,WazI78lMcmjyCH5+5RKkkfOTUR+XheHIohlqMu+a9As=,wCGlLKUiTNr9Ba49YA6dDuqm9rdtPcKKsKzHqMBn+rc=,WKCE1sMmJLe+DsdIQBMkPiKEgBpAQO+PjCeWjmLA1EM=,WqBX+RyP1S8WsCuxrkwk1KUEqpPxkMSYyvl0rjL+NCo=,WXs7ElBlm30la2fG4oZDpubeFu5sKkjDVeflWo+YuIA=,xQN6ffLSdc51EfEQ2BzltK1iWYAw6Y1CkBAbFzlhhEQ=,XSQLBoubhOq/X86vKIj4Xzouo1Fhe39+kLF/2PDgKpM=,YDHYz/R+Y7pCodhmgkCqzoqqN54gzRfVE5fjZriX+RI=,/ylWdaid2DDlI4BMVkX6gAR6eaBYlLolHbjCmHitrzc=,Y+ve+O0hlBco/1YzuFODIn7Jo3D5c9BOqduhc7KZM8E=,Z3uLK0KpBUE/sQcianpZy/Dkock7RzOOvI4TJnfJvik=,zAhtGrpk1L3bBLaP5enm3natUTCoj7MEFryq9+MG4tE=,/ZcvHCNyKIwyFEF075X1wqFGhKxEhYeJRdDtoyaTC/w=}"
