runtime,contract_address,creation_tx,abi_md5
sapphire,oasis1qp0dtp2c7794ryw93g2v93nlnrgn8maq8grj5y7g,,f3540e2670cdb0012874003f7b3fbe50
sapphire,oasis1qp0fsf4eves94gat3msxsugrvckpp3932s4g9t8g,,690322eb20826619a8d8e0f4c5fd531e
sapphire,oasis1qp0tsf2wujnz4clvwk74daujxwh3r5wtkv0y7xjs,,29768de2e45c06be750e0cbe83b6888d
sapphire,oasis1qp23z3aa0rdxa4prhn6jqq8ztkhxrtwkrux2ujgt,,b2e777065f120eff5fc557b81bfe14cb
sapphire,oasis1qp2murd9pc2w7utmjtgdqq9duejmm5z2yud5vz22,,4873684c5e22769e0d76327ee3c2de2c
sapphire,oasis1qp2q4vne3gezv8r4y0k97v9zys7jnj6xg5u3n80x,,
sapphire,oasis1qp3022d8kwprfkv4gkdkh74z2sjh4jlkaggrsh8n,,
sapphire,oasis1qp30s67wevt54dhza5fnepescupwqwgjwssl6ylq,,70d746211708c79e41dc5401bba1eebb
sapphire,oasis1qp45rfuq5ae0v6kcqf2pmfmq557fpc92hv0xejxa,,6bae11a17eac554bb6a647266ba0e4b5
sapphire,oasis1qp4aqcyn5suftjffwtydsmhvgsw29l0q6cvzecqw,,af3f20b7886fb48cc5aec8a17616c4a6
sapphire,oasis1qp4k47hejw0je2kfgt7mx6g06sg9j73pzq0m9yhq,,f9fba2ac02bcf0afb32174342b6dfa53
sapphire,oasis1qp50kaaedarj2m75ljqu5qr2t4vsna9xqgyud4py,,73a4c9e5cb02e63b22fec9d5e6f8b610
sapphire,oasis1qp5cxt7nxftt3fcyamu28ms6cr36h0zlmqgyxzkx,,f9fba2ac02bcf0afb32174342b6dfa53
sapphire,oasis1qp5pfgga3ah9dy6k24nexxz0alt4gxl26gnsn0he,,9aa75c46a74c0ff81f1a41c0986dcccc
sapphire,oasis1qp600v25tntyxrnnqqflqdw6d02hhzzz5v73wzdw,,7c005cac8a0ec5d655c0fdd751383573
sapphire,oasis1qp62gxmg8h2jk90v5nwx2ps7pn8rgypmly5yaurj,,871a888bd58f411d68ea73f93ad5483c
sapphire,oasis1qp64lrnfphl7syt2usqmz8cmlzrw0yjkzcm7e8wd,,2344dcdd98bae6b7c4de8c72dd834af5
sapphire,oasis1qp6uz4hf6tv9yxzftw8km3jlry97dm4wlv5g7rwl,,b2be2086a342f4e77146e31ac5bb35c7
sapphire,oasis1qp7c6fu4qg33n9h2sjk57a40zp0y7uvvmywhxxgc,,81bc403a0f51746669cf9e2e59e13ec9
sapphire,oasis1qp7g02e39cmn2lgneqnev0jkm8z9ny2nfc08zf7x,,
sapphire,oasis1qp8pjyf4lmrm0q4rzzx4wesu2n87erq9hucjdjyk,,f0688535ba35ff6ca555887a1c779d05
sapphire,oasis1qp959j9cd8vkuuhyespakd266hqm2lx0r5n72gwu,,16a09a017fbae6cbcbf0dd352f1337fd
sapphire,oasis1qpa9zf7vdxf603dl2ghmwrlz249jlzrw2scd7kxq,,8d97228ee54ed844d42894d4ef089f8a
sapphire,oasis1qpaagkjpmhutpmnpq74p0ntfufja8y5nyyxxh9aq,,4873684c5e22769e0d76327ee3c2de2c
sapphire,oasis1qpaeymv9ly8gqweg2qvpnd2ufcj33vgdyqqlruqw,,9aa75c46a74c0ff81f1a41c0986dcccc
sapphire,oasis1qpahzrhysg4qje2j6measrgs4kx4xurjsvf8hcs9,,73a4c9e5cb02e63b22fec9d5e6f8b610
sapphire,oasis1qpatwkl5red5mc2am22jn4eucqmjngcpky0jthtd,,be4f38f7b38619605631fee54fc88b80
sapphire,oasis1qpazdhcdu02ydc3npxvx3sa68x5j8hvdysgvkkp7,,00d8ab018dd1b763d1d28270497d0705
sapphire,oasis1qpcpfy3sd5kl7pyycva484wk3aavlxsx85eeq7h5,,
sapphire,oasis1qpcq73n5mwr4pt7g25sxyerecvp3n493f57egyun,,
sapphire,oasis1qpcv6xhyynt4vnksgdfmn45yx0l5su39r52l55e5,,5857b5251b934298030afe14fd5f82c8
sapphire,oasis1qpdgv5nv2dhxp4q897cgag6kgnm9qs0dccwnckuu,,fc2ede5e0564dbffe377cbe7f4b0874f
sapphire,oasis1qpdh2rwguynvv9gr44plnsjf70qerm68uqatf724,,212fa7bc4a53ba5e174de07444353800
sapphire,oasis1qpe2umwzc8vqjnlcktul0q8und7nrx8t3s4z4k92,,c322c891417f54848996cf06988a4b48
sapphire,oasis1qpe4930yhd6xthv34f6zjv0hre85w8dtguw9x3h9,,b5de05158bbad482e91665fe985d26a7
sapphire,oasis1qpeqv05u2ztvzvxlqartxry8u7fmhgy98spv7pk7,,ebf2243a2e9314aa92a0252d069e4b57
sapphire,oasis1qpeuz2vczjh6jvwn0l6yj7jq96w8m4gdes6wg2fq,,6c0a2fef096093c0dc73c9a23dc3d3ce
sapphire,oasis1qpf2urlj5k8udkx7n3z04mvy25gmz3fr3qqx4ttq,,0b3aef675dabc1d985ae8fdccb455227
sapphire,oasis1qpfcda6mqa9w6zydwfjnvhz5juwltmgp0skjwje8,,98be324c562c47149ce1fddad2631944
sapphire,oasis1qpfkldpqp3xlhc23vw4nsvagv6794upmhsgsfrrv,,4873684c5e22769e0d76327ee3c2de2c
sapphire,oasis1qpgg967clpslnerq9k2zhmq9ae4dg5669sa2xn2j,,14813ba78db41ee7214c39ac0c0ed7fb
sapphire,oasis1qpgpe4nad9fq5gct8sx3puv25nq9cfncgumaugl6,,0ef31191700053804f026bb7e5ba6235
sapphire,oasis1qpgr4yyxldaya33gm3rparctj0sujywx4gg07t87,,2872d2ff5fec6826f8807e10eac52dd5
sapphire,oasis1qpgw7zttys74w8qj5hs8rznm5wka0fqgdckjjc4q,,9aa75c46a74c0ff81f1a41c0986dcccc
sapphire,oasis1qpgxnsr6lhemeqh7htneejvrl443lygchvdrwghy,,73a4c9e5cb02e63b22fec9d5e6f8b610
sapphire,oasis1qphyru0hw9zjcfkqx3mwxtwlzttvuh3m5vsf5k7v,,c7cf4bdfe64b796407d721a4ece3b6b2
sapphire,oasis1qpj7hsppwt5u05szu463zdn3kxthc5knqvwaq0ww,,05b80ebe9fa86f993636de9656612d36
sapphire,oasis1qpjf6ju4rh6vkkz24aa3m037jxyme6awhvv2s5mm,,
sapphire,oasis1qpjl0dshk92ve6kmw3kjr0uwr9xrxuuxwc9dzqze,,999bd58f6041206e22726c1adbb7af3e
sapphire,oasis1qpkcfrctglfszrtfqgjmxa4eaejn30kz7y5wjv6w,,
sapphire,oasis1qpkqxnavquxsq42edrfa5azhrg2vg4yhec56egxk,,50e24fc32838d7f3b911533ae14a9ac0
sapphire,oasis1qpktxmu3qz97qm3g6kn4l4aetnfwr2trfv203003,,0b3aef675dabc1d985ae8fdccb455227
sapphire,oasis1qplhvjnwc5c6czcngn74wlxkma9exs6d05q9adxf,,7f4b2107c8906c12599a73a860d6d1e4
sapphire,oasis1qplsw278vcrs6kcam9ffu43dp5wqvdelqvw9gf68,,b1d759a3bda01e4adaca48f167c92013
sapphire,oasis1qpm0gj709jhcf8sduhc3k3p33wfx2xc6zy0pycsv,,21f1a8418292a5f118c24a68382d32a2
sapphire,oasis1qpme7k8jjgvx3qa2c939n6psu5wrq9nchcld06dq,,3d7966512448f9814edf51cd57b39471
sapphire,oasis1qpmhk7gefqwyvf3074v0wp5dyz6uf4fmduv5tnf3,,2878f0378da6cf7c30b58118ee506c61
sapphire,oasis1qpmjns3t7qell2l3exlmet7g243vunxt5usgkw0u,,
sapphire,oasis1qpmxlqulrmls5gv9cal37qfeedlys0h9ws36yw6j,,59b00ec06d90bd3190386a9ca48a4cb1
sapphire,oasis1qpnuluqmkc2pp9frvcsyuf6snutadn68tyekn4rs,,26d7a71d8f17134d819f97a36b9d7e6c
sapphire,oasis1qpnw2mrs8ysjaq27lrhzmmdpz2wl8cs3ysx4lfqf,,c656bf88810c7c3e8e3ec65104550f46
sapphire,oasis1qpp4l4tqtskxnrrx8jns645dhn34pgsgg5xu0844,,84b451b73bbba4ecfd2180af6ae8f725
sapphire,oasis1qpqkwvrs8et0uyfxqlxnu67rt9zn9ffjqq43578m,,b8097c42390e04f21dddb8921a6ba58e
sapphire,oasis1qpqsmks9mtfdvh7n3kee37ry8fz3kuequvq8g08l,,35b400db34823161942bd22f4177eac7
sapphire,oasis1qpr4re763l3204a9pp6est83t0k45w84lgw76wmu,,00ae7a78314f6706d5ce08ab9be90740
sapphire,oasis1qpr5m6tprr0xv0vg82svda3t00wvcs6equ4zqal0,,6c0a2fef096093c0dc73c9a23dc3d3ce
sapphire,oasis1qpral7lm5w6hp8rgayn7ju25csqx0lgmtgy2s20w,,37979aae53d679f744c143aa3a43ce71
sapphire,oasis1qprjysa98al67yaptzlz0g57mpc74c7ty55872yl,,481398d8d9401b09f57a34adbdff713d
sapphire,oasis1qpru87s8g4gdlysdr6drgav760edjdeumgj7ltyz,,
sapphire,oasis1qpsewramaqxug6xs6hgdv6q60kr5dqdd0gu92nzp,,0fe77734abd600e916e271690648ddcb
sapphire,oasis1qpsh0m7amlnev06cc9slwv457sf79yr6gvfcu79e,,d7951401d7fb84a27715bf38ab65a720
sapphire,oasis1qpsmplnd3hlyppfpww6pypj4s3jgxzsuxyus854x,,ce0576190963b19608a56573253171b8
sapphire,oasis1qpsnn33cr8yf3danvf4gxaz7dw2gv82wxcex70jl,,9cadd503cfadf2e38cd2b90b1629aa09
sapphire,oasis1qpt8p245cwy98j6tgsngsmrgjhnqeex56ggd48vt,,98a3f12db1257b2ff9bf41a01e10e18f
sapphire,oasis1qptfs7p6fl8f5sdtz5yqljhej35p5azf6qve0fmu,,f7b1f41b2f61c7bf45db9fcdb1a499bf
sapphire,oasis1qptjdz284axfmzvyhxyf0d82tr2p49xlps3wff5c,,e414faeefa228759f4d65b80dee26dd8
sapphire,oasis1qptmcmk5wncxuevwgc4v8k4fdzs2rq65esjxlpfs,,
sapphire,oasis1qptphng39r9n7ukcnzcf8yq6a2dp2ku2y56n2wue,,cb809c46385b381bd8f97cc6c3326469
sapphire,oasis1qptwrqhhtc9j8wjqvx9mcwhrlg0qq93x6cpg8qgl,,
sapphire,oasis1qpu0nljmpk0kduan4h5985qgrzaxey0qgvfugsxv,,807414b318b8fe2eff0d8c7545173557
sapphire,oasis1qpu4hxtk2huact7asywdxc3aetytkjqcguk7v4xv,,7e10b0e258447c80171e750cd9e0f521
sapphire,oasis1qpu7skymptravafkffqteds0u32hcdlhkgqt2wrf,,0f24e9305d0975d5ee477ff90895cdd7
sapphire,oasis1qpu9ssax6ehjqjnvaf0z2dmtvm5np3h9wsx07hc8,,
sapphire,oasis1qpuq3evjmsg80rpzur05sap8v9dkc3lc3y7jkufv,,01fffbda58b3fcaf6d25b4e0a27e59ea
sapphire,oasis1qpuvghrzpvm8xf2e505h6sdffsmdqk5hpgw7qeek,,
sapphire,oasis1qpv6a9pjh36g8clfphttw55dcxvz8l25qvfmk6zw,,35ad972e983805506e168f8a28b282f4
sapphire,oasis1qpv6nd2aduaduzv28e8edzgmp49g8cnk0ydzyjc3,,978731aa0e310fe893b238cc89464d6d
sapphire,oasis1qpvg3fgu9jchrahqc66kt6sre40zd0d4yueegg5v,,4873684c5e22769e0d76327ee3c2de2c
sapphire,oasis1qpvqm25heg459rguwctsqwgvfghnfpaeava3c77l,,fd7fd6124d67cc5bff7e6b460e6e18bb
sapphire,oasis1qpvtndr77dmaua6zftt3gzgru2hddvjknce8ct8y,,fc06225b03176d8c5996e4405ad65085
sapphire,oasis1qpw52sqs2s7rladq0vmxgd05y8kasyf57v7s0tw5,,1be37ab7412d2e62f0f769b32a5354f3
sapphire,oasis1qpwe6h0hw6s0x4skujhznld065300p83wgxnvu0n,,daded5f336fd8d4e8506858432011923
sapphire,oasis1qpwl67u80kfj5qjnwtrl8q5yy99ureqgtv4k0h0n,,3b380becfeb6bbfcb9f0ccc021a343c9
sapphire,oasis1qpwpjz2skxkj5u2gedk020j7ua88j398uy57vnnv,,d1ee41ec20631e7326212b8adce5bddb
sapphire,oasis1qpxh4wvfjmpd5ng3lquftx3jjzxjjxqh3sxgrfxc,,81678cb28d7de183f9b0b6eb7de859d6
sapphire,oasis1qpy7c73cat4n46lxcxlsjehde86ruyf57c88887f,,
sapphire,oasis1qpyd4usz0emt9gre3c74f6cey6znggydrqw6haq0,,d751713988987e9331980363e24189ce
sapphire,oasis1qpyfkfnskvsuw7uudrezc86jmwzzp35pzue4033f,,d6218ae425a17ad4261c59dff550d1f5
sapphire,oasis1qpyhe8fy3e8ct3vxss8hsxgqv2lyx6spggznespx,,b2105bb789291344059f83cf6ea072d0
sapphire,oasis1qpyml45dv3pestt4fg97aku50vnlcfecz50drjnd,,a25d617fd4e17aab52f606176bb78e3d
sapphire,oasis1qpz6350940dcqlwcr5css7f62dnjuus7wgsfr3yh,,99cc6a3a1fd578b289a97b0c3981393b
sapphire,oasis1qpzc9n2y0fp3r8shanxvl4yuypyxu7e3qvhl3acv,,d3528efa478b8cbb737285e0daa3eb2f
sapphire,oasis1qpzn0sxwvyd5wa9x2p6mmjm62rya89vrtgwjj8jl,,e43b94ce2a567117071b4d6e01f987be
sapphire,oasis1qpzuxgtt9mtugx4wltujtfu839l5u37utynfvyfl,,38827fe75b3349ba5fb995634ccb4706
sapphire,oasis1qq05p4eze0lryjk7euxvnppdp3zrwx7gevfmuzn5,,f3540e2670cdb0012874003f7b3fbe50
sapphire,oasis1qq084a978jpe3eqhpm2385st3jxpp4avuuux67vs,,26d7a71d8f17134d819f97a36b9d7e6c
sapphire,oasis1qq0khhwazx0h8vh3tkjlelmuvc0ydegt5um4vz32,,e4ba2ae3fd0fe4217bdf9c308e0d88ba
sapphire,oasis1qq20qgwz8y2lt6q2ftmw8f5hwgka8qeq4q545mdw,,26d7a71d8f17134d819f97a36b9d7e6c
sapphire,oasis1qq243sc7d0kcq9x2c6pr3yg87gpm0se3xqdset2w,,633cb100c59cee12ffdd62871c1c50ec
sapphire,oasis1qq2enuxpdxrdtqxcxes8r7dndhfky6r9qurm82r8,,26d7a71d8f17134d819f97a36b9d7e6c
sapphire,oasis1qq2fthd0m4p56uxfnnrm6exsecvu66vaxcvrazjm,,
sapphire,oasis1qq2l2j8sezs3tyukk52acltdz4ynaxsvngdxm7vq,,faba102b0e91d15449eb17e76bf1fc61
sapphire,oasis1qq309j5u6ut8da3fh9ra5k8ky77sqhhr8cmdqzpw,,908321ec2137b33891e49cef8c694d78
sapphire,oasis1qq38zg7e325nznetspm3h8st7gvx8md5scf7mk2f,,122bf731a0d5a61d9bf7f5e8726fdc08
sapphire,oasis1qq3h730mp7akdpjphge7yy68q6mxstqkwg7w4yy2,,26d7a71d8f17134d819f97a36b9d7e6c
sapphire,oasis1qq4j7hcrjp0qad8r2px3fhfnwh96xny2u5wvhx60,,b06e15b026c5f8db5e6491a227273966
sapphire,oasis1qq4pdmrkswfdf95uul8zz0zy9g5jl0qp0ulv4r05,,19f4d6924b3e178d29a0eed42f8f7906
sapphire,oasis1qq4pgu7m335umuh6jvx7l9v5emqj3ld82v8p9n0w,,ed3f1629d9215736a56bacc8ade8303f
sapphire,oasis1qq50wa7mkkt8dv02m942dnzvslk0ks7asgnxehjp,,0fe77734abd600e916e271690648ddcb
sapphire,oasis1qq5thnzchfmx3cvp4pzawrg2s0mherf62yffcj89,,21f1a8418292a5f118c24a68382d32a2
sapphire,oasis1qq68ntgauv52qc3wwnrkwqyqfn87u4fyncrkgmcs,,9cadd503cfadf2e38cd2b90b1629aa09
sapphire,oasis1qq6p3enftkvl38hr2ce5fg3zfe92syz5nqsmmk2j,,28994aeda289fd2f94f6879fd4c367ff
sapphire,oasis1qq6qa2zn2y8cd37xlyvvtkqn4zt8jeadpusdp4c5,,0fe77734abd600e916e271690648ddcb
sapphire,oasis1qq6tthnrkhrs29dla9wfndheff5gu45xfqaatayk,,de294fc9ee96fc0ede2e85082adf865d
sapphire,oasis1qq75ngaec0rmw0zvgwpyjgztdyktfjrdhqwg7732,,35b46eaaf2081b002a3e8d60857431fe
sapphire,oasis1qq7p8ujwwjs5xs8vupt3js324e5y87xxfvpvk9pr,,41c933196f6499a15e018d3bcc40dc63
sapphire,oasis1qq7svvqzxu9yn3jl3pyjdg0k742hdmaj6vmvnzr2,,474df58430fa02192a34667bb9aa83e2
sapphire,oasis1qq7vtcrmsyzfyf0rtkf99g9psh6ps29gx57nasxp,,
sapphire,oasis1qq7xd2vy0fqrdx4scchzhyglg5sku4f5j5a0n35u,,2f9ba64316afef7a8bf4752f5e26e6ff
sapphire,oasis1qq8rtwmzuzhj2ecfxvsjrd3kw68se5emrvw7ny7c,,b92eb8d91059c2694b728c5e984416aa
sapphire,oasis1qq8wcagatz24x0zy37lvm8xy6sg3m7yqm5m93283,,a6a69fbb56aadab469c1a5b2f14309b8
sapphire,oasis1qq9n9g5x09muphj0qp9csw3jzmgz90g05ug9uqk5,,a0fe0982e35bff358ca81612285ac39d
sapphire,oasis1qq9u7dfj7edtd5u9jtzt3uuet7rjwgw8questn4e,,11b43ce1adaf92b761c9c15f902bc833
sapphire,oasis1qq9u9w3fxa3g7666ja305h4fdvehky6eucs4j2lk,,
sapphire,oasis1qqak273y0rw2v9mk2xqr0rzgmfq066vaxcv32zte,,
sapphire,oasis1qqalhaj9phjuht5whk70tcyqjdkkqyt0duu89eej,,1d2eddd05d3c313e5e855c400adc594f
sapphire,oasis1qqcpknfzrtsdpgfxrxxjpn3rkr9p6xvjaszypua8,,c2adf4c54bd135f78e7746d87de661c9
sapphire,oasis1qqcwv6yza234l7yhxvkc8ca38sk5vx7racuc6wyl,,bc18144985bc98fe21adcdc0e137d4e8
sapphire,oasis1qqd37nt9e0mv037tn9vtr6etkkg9k3ejcq47jdgw,,983a17ae32b5b6e03f654f432d897902
sapphire,oasis1qqd3m2uw04usrfp9yrvzmyzgtkm7v8fs5gtv0n2t,,2344dcdd98bae6b7c4de8c72dd834af5
sapphire,oasis1qqdkzghn9f8745m6gc50zrwtt79ru74wcynp3564,,c4722d36247d561d5b7774ab18293ba8
sapphire,oasis1qqegq8cwag5c26uzt5qgwfneruu3n340wcfn00cj,,e4ba2ae3fd0fe4217bdf9c308e0d88ba
sapphire,oasis1qqejewj56ug3cye6u8uxj42zvslzf3ry8v9nnwqs,,6f1696cf70b67019f55d1b8d73eacf21
sapphire,oasis1qqeta53wgevlkv7avhrtlxpffsrvlgl8jspu6xq5,,94dbc6c660f631235bc1525e84aee796
sapphire,oasis1qqexc8uys9ruv2unzt0cqq4zksgcsvld5590phdm,,d751713988987e9331980363e24189ce
sapphire,oasis1qqf3j9c34zqhvpyn49xxv2l945cfy5mr2qfh79lm,,0fe77734abd600e916e271690648ddcb
sapphire,oasis1qqfecmhsfw6r5agwhkpw9h026600ty4y8q7995fv,,4873684c5e22769e0d76327ee3c2de2c
sapphire,oasis1qqgdmcnp3jdrcw9w2ksa68rrxhkksavx4ytpq7cr,,dc1785b7918287f67cbce1f101b35b79
sapphire,oasis1qqgdnzphupr9jgyyfw8pa5av9md7psls9g2dlqhh,,efa3f9a15587c69e74707c06106b80fa
sapphire,oasis1qqgx3alfuqfcd7uxc4ng20lc3h28v0k23ce3gl3y,,9530cf4d27326fccc91755a9ddbb71af
sapphire,oasis1qqh07fdcttv9hwj77y6fzm6nmw2znw0d85mqe04r,,1f06490338ae1ea5ff4e6af37091d2bf
sapphire,oasis1qqh6aw4le4hxz5h0n7j70pyk9sp6avv6v5rlcw3s,,
sapphire,oasis1qqhkkv6g9jd79ym7305rp350ccde2rnxuchzxn9z,,35b46eaaf2081b002a3e8d60857431fe
sapphire,oasis1qqj2ce0mkzn9xhgenc4axwe6sc9h4ggudqhed5mf,,f9fba2ac02bcf0afb32174342b6dfa53
sapphire,oasis1qqjkrdw9myphr3ml3aky8fa0m8eg9ps6agx2zust,,1f03718394891462812125b3e63b0384
sapphire,oasis1qqjlslm87snlf2pdefz4vc2lsa9uv4emgqsqutpp,,accd55facc4386cc19654e8a5e2eb8b1
sapphire,oasis1qqk8x5ujz7ap7d46gu4ylm82wxwqaegu4y6epr6n,,451a7b64fbb10ac68b942116b839ae6b
sapphire,oasis1qqkcynmpm5tj9thyfq0fg5k2slvdap9teu02n77d,,e3e9d2d219adcca7ae7d130b3703608d
sapphire,oasis1qqkm3t02lajns9lj5m6e233zyxgxjf2d05exywe5,,a1ac20e64c96ad62bc8fe646f1e47b0d
sapphire,oasis1qqkvkyvxgxnqs5rmquxd294uhkks76zx6cy0zhyr,,d6591d25d0588f7f2ac7cde03e02444f
sapphire,oasis1qql54c9jmjzykvddt5k80sqgkjn5szvfccxy64xh,,9ce5ce6fb734472b9fbe067f6097254a
sapphire,oasis1qqlagh9p7dp4s9z9h9wtcwe74vrkkqfl8y8e2p8h,,4873684c5e22769e0d76327ee3c2de2c
sapphire,oasis1qqllfu48z3g3rzpe25gqrk9p34slfssjjsjcwn0g,,ad6f1ecd2623ebe7384c86b6d1b9a6d1
sapphire,oasis1qqm8rjt5c099nc4mtzde5aevrm8s0xrm5c8s0vwk,,af3f20b7886fb48cc5aec8a17616c4a6
sapphire,oasis1qqmhu3pg8lt45hhefket889w0rj0kdj9tg9kqczk,,8d7da3a7f661128a296cf76a54a21d82
sapphire,oasis1qqmxkt8j9mg9lp4lagq49tkmpqy23qs2lymul4el,,cd2dbffdbbf0ea4b27664685bd7cf937
sapphire,oasis1qqn2zun02f09u6ukpgfepcvw8vwc6aq2asmynq5v,,5254dcb4a47216fe0d2461a0e5734089
sapphire,oasis1qqn6h6mavvcc38z82q330drf3jjlx2zmlyzukqj9,,9f8665d9112a03e7bdfd4f9e7f48e389
sapphire,oasis1qqnx8l0uwaa0evrdf2u7wjeh42r582l7vgyhakgt,,
sapphire,oasis1qqp7swrvgcdzn2ej0wq0yeft5uq845c2ysfezh4n,,c81666cdfaf79a2685ed89edec1f6606
sapphire,oasis1qqpdzd8rlnjveqpzc3fwx7swr55gt6m3vyw0clhq,,8d77e6dfefb4e00dbe895fd11e6c14df
sapphire,oasis1qqph8yqj49u74rmzlgvj57xdhzsughkczg203l6v,,675bf7460c5a9e846b2b61c5d729a740
sapphire,oasis1qqpmrv2lqjp97ffggky7amlzerzw5wwazc9nz8vm,,
sapphire,oasis1qqpqsdk46st64at6vjxdpndmreqj6j9f6g829ezc,,b07f1d2995e4ec0069c8ba35ab2d07f5
sapphire,oasis1qqq0z02ld7h6k820cfdw0hn9pa9cyf8a3yfvk8vy,,a61311f075fab3ef673200f9e8600829
sapphire,oasis1qqqf9rn228w8qtjq6a4d97amndpwvcn6wcs5ulgr,,0b3aef675dabc1d985ae8fdccb455227
sapphire,oasis1qqr6pkah4j52sfpdnkd6z6taz0vr80ua3vnvkunq,,c656bf88810c7c3e8e3ec65104550f46
sapphire,oasis1qqrclhhrpzrz63w9rsun8wu9v8t5542s455hqpt8,,2ffbad0a73f2998940fb6234e3ed7704
sapphire,oasis1qqrpqlpmuaha3mkuv2srl4s92mnfp9e8aveh9re2,,6f739cfd966dbeca28c9de367aa35890
sapphire,oasis1qqrz8zas6u85ch58j78slrsgwgjgljcmucskgk9y,,4bd2dc216644d3cfb167af7765219b72
sapphire,oasis1qqsvmss2et6c88e8duxpetmep45e8e5exswruw9s,,676648494652187fcdad9fb49d971865
sapphire,oasis1qqt2wjj26hg8f2ntnkn6lvk5z4srq92hgvh8tmgq,,676648494652187fcdad9fb49d971865
sapphire,oasis1qqtfswkjqqxxlkvc8pvgc920ewzhcmpp5gzhaz22,,d09820fbb5cf3d148c86daa2aa674501
sapphire,oasis1qqtkwl9zp5c9wsyskd7txu8dn4n03enjgympam29,,a2d231c515ad609fa0045197afb51b48
sapphire,oasis1qqtpdn0wg7ldmgpz522uqq9f4zpytqyvuyflargt,,d8163d7e2640f58efcfd959766899430
sapphire,oasis1qqtza6vn8hxzk7dnenjug4n6vp2utz062y8ffvm5,,e0e8cfe36620dcac819032ae1c748c0d
sapphire,oasis1qqu0er0j7gzjhpuwg27eewsp9z0qkadwkswz3pxq,,8d77fc725f230e3238f7066da7258ec4
sapphire,oasis1qqu63tmeewvh8f4anzjjqt9mpvml326s6y4wk6ly,,404ccd15902ca89fbbc53dcefd3a3fdf
sapphire,oasis1qqu6px9c7vf4psn0f5ju76nsa3zvslqa5qmunajr,,26d7a71d8f17134d819f97a36b9d7e6c
sapphire,oasis1qqu74txdys609uwd68m7wcqtpvnuh4wdfyny74v6,,
sapphire,oasis1qqu9s8uvk7rawj0ugmt7hq3vhehcerdswvjjt9hp,,3a805b87f791affc540e709b4d2481de
sapphire,oasis1qqv72hplunk4v7n8qzkt30aw2fj9x97gxud0f8js,,b128ac3e0c20e801caa6ef191fb2a9b5
sapphire,oasis1qqv9ykhafytucguxut35wrtfgfa06gutgumcyvvs,,35b400db34823161942bd22f4177eac7
sapphire,oasis1qqvecus9z4jnh66kcu27vuvd02gz3sf49qndyv7c,,
sapphire,oasis1qqvett06ldlznwln4qrn586uw364tjek7ygc5ljp,,
sapphire,oasis1qqvpsj2j7cr2vx0r4fkjqzvdcj0sfdzy75fd3tet,,
sapphire,oasis1qqvq0zzkjj537hm47rj7lren9lma3ncumspss73n,,
sapphire,oasis1qqvupccm2tvur6t54rs03rf9jp9m57lfpcp9nsln,,cf4d858bf8ccdec34cd2710eb7d9e476
sapphire,oasis1qqvvg0rfl0tcstmuurf063eurt7vsk3exyaq96fg,,
sapphire,oasis1qqwesae446wlq4vvqydnp7fjgm2tqmmrnqkp295f,,d1651a23948ccf073bc58973a88b31d9
sapphire,oasis1qqwvvs49pcc7tu9x0z64ghlsn97zfapheudfnrmx,,4cde1abf38bfbd57f47e24adc23b0d75
sapphire,oasis1qqx4atz7kmn5s0jf348maf7mgcm5cxlckvkphpqs,,
sapphire,oasis1qqx805qqxneftz67ywqjs47u23cd8lcjusl3wcrs,,35e5ad86f64bce6477a72771a88e0ea0
sapphire,oasis1qqx9u4wdleuzc3s6q8aqd5fprygcymek95hs23vn,,32bfeb9ddf4268b2f2c179cf1d90f07f
sapphire,oasis1qqxh254p7n387d5xh0gvxnkj5xpttcdjxyt99j9q,,1c8ce83f0966d82792f068587ded17c8
sapphire,oasis1qqxh5dp7hjuwdd47gndl3d3hsaummwdkuugpjnc4,,cd2dbffdbbf0ea4b27664685bd7cf937
sapphire,oasis1qqxwt76fzk4q0t30n43gdrzveq03twrnj5al4zeh,,b92eb8d91059c2694b728c5e984416aa
sapphire,oasis1qqyejnzc7zq7tx749vz55eewcp39svm8dsdw60uz,,944805c55332182d124e0e9949fc8490
sapphire,oasis1qqyq9g6g0n90z3lljppc2ucf3llaltvv3ygtlgzv,,4878dca84dc20072b27399e1327d221a
sapphire,oasis1qqyrx62kehmsvesymg2vp6l4gdnz2f0ywcgw63ss,,8846604fae7f9d7205e1a231be9dc166
sapphire,oasis1qqyt88eaqey7ratz34qg784vd27we4mwg5787d3s,,
sapphire,oasis1qqywexcv785mugpp3f92zd069g25gp50kyz4d9f0,,f9fba2ac02bcf0afb32174342b6dfa53
sapphire,oasis1qr05rhjkq5dzkgwr0uje9lkfdwx44jh24s54n4nk,,201123195f504a2b8b7f683d1aa95fd4
sapphire,oasis1qr0ngqrgl5u9aacge7tmsy65s8rmw8m74yvlmes5,,f80c9f512626ae3ffca4d574e864cec8
sapphire,oasis1qr0rjn88ts3ck873appgrvjd5hfyjsnusynhcm0v,,ae4c2b3fa8df063926289214e7b601b6
sapphire,oasis1qr0xsxulanscsqku0d56vajuhc6u8u34vyvjncye,,dda56049bf9cb7879fedcdc38fd35c42
sapphire,oasis1qr0z6a9kfzq0s2tydcrr62zzfwdfd6ngwqpeul25,,0b3aef675dabc1d985ae8fdccb455227
sapphire,oasis1qr22jqk73xa567yp6dn345khvg6fdsnxnylp2mua,,05f1c5d16e1c26f068eb4d153593f788
sapphire,oasis1qr2470kvd7c6tnw0hvrd576j325aznwsg5l7yjyg,,0b3aef675dabc1d985ae8fdccb455227
sapphire,oasis1qr2607nmdtm90fs2uf6nq8q7qus2qtw645xw3amy,,3a805b87f791affc540e709b4d2481de
sapphire,oasis1qr2rnmfndvdwjr8zn7yq3jy5a6eswf22huqz3lc3,,32bfeb9ddf4268b2f2c179cf1d90f07f
sapphire,oasis1qr2ta7ussnps40fnmp58p04cwn7yvr56eqepa7xh,,cc352950ecdfbe27f1645606b1ffe6ef
sapphire,oasis1qr2vfzr38k2x08v0dt6cvqt2fxczdyquvq98vmfh,,23e555405cfbcf51f8ac50ac1159a0ff
sapphire,oasis1qr2wac8ywavmjm735a2hf5pxcfa9q2regs4s0tf7,,26d7a71d8f17134d819f97a36b9d7e6c
sapphire,oasis1qr34gllc2vmkkagjmn5dp3xk3a54f3m25uwgy9qn,,901119821e834fb5adc01946e2b7fc69
sapphire,oasis1qr39fa3rzy3jgyffr4adee4xc3jkqvxy3udd7pjx,,
sapphire,oasis1qr3cul4rgylytzuen8gpnnlrh3hml6n38qj4svt6,,9286ab49407370844e398b815255dc31
sapphire,oasis1qr3s7axql4uxjtjptgg2j49k78su99dqjsm8c06w,,
sapphire,oasis1qr42g96r2mag7a274fsvy0skk8lx5ahcyugv3qph,,80a1067938aa6f9040bbd8b5f98a32e3
sapphire,oasis1qr43dvghx4a75vndjcsg2r9ct2xqftwrgcnt5tge,,a2d231c515ad609fa0045197afb51b48
sapphire,oasis1qr45lju6rqrv533ex3j0zxnx3dfzq0mcayadcsrj,,da87797c877f261935c96cac4809810d
sapphire,oasis1qr4jfdjxkp0f37f6y4uy4nm9uavdurt3dcsh0l6g,,
sapphire,oasis1qr4lmr0ker7y92t98aaka9q3k05kchaf2gk7nlj8,,61761ce95ec40230222750d547c09fcc
sapphire,oasis1qr4q5mmlaupa4mgcnhhy4cjdsda3fe9t0qzk0uyc,,3932e1776fc70fc2be1072ddff744377
sapphire,oasis1qr4unwv27srp36qgdl48zkp6aq3c83unf5y28lzw,,4873684c5e22769e0d76327ee3c2de2c
sapphire,oasis1qr4v08rh830mu6q2e5dnf894t7aepurat53at5e5,,676648494652187fcdad9fb49d971865
sapphire,oasis1qr4y7mtmk98agwujmsw4cvr7jr2zqpurmsv8gwdf,,8a3dd101852ffbcf6c75d55769a1363b
sapphire,oasis1qr4ys2p479kkcfp5v7g88zehjhdchh66zg4w7v3n,,dfef4384f620fef144c3e03b01889dce
sapphire,oasis1qr58ucf5lufhym4yd0nq3nfvehyaxuw5hyfwqxwr,,
sapphire,oasis1qr5aymydq5e6kllfhxc3tk37gq7fz54pg5ujezsh,,39751843ccd17cee1011878257ac8671
sapphire,oasis1qr5fhjg8g3zul7754gp5j6efd3r09dgfgckzl9hz,,ad75eb1e7977c6f56dd7e37e621d2b5b
sapphire,oasis1qr5mh6qpl9ql3d202jgk5845eyaggjhjevv9x90k,,2492a7b3809cca3841416718e6fe7547
sapphire,oasis1qr5slye7qhqshsfrgcpdyzr7nm8xf20vkqlh7tfd,,1e318ebf47127e616161fb7fde861b2e
sapphire,oasis1qr5zt78qyhza9a8cx80ntrla0mq60v6nk5qc3hsc,,4873684c5e22769e0d76327ee3c2de2c
sapphire,oasis1qr63nvl5nx7g6mq0n7rad6wkmd6ndcpyvysld9zn,,3e7f40745fadb6d7870ffa85ba141836
sapphire,oasis1qr6dq7tnhfq70syjxrnlwr8w4dler9azyqgf5n6e,,73ce8199c060150a217aac5c1858117d
sapphire,oasis1qr6lqfy8h9n9lvlz9fjyryq7r7qpwpwl2s49ygmm,,88e6821754b48519988aba78bdd3f1ed
sapphire,oasis1qr6ng6e8f4mhfu0h98dax2mzpdq85k0rps5ma2lg,,3d7966512448f9814edf51cd57b39471
sapphire,oasis1qr6p7q38p5nrhl4e352ksmgzlvqlv80qwvuxpvll,,3b9967dcae2078cf84a8d8a593257ce9
sapphire,oasis1qr6tu5eh6z0yeaehuf8sm2ulatyd39chxq4hj0pj,,adfa2331e2d1da136cec4d2c422e0db2
sapphire,oasis1qr6yrvxt9rf0xcwny6rfhrzlezye6gfe6c64s28q,,58d742748169b7f4bd7d50ad32f4f87b
sapphire,oasis1qr70s3jf9kelqfnxl9dwwg2k2c6ztm3m9sdgaljg,,4873684c5e22769e0d76327ee3c2de2c
sapphire,oasis1qr7y034j2srpxq90w20al600a52es8g3xylhvrl6,,9ab4f6631d823fb53e78a9fa37308bfc
sapphire,oasis1qr8v5p85z767xf5vad2t5w477vtqvu04pv6rwz47,,cf4d858bf8ccdec34cd2710eb7d9e476
sapphire,oasis1qr9mnlyd8vt7x4dj7stzacq43s2vg8hneyzvwmwm,,2f0ca594602733b89165a7caf56b5a25
sapphire,oasis1qra5aqma72vsk55nql3jxfrsvcy2hq6jwu5cjamu,,16a09a017fbae6cbcbf0dd352f1337fd
sapphire,oasis1qra74dzru3q24ksv03duhgfh9gfyjd73dsvuhhdx,,81678cb28d7de183f9b0b6eb7de859d6
sapphire,oasis1qra8v4x7fcdajm8t7jnn95hwxvdhfnpfvu6xqc7r,,ccdb175e92c8888c2160b87a2ad8b403
sapphire,oasis1qralar3qw4kyff24wnjjwjguen4u7yph3caecqq8,,f3540e2670cdb0012874003f7b3fbe50
sapphire,oasis1qrayyjs7hqq9c3la6rpvqdle4zk2dg5whsu8ykxn,,cd42d05f9409e43f6e562478df1b2c0b
sapphire,oasis1qrcqssu4a8rdq4n4r940mdpdj6tnrnyhrq39thl6,,a799acd6108970ab3fdcd4a9f8278c4c
sapphire,oasis1qrcxnarrwwn9u9hacfxan5hy6arvrhef7yd49vem,,bc1e8d05bdff88255eedc89c5e035ff3
sapphire,oasis1qrd2cd8c53up3jjwqvd8892h0u45t6yzrshk4uul,,
sapphire,oasis1qrd2mlkfqn5f426naea3dn34hgt2qunlyc7dvvke,,50742a5ec1cb6a371997f4aeae19e39c
sapphire,oasis1qrd9zh9dfy2mfsvgy5x4q3azu2qkjmg4dy0nxfqj,,0923c4fb277192f0b86b44a309c451b2
sapphire,oasis1qrdn6kp9eg0ztsaxt2eusfplds079825fqntnz6k,,
sapphire,oasis1qrdqd7ldsvj8axcqdnxwhk2meu8z7vcru5rgnyqj,,
sapphire,oasis1qrdqwg37zj9ehk7dmn8fakh7w24tvyvm3uk383f8,,
sapphire,oasis1qre3g97kznheewyznu2m8j0fc8fyj4g025fszl0q,,
sapphire,oasis1qreazm932820v20g7r5myj30l6vthf62h5ezkzm8,,b157a6fab8fd24fd8c8b39bb5e419154
sapphire,oasis1qreczra8aqq5yu3x4nmy08sqtce69r3xty8yd2tu,,dea01e4eb955246eb07758957d9f1162
sapphire,oasis1qrep723vmr3yaelzz5aj4u8ae7mp388w6qjumvcm,,fc5770d68f51bee48322ffe05ff5dd7d
sapphire,oasis1qreummjkj23mm6tjgtv6zc6ucyt6j2vtt5d4uauv,,dea01e4eb955246eb07758957d9f1162
sapphire,oasis1qrevky659zf5xmnr7grvmy2jsl8xx7hf5vs9v4nv,,ae4c2b3fa8df063926289214e7b601b6
sapphire,oasis1qrf9lkyegm72zk5p36sfezr3456hfnkn8gzzqj6h,,ff64401a3d80ee71023714c4e48f8829
sapphire,oasis1qrf9wrryt23xl9dqynzzgyg50qq6mgalacaq2g0q,,0b3aef675dabc1d985ae8fdccb455227
sapphire,oasis1qrfmqmuqdpe5hh84339ct70c8m299m64acezsf3p,,d85957e4e8a1409eca027b1093eb8829
sapphire,oasis1qrfpyxcqkj0s0phd7tk7vpnkv0ng8pg5jgha8uzn,,26d7a71d8f17134d819f97a36b9d7e6c
sapphire,oasis1qrfvk63rlt4yacaz9d4dneu6t29ljs0d5cwjlns8,,e5f0195fdb8b4d4cbbe06bf04fbc912e
sapphire,oasis1qrg7nx8hk6nrp8kzqk42p6rv585neh0h6v0tm5nl,,9917b6f1d02d9b4acbfb825e28004a5f
sapphire,oasis1qrggs3x5z73xkprxzaswrq9gylxsn799hsw9tl35,,6b6171a325f0963d0841265172cb285b
sapphire,oasis1qrgzzlcl8twcshq55cu9tsacyd2sktlzwctj8n72,,755793bd0c03ff4d09355428d35b0d95
sapphire,oasis1qrh3vllmgwgtksydrgtqp0wzqpahqk64zgvhqkpj,,f864527593b1f93129db942f02117afc
sapphire,oasis1qrhhr8vptrzhkkfntdu4y5ajf05ct73p9u34ru82,,0b3aef675dabc1d985ae8fdccb455227
sapphire,oasis1qrhtvz6m70gwy3umnfnvnd73uzlz2fkxdudpltcm,,742bd3b9f51b729c2cce43c3922bed10
sapphire,oasis1qrj5wvx3y9zlcpd3m00f8qcfj6aelawzjqp8crap,,535cf28f6aeec4405c710ff8721c4fe8
sapphire,oasis1qrjnzqmsxxfaqpe25m429t27d2ngr7wceydk2gyk,,23325ae24259827a79a3c23efd5ccead
sapphire,oasis1qrjrecen4f4eev33j272c2gakn2vxly3fuf2rpnx,,616ea70571948b775a76f364c5560e49
sapphire,oasis1qrjsexdrzhz08x690xfl4k7cs3uah42a9qjj7h80,,7c9821a3bee167d1f26a841e01566028
sapphire,oasis1qrjv7k4htx7gpelhwgh88sazf687pd7leulzlvv5,,b06e15b026c5f8db5e6491a227273966
sapphire,oasis1qrjx3jh3uvhk2mpds4zdmg6zhjvj3ag7dgvsfsvj,,676648494652187fcdad9fb49d971865
sapphire,oasis1qrk20869xhaqsysxzeqqs449uys5ens6ys379v9y,,1f06490338ae1ea5ff4e6af37091d2bf
sapphire,oasis1qrk87g3qltda6cu5rcqu29pursvsam28sc0yc5u5,,
sapphire,oasis1qrkrfvswq2zlgyeynrfl7h8k0wjml2vp4uhmwm68,,30e4d767861379ce7a4650647d86e10b
sapphire,oasis1qrldvl3vcvp0m7236f9a5r9nh53me4ry45wc6vw3,,cb809c46385b381bd8f97cc6c3326469
sapphire,oasis1qrlle40lfngw0xrg67400y2ehycd0zst8cgkmmj6,,7e10b0e258447c80171e750cd9e0f521
sapphire,oasis1qrlu98vfrzmyrrr5g6xerwvccyk7cul5jv8w99sx,,eef021a2cc4790cd943bbcc26d3be6cf
sapphire,oasis1qrlyfhjmfstfqxqdejd6jdqgkfmhep67cynfrasy,,7af48b0c14527d14b4d750e9c6770baa
sapphire,oasis1qrmcsaq0geg6f80wmw5zquduyshz703f5g73dkpz,,98fff4f75787648111db6a96679f333f
sapphire,oasis1qrmlrjerxdh5xx5hksvqyvruhjp7a2jl3qzzzkcm,,9cadd503cfadf2e38cd2b90b1629aa09
sapphire,oasis1qrnmln59pct7zr37seupnyfy260ghpxskc72wvrf,,83b8fd50729ebafe4852c185e8056423
sapphire,oasis1qrp7gpvwta7tfkwm6dsu5ztkhrdxy38adsszmjl5,,48754c133fd70de3d5e9b2a92306ec93
sapphire,oasis1qrplf67g0lpy8pyeyplazp0y0efnfzavgu6a9j7u,,98a3f12db1257b2ff9bf41a01e10e18f
sapphire,oasis1qrpvp6e9z6d9smv60dq2zy4cf8sckkx8tu5taltp,,474df58430fa02192a34667bb9aa83e2
sapphire,oasis1qrq3f0qz6sxq7r7avs4h757556wrtnr63u52klru,,853ddc2b0dc6905417f8cc1889c8e24c
sapphire,oasis1qrqejcvv6keunye2eez62jv6680nramkqq2t8jtp,,e440a7c0c6b2f063a47c63a1e96355cb
sapphire,oasis1qrqqaxnmyf5p2d42au53hjugdyh7sukzty7v5v32,,
sapphire,oasis1qrqzcs2x0anmrp653m5q0mrxzatl9gm8s53krmq2,,871a888bd58f411d68ea73f93ad5483c
sapphire,oasis1qrr5anrz6uf206e073nlpxcr7l8hpf0mau6hwycv,,4873684c5e22769e0d76327ee3c2de2c
sapphire,oasis1qrrg7ql47xpg32mj5260aygcsp8wjevmw5udukax,,4fc7a323587cd73e8ece0bc92fb16784
sapphire,oasis1qrrr3qvprvm5xxujps72uaxm3u79sy0m65tptqw2,,b5d08cb74bc01e3c166614a2dfb85072
sapphire,oasis1qrskhl9mg6h2z7yw0akgfrqvcfm7nmjk2yl5fwzc,,01ec6992529030aa7d0aab4ea656cfc3
sapphire,oasis1qrt6rqzxxt2kzqqetc4re2t9wtxsnvdudu6fakzg,,0b3aef675dabc1d985ae8fdccb455227
sapphire,oasis1qrtef2pzxf8d3clu4mhzv67sjl0prg5aaullwwcq,,32bfeb9ddf4268b2f2c179cf1d90f07f
sapphire,oasis1qrtg05pzgujsdk34qcxjhz5yswh0v3spc53x06s0,,26d7a71d8f17134d819f97a36b9d7e6c
sapphire,oasis1qrtnysp38mdzy8se2jfh0eh7stc6m7ppagd8v6na,,0b3aef675dabc1d985ae8fdccb455227
sapphire,oasis1qrtw0g3ufn29tk3t9s8rxx6mvsep33qd9szzgmct,,3b9967dcae2078cf84a8d8a593257ce9
sapphire,oasis1qru09ew0refwqg0fjymf4f9f2hj9suk9ly5r6y3y,,
sapphire,oasis1qru4q9y7sn8ym3gnwkttclrel63k4ml2lvykwegj,,c9e0c14ccd419674b57983734b36cd5d
sapphire,oasis1qruf4pdpnjtdpclrdzl9p7jrc73h4n5hpv8c75me,,4483ea9a4f3649503b43308f552f0436
sapphire,oasis1qrufmyz3drh8jnsrmcpwyxg8cpsepusudu4ma0ll,,
sapphire,oasis1qruufxk26u3zr046pwd3p9evfdll0a8xcq6l67aq,,5ba22289aeebce1073d750a70241f352
sapphire,oasis1qrv5w66hr8kacc6r9t66lvr29a0sdqxnpvetv64n,,7cc0fc14c1f443922f0f0968d8a4fc27
sapphire,oasis1qrwjjwuhprdgys5axkcjhv2ht8xnqv4lv5e70na6,,6dbd8f1ec0d4740a07d4331d32dced63
sapphire,oasis1qrwnppu5l6utpxpdswlurgzwfvppc3vy95knnxdd,,11dcbef96b0bb40fb0fe94d7026e6f00
sapphire,oasis1qrwytrwdsx0qg2chht8d03vh8558evs0u5lrugav,,3d7966512448f9814edf51cd57b39471
sapphire,oasis1qrxg2epnaf4eqnw4jajpahe5pdq62ham7vfwwszp,,53fbbd987287341d3bb5c06bd045df8e
sapphire,oasis1qrxtf724h9j33gfjxfshzg2p847e38t70yru4ujj,,45db88b8d3fa1fbaea3d9d2e8dd939ba
sapphire,oasis1qrxujgekcthuxl5r8t6yud0ukpv4tvwk8vwvq0zh,,05f1c5d16e1c26f068eb4d153593f788
sapphire,oasis1qrxwn7rfcv63gl90qgn3ekklgdgd278g9cql5eut,,58d742748169b7f4bd7d50ad32f4f87b
sapphire,oasis1qry0x2njqfradln3q9h6qyuq3prpr5xq8glpmpny,,c2cd2b681cb61c336af138cfcf19b88e
sapphire,oasis1qryf9hxwlv2xm0uatyy5wn82tszyx0kv2g6f0ufp,,3c72ad4bcbe5c33cb8f6b10088243315
sapphire,oasis1qrysq46guu3lug3mge6vgg7mrtthfuqnucq7rnp0,,523e82d84dd34d482e8ff88fddc6fca0
sapphire,oasis1qryyglq66j0lv04htewwddusl2f7wm3revd47psk,,e01d83c474772a7cd2fc018937c72376
sapphire,oasis1qrz3rfnjccwpnfsqqmv0ura2808em886rqeqe53h,,f3540e2670cdb0012874003f7b3fbe50
sapphire,oasis1qrz4lxv2gkczghq63yfzkas3734q9xsrdc5lm7pf,,4e3852b4aa82209bcbfaaff4b69daafa
sapphire,oasis1qz06r8zz4glxsny6ypvghenwessuxpahgv2tv4f4,,
sapphire,oasis1qz25hjcxgczu0at79tyj2d5hxa3nsqexgsuvavqs,,30fa094761ba92b9b3bf31a89bc88bd3
sapphire,oasis1qz2a76lqjvj62z9kdpxrqz6hlnp0nng32v9e37z0,,6986f3e96e4f842e1a172b466ae8eead
sapphire,oasis1qz2q0jhjd7a83pak5yu36ftvsk005c08rqwrfujc,,6a299924f1af7d31984b12558e1f51db
sapphire,oasis1qz2qjcteh0z6fv7v2gd0e9p6hhtt5vg4hq93je2g,,f15a44176c856fdf765cb84a18826e64
sapphire,oasis1qz2rvn5th8eln5t2fj4e2zcq5e50zjadacd0v6sq,,e457142f995495183e44f5dea3e8a70a
sapphire,oasis1qz3hhrlfj9kvnssrrp647sj6xgffrufrq5t20254,,6baea8cb7d61787c11a9d66f686681bb
sapphire,oasis1qz3m6eyny39y825wsgfx4k2r84vqrra58cx2c9d4,,dea01e4eb955246eb07758957d9f1162
sapphire,oasis1qz3vfhgy3wvf5djhnjlmxf6lpxkmt86lzys8cpwl,,6d19ab45e4d109bfb3aacabf883302f7
sapphire,oasis1qz4ae6x0q48tp04gqgxg4l57vs7lg8x5pyh8hjzn,,86ce92eba9cb15e340875ea9e1ea96be
sapphire,oasis1qz4ff8hk054yfl9dfsg30ewapy9jtddnvu35amcp,,6eb382718781c8b39b7ea326e6bbf7f4
sapphire,oasis1qz4uw87nvmjk0j40nsklrwn247y4h8tasc90lx52,,
sapphire,oasis1qz53fypqyxahkdlq070juz3f0kael23rs5njdguw,,3402c18ed97fdae16f23a6f00f1e1ae6
sapphire,oasis1qz5j82sz4y98y8s39h7zq24qgwxr47gsdczuuaen,,90825e20a8f9c1b35ece8d3e3b0e6c34
sapphire,oasis1qz65f0ugutgjnm5s6rl8efzyattdd24l3gm4cscl,,4899db6aa701afe14ae3fd8bce6f759e
sapphire,oasis1qz66ezshthjpe7j67ts4h3tfhm5f0vjkz5gj7yse,,
sapphire,oasis1qz6wue99ms4fac8knkc5v88620zdyca7lun6ctm3,,
sapphire,oasis1qz6x74lmrk96uj5sgfne3737xvawgqdhfczgawtk,,98fff4f75787648111db6a96679f333f
sapphire,oasis1qz7uqg8979ucy9c2l9vqudvcnt3p08th4ua7fqhl,,925f7c4196fd85b30cc5a93b6d46faf3
sapphire,oasis1qz83nq7a9cudtxnmmxxteqkeansfcsldjy3kcgqk,,e3168d323ac8bfe3b1370376782cf20f
sapphire,oasis1qz8qxq9hyrly6rjn22gnzjy5dxpxcgwfzsrrdgke,,50e24fc32838d7f3b911533ae14a9ac0
sapphire,oasis1qz8u2ytzrces6jtf9dl9u6yrxldhs7pxxcjuk9np,,2deac608d82da3f345770fadcb35f6ab
sapphire,oasis1qz8vvuusef6a2wlq96rctvqyhe58lenaqvaeejcc,,3c18ac0227f027bc3f1c4c5dc0158343
sapphire,oasis1qz9fvrvqjmgarlycyex4ml7lglf560307y4v6rgj,,e0b4ec6846c9a59b4537d6bfe1ff7346
sapphire,oasis1qz9j6xclumlt7tyr0h29r3kw6zx5ka6zfusnyst9,,5edd0c20c186d882493b18f402733a4d
sapphire,oasis1qz9yguszpdky9f0zp6pwy6wkx4faxpqvc5z5l6f4,,f3540e2670cdb0012874003f7b3fbe50
sapphire,oasis1qza0l298rqfvg744d7ppu58jxze2nz0ufsqv3apd,,b128ac3e0c20e801caa6ef191fb2a9b5
sapphire,oasis1qzaej8jcqn6q0sklaeuf7vx5expr63489qyjj9ht,,
sapphire,oasis1qzaf667mqctx67fe90ps7tl5ydekwf7h0y8xjj2e,,
sapphire,oasis1qzak6dzhujd026n3mh9lky2v6khwkxkpmc6k05st,,291aee0f3fe55cb9fb1d83391780cad2
sapphire,oasis1qzat2ra6mzpxga3tey0d005us666kn6nhg8uz9zq,,84b77076006b9fbcc9057dc5fec078ad
sapphire,oasis1qzc6jfs6wz25y8hynnpqhw8t86j2jsuh5ukqedfy,,73ce8199c060150a217aac5c1858117d
sapphire,oasis1qzdm0aqruaarc0lmdt802sha5sv97um5rcdn8gh5,,4873684c5e22769e0d76327ee3c2de2c
sapphire,oasis1qzdm8fgva7w2dn7z7m8ur73uvsk0tpt6jyzcvjdr,,4873684c5e22769e0d76327ee3c2de2c
sapphire,oasis1qzdsfuxxs72l9tkll437sl36gqxg7ea0kvfz0gag,,
sapphire,oasis1qzdt9t03v4ltje4puxl63y9jm9x00l5uruhdd9tq,,543b1499c4f8be4882575fdc95fc49ba
sapphire,oasis1qzdux95k6fckcz3dnqj87jk2zfpkl8mj6qgt6k6z,,13d203e2d11294e3ef77d5935a44530a
sapphire,oasis1qzegdpaulv83ly7hcemgk7sn43nk8hexnsnhnt5d,,
sapphire,oasis1qzehkrh37ee5sdmpkyllkzzvfste39atevhh3lpv,,886456598363a6fe0495959ded9a8602
sapphire,oasis1qzems2y7fj0lt7yz2hh4yjcjmetrtkmwe5nyynja,,4e4e16669db6093673a699e76423eba9
sapphire,oasis1qzet77kxvy8n6ege8dr3syhep5nyj83r5v93y2gy,,
sapphire,oasis1qzezqdve6huq3tz2ryal03ydhmdhgc6vmvn44uhk,,f5126c4487e11a550105be789ff6b23b
sapphire,oasis1qzf3arsy7y58efjl0carg3lrzqr44xdujg5wn3l6,,bc1e8d05bdff88255eedc89c5e035ff3
sapphire,oasis1qzf5s8ja82w3n98gk6tmlhln929khrahqysd4dkc,,
sapphire,oasis1qzfqh2hlduvu5k6vekxmuka0k9464va6du0wp3k2,,28418f3bb8f5de8f3d68fdfdb586bc37
sapphire,oasis1qzgrw30phg5l85dmwmjkna4vj723wnq43ueghcfa,,
sapphire,oasis1qzhaj3sm7a58h3hqz5qa4k2zcfe0wc4zqccdazg0,,8a601f49b1eaca2102a725fa6c8e06dc
sapphire,oasis1qzhhp5d7pfml758zc5l6vewwf9s9hquk8cn49w6y,,dca63673d19f3b688cd2c769c51877a5
sapphire,oasis1qzhxwvks20f6fng566rzcs98t65qjnp4pgd5mnvl,,20e2560a18163778bc59bdf14a19f9fb
sapphire,oasis1qzjaywxsctukphu8u2clyad9709lncpjhqu4mc2n,,3b9967dcae2078cf84a8d8a593257ce9
sapphire,oasis1qzjqef5gn6rqeauxpe42s7ufpg7hp6vfx536mx5y,,5ea9404677692db8f3e11e7cd05dffe7
sapphire,oasis1qzjtnatecd2m8a544y5w8hhkcqq5350clcrut8az,,0fe77734abd600e916e271690648ddcb
sapphire,oasis1qzjzxah7cgjlrtmea594y03prfz79h5dnydc8frn,,0956a044a53da94e3cdb993d32283766
sapphire,oasis1qzkjqfxld6v4ewrftds82fzdl342qg0esc6427vf,,7fd70c88b9cf10ddf2f1a221ec3bb644
sapphire,oasis1qzknzpja0vu774shskku3hds4qptkxq04sj29fns,,823016cfcf8bcfbcbc8debaba9b3d490
sapphire,oasis1qzkz37ux70uew8gz7r352l2y2ewv4kxf8g2jmdzn,,e913a71fad2081367c81651976abf4c4
sapphire,oasis1qzl3760cyffduveyc3dupv3vf6g5aksskskcar7v,,cda1405b6a2069b9121fcd896be7fe9f
sapphire,oasis1qzl55m9kxwn9n9sl0m8yc79ez8xltuw8fcs3jpvd,,21f1a8418292a5f118c24a68382d32a2
sapphire,oasis1qzl5dmykzs8xdaae5dhhw69dc72eeeujgq68mc28,,00de7be1de7b86b9b27a7520afc1262d
sapphire,oasis1qzlguv4zq4x22khntyq73tckp5l2l8r65upt3kyf,,997775a3e66c2aa789d6f78124d24198
sapphire,oasis1qzm7dgh7ps4hvsqdfu9nsmtm49tz8vtrdqe4jvq7,,782c1f345ce46e83f00f1d06e04bba1a
sapphire,oasis1qzmgu9l2l83tx65dk2yxdte9murzjcgx45ren3jn,,846cb8da0ff5252ae9608608f1f265fb
sapphire,oasis1qzmhph4q2s2vk8mvupsgtkk642yz9ase7sevs3gv,,6b40eb1e4c0d81f6d0db284acbe348f9
sapphire,oasis1qzmhr2zvxkjjkud8spygyhp2x58u4m6jeqn3jeu4,,35b400db34823161942bd22f4177eac7
sapphire,oasis1qzmr3zh9gnve8s6fg0kdkefu3c2dgwvw9q82qs46,,4873684c5e22769e0d76327ee3c2de2c
sapphire,oasis1qzmwg57gw023m0lppp4ndd4clxq9f62hdvlhuptm,,a8372e77fd53d7aeac1de72420f3f90d
sapphire,oasis1qzn6gph2k3rp6gyxm9zm46gme2tgyg0d8qpg2ddd,,c0c158c179d86d0a719a615af31608f8
sapphire,oasis1qzn8tv3rxg920fvqlmcx3l8n6gk6mkzjqseccm26,,7a28d948680e32ac67d8b24c31aba873
sapphire,oasis1qzntpfl853uvz5ahc6gzzsgws84fvmjhrvahax20,,adcbf0a51c9201a410fa9ea652815167
sapphire,oasis1qzp4lu5up30y207mg2zv4k3lcncszms6wyfx3my7,,d671b8fbb43f0e057200bc84820199cd
sapphire,oasis1qzph7k6rt9nv48gmngf34m38naa4wvf4wvrvh8ez,,53f6ebca154a7152fa65ad3927f41586
sapphire,oasis1qzpn992vjkkjln3l9cl8ntw9cz0a4gjtmqhxkql5,,
sapphire,oasis1qzpyvqpw4e55wj4wjasp70w30x3kxsp4evy5dtf8,,c089ac7a8a94001056d0ad7d23d4e3c9
sapphire,oasis1qzqz0vvct5qwvgve8zcmrdukm3wc4nruwgf2ec6d,,359abfd15fb699c0780de1f5c03c68cb
sapphire,oasis1qzreact7ysnx86wlm0er53vamnjhgzhatv0f4hyd,,e7dbe3a59f8e38cf0250eadad32ee5bd
sapphire,oasis1qzrn3f4q674c4vufynn8kja3zcq8w9sslvkcvulv,,73a4c9e5cb02e63b22fec9d5e6f8b610
sapphire,oasis1qzrtztanljrvnc80hadda2p5mpyrjmc2eqdh2ert,,ccdb175e92c8888c2160b87a2ad8b403
sapphire,oasis1qzsajp79558zspu9geukelfsxs7jed02jvsw0ypw,,c18faed194d65aa1f3a90b19e9d4cc3a
sapphire,oasis1qzsx684e6qpsdykcvu6r3thh4ehk4cytdsra2u9q,,7aa67ddbe39a30e1083bfcdb2618232e
sapphire,oasis1qzt89f29730h0lkys7al22sz54j82gldxghp3wu5,,4195469f4d411e36c40049146e187688
sapphire,oasis1qztd7k79ehml2aauxdcfdgeldxwg645khy9aztqw,,
sapphire,oasis1qztgp2x3vdphwfjle9grz0ge5avgyy69hvdzytph,,90825e20a8f9c1b35ece8d3e3b0e6c34
sapphire,oasis1qztvm8w2umsumpr0gfpeekezs5g8t0xftg3gegt2,,
sapphire,oasis1qzu2xppgftcphktzhfzqtphu3ucfhpq7q5xkhy7q,,fc06225b03176d8c5996e4405ad65085
sapphire,oasis1qzu6mc397k5nh6ddzhwyv43v0ck2vrw6uvfahrxp,,4878dca84dc20072b27399e1327d221a
sapphire,oasis1qzvwrvsngfs7z8xguuq69al49fxghr32hcjwrplx,,26d7a71d8f17134d819f97a36b9d7e6c
sapphire,oasis1qzvys6j3vpe8sq7az60z3p24xtcxdxyaccjndpdt,,e5d3a391dba647cc76fc7e813909184a
sapphire,oasis1qzw0awq6vjhld20yeu9tt52r0tscay64hqcfvr74,,
sapphire,oasis1qzwlq9wvp4pdttn36m85fwqflwnufatz9gk7vak6,,7a28d948680e32ac67d8b24c31aba873
sapphire,oasis1qzxa4l29t34ekfludzgyu6ux59jdj9uwhcaklk4q,,6a299924f1af7d31984b12558e1f51db
sapphire,oasis1qzy2mx2f469ff5z0hslh7225tk2xptltgqhnd84t,,2420c28e1fa47cb25ec1e9f98795b98f
sapphire,oasis1qzy9gl58c7kr2n9wnswrjrmm2rmmfcjcusglr25z,,26d7a71d8f17134d819f97a36b9d7e6c
sapphire,oasis1qzyewxc028tyclp9wvjjkvqt965p4zejnsr7lvj7,,6116e84378fdb3b4542af18da4273b16
sapphire,oasis1qzygmvh3d2hsfchjve97yw60sh9zdrfzys5656du,,
sapphire,oasis1qzzau04jel8vg88lkp9c09lash06xf4wdqrz5pep,,
sapphire,oasis1qzzpxthvdp8vzx2n2uksvt6he3kfrvd5d5kmm36g,,cf4d858bf8ccdec34cd2710eb7d9e476
